../Core/Src/main.c:129:6:UART_RX_Start	8	static
../Core/Src/main.c:135:6:HAL_UART_RxCpltCallback	24	static
../Core/Src/main.c:151:6:UART_Send	16	static
../Core/Src/main.c:156:12:get_field	24	static
../Core/Src/main.c:170:13:wait_for_line	16	static,ignoring_inline_asm
../Core/Src/main.c:182:13:CAN_Send	56	static
../Core/Src/main.c:192:13:send_0x100	16	static
../Core/Src/main.c:202:13:send_0x101	16	static
../Core/Src/main.c:210:13:send_0x102	16	static
../Core/Src/main.c:226:13:send_0x200	16	static
../Core/Src/main.c:236:13:send_0x201	24	static
../Core/Src/main.c:247:13:process_0x108	16	static
../Core/Src/main.c:260:13:process_0x109	48	static
../Core/Src/main.c:275:13:process_0x208	16	static
../Core/Src/main.c:288:13:process_0x209	16	static
../Core/Src/main.c:305:5:main	144	static
../Core/Src/main.c:486:6:SystemClock_Config	96	static
../Core/Src/main.c:532:6:CAN_Filter_Config	48	static
../Core/Src/main.c:545:6:HAL_GPIO_EXTI_Callback	16	static
../Core/Src/main.c:551:6:HAL_CAN_RxFifo0MsgPendingCallback	56	static
../Core/Src/main.c:575:6:Error_Handler	4	static,ignoring_inline_asm
