../Core/Src/main.c:159:6:UART_RX_Start	8	static
../Core/Src/main.c:166:6:HAL_UART_RxCpltCallback	24	static
../Core/Src/main.c:194:6:UART_Send	16	static
../Core/Src/main.c:203:12:get_field	24	static
../Core/Src/main.c:221:13:wait_for_line	16	static,ignoring_inline_asm
../Core/Src/main.c:235:13:CAN_Send_Frame	56	static
../Core/Src/main.c:257:16:CAN_Wait_For_Frame	64	static
../Core/Src/main.c:290:5:main	192	static
../Core/Src/main.c:524:6:SystemClock_Config	96	static
../Core/Src/main.c:570:6:CAN_Filter_Config	48	static
../Core/Src/main.c:587:6:EV_send_parameters	64	static
../Core/Src/main.c:617:6:EV_charge_time_soc	56	static
../Core/Src/main.c:646:6:EV_charge_control	48	static
../Core/Src/main.c:676:6:HAL_GPIO_EXTI_Callback	16	static
../Core/Src/main.c:683:6:HAL_CAN_RxFifo0MsgPendingCallback	56	static
../Core/Src/main.c:710:6:traitement_msg_108	16	static
../Core/Src/main.c:739:6:traitement_msg_109	48	static
../Core/Src/main.c:769:6:EV_StateMachine	8	static
../Core/Src/main.c:852:6:Error_Handler	4	static,ignoring_inline_asm
