../Core/Src/main.c:174:6:UART_RX_Start	8	static
../Core/Src/main.c:181:6:HAL_UART_RxCpltCallback	24	static
../Core/Src/main.c:209:6:UART_Send	16	static
../Core/Src/main.c:218:12:get_field	24	static
../Core/Src/main.c:236:13:wait_for_line	24	static,ignoring_inline_asm
../Core/Src/main.c:257:13:CAN_Send_Frame	56	static
../Core/Src/main.c:279:16:CAN_Wait_For_Frame	64	static
../Core/Src/main.c:312:5:main	192	static
../Core/Src/main.c:474:6:SystemClock_Config	96	static
../Core/Src/main.c:520:6:CAN_Filter_Config	48	static
../Core/Src/main.c:538:6:HAL_GPIO_EXTI_Callback	16	static
../Core/Src/main.c:544:6:HAL_CAN_RxFifo0MsgPendingCallback	56	static
../Core/Src/main.c:571:6:send_id_108	48	static
../Core/Src/main.c:598:6:send_id_109	48	static
../Core/Src/main.c:625:6:traitement_msg_100	16	static
../Core/Src/main.c:698:6:traitement_msg_101	16	static
../Core/Src/main.c:722:6:traitement_msg_102	32	static
../Core/Src/main.c:767:6:Error_Handler	4	static,ignoring_inline_asm
