Archive member included to satisfy reference by file (symbol)

/Applications/STM32CubeIDE.app/Contents/Eclipse/plugins/com.st.stm32cube.ide.mcu.externaltools.gnu-tools-for-stm32.13.3.rel1.macos64_1.0.0.202411102158/tools/bin/../lib/gcc/arm-none-eabi/13.3.1/../../../../arm-none-eabi/lib/thumb/v7e-m+fp/hard/libc_nano.a(libc_a-atoi.o)
                              ./Core/Src/main.o (atoi)
/Applications/STM32CubeIDE.app/Contents/Eclipse/plugins/com.st.stm32cube.ide.mcu.externaltools.gnu-tools-for-stm32.13.3.rel1.macos64_1.0.0.202411102158/tools/bin/../lib/gcc/arm-none-eabi/13.3.1/../../../../arm-none-eabi/lib/thumb/v7e-m+fp/hard/libc_nano.a(libc_a-exit.o)
                              /Applications/STM32CubeIDE.app/Contents/Eclipse/plugins/com.st.stm32cube.ide.mcu.externaltools.gnu-tools-for-stm32.13.3.rel1.macos64_1.0.0.202411102158/tools/bin/../lib/gcc/arm-none-eabi/13.3.1/../../../../arm-none-eabi/lib/thumb/v7e-m+fp/hard/crt0.o (exit)
/Applications/STM32CubeIDE.app/Contents/Eclipse/plugins/com.st.stm32cube.ide.mcu.externaltools.gnu-tools-for-stm32.13.3.rel1.macos64_1.0.0.202411102158/tools/bin/../lib/gcc/arm-none-eabi/13.3.1/../../../../arm-none-eabi/lib/thumb/v7e-m+fp/hard/libc_nano.a(libc_a-sprintf.o)
                              ./Core/Src/main.o (sprintf)
/Applications/STM32CubeIDE.app/Contents/Eclipse/plugins/com.st.stm32cube.ide.mcu.externaltools.gnu-tools-for-stm32.13.3.rel1.macos64_1.0.0.202411102158/tools/bin/../lib/gcc/arm-none-eabi/13.3.1/../../../../arm-none-eabi/lib/thumb/v7e-m+fp/hard/libc_nano.a(libc_a-findfp.o)
                              /Applications/STM32CubeIDE.app/Contents/Eclipse/plugins/com.st.stm32cube.ide.mcu.externaltools.gnu-tools-for-stm32.13.3.rel1.macos64_1.0.0.202411102158/tools/bin/../lib/gcc/arm-none-eabi/13.3.1/../../../../arm-none-eabi/lib/thumb/v7e-m+fp/hard/libc_nano.a(libc_a-exit.o) (__stdio_exit_handler)
/Applications/STM32CubeIDE.app/Contents/Eclipse/plugins/com.st.stm32cube.ide.mcu.externaltools.gnu-tools-for-stm32.13.3.rel1.macos64_1.0.0.202411102158/tools/bin/../lib/gcc/arm-none-eabi/13.3.1/../../../../arm-none-eabi/lib/thumb/v7e-m+fp/hard/libc_nano.a(libc_a-strtol.o)
                              /Applications/STM32CubeIDE.app/Contents/Eclipse/plugins/com.st.stm32cube.ide.mcu.externaltools.gnu-tools-for-stm32.13.3.rel1.macos64_1.0.0.202411102158/tools/bin/../lib/gcc/arm-none-eabi/13.3.1/../../../../arm-none-eabi/lib/thumb/v7e-m+fp/hard/libc_nano.a(libc_a-atoi.o) (_strtol_r)
/Applications/STM32CubeIDE.app/Contents/Eclipse/plugins/com.st.stm32cube.ide.mcu.externaltools.gnu-tools-for-stm32.13.3.rel1.macos64_1.0.0.202411102158/tools/bin/../lib/gcc/arm-none-eabi/13.3.1/../../../../arm-none-eabi/lib/thumb/v7e-m+fp/hard/libc_nano.a(libc_a-fwalk.o)
                              /Applications/STM32CubeIDE.app/Contents/Eclipse/plugins/com.st.stm32cube.ide.mcu.externaltools.gnu-tools-for-stm32.13.3.rel1.macos64_1.0.0.202411102158/tools/bin/../lib/gcc/arm-none-eabi/13.3.1/../../../../arm-none-eabi/lib/thumb/v7e-m+fp/hard/libc_nano.a(libc_a-findfp.o) (_fwalk_sglue)
/Applications/STM32CubeIDE.app/Contents/Eclipse/plugins/com.st.stm32cube.ide.mcu.externaltools.gnu-tools-for-stm32.13.3.rel1.macos64_1.0.0.202411102158/tools/bin/../lib/gcc/arm-none-eabi/13.3.1/../../../../arm-none-eabi/lib/thumb/v7e-m+fp/hard/libc_nano.a(libc_a-memset.o)
                              /Applications/STM32CubeIDE.app/Contents/Eclipse/plugins/com.st.stm32cube.ide.mcu.externaltools.gnu-tools-for-stm32.13.3.rel1.macos64_1.0.0.202411102158/tools/bin/../lib/gcc/arm-none-eabi/13.3.1/../../../../arm-none-eabi/lib/thumb/v7e-m+fp/hard/crt0.o (memset)
/Applications/STM32CubeIDE.app/Contents/Eclipse/plugins/com.st.stm32cube.ide.mcu.externaltools.gnu-tools-for-stm32.13.3.rel1.macos64_1.0.0.202411102158/tools/bin/../lib/gcc/arm-none-eabi/13.3.1/../../../../arm-none-eabi/lib/thumb/v7e-m+fp/hard/libc_nano.a(libc_a-strchr.o)
                              ./Core/Src/main.o (strchr)
/Applications/STM32CubeIDE.app/Contents/Eclipse/plugins/com.st.stm32cube.ide.mcu.externaltools.gnu-tools-for-stm32.13.3.rel1.macos64_1.0.0.202411102158/tools/bin/../lib/gcc/arm-none-eabi/13.3.1/../../../../arm-none-eabi/lib/thumb/v7e-m+fp/hard/libc_nano.a(libc_a-strncmp.o)
                              ./Core/Src/main.o (strncmp)
/Applications/STM32CubeIDE.app/Contents/Eclipse/plugins/com.st.stm32cube.ide.mcu.externaltools.gnu-tools-for-stm32.13.3.rel1.macos64_1.0.0.202411102158/tools/bin/../lib/gcc/arm-none-eabi/13.3.1/../../../../arm-none-eabi/lib/thumb/v7e-m+fp/hard/libc_nano.a(libc_a-strncpy.o)
                              ./Core/Src/main.o (strncpy)
/Applications/STM32CubeIDE.app/Contents/Eclipse/plugins/com.st.stm32cube.ide.mcu.externaltools.gnu-tools-for-stm32.13.3.rel1.macos64_1.0.0.202411102158/tools/bin/../lib/gcc/arm-none-eabi/13.3.1/../../../../arm-none-eabi/lib/thumb/v7e-m+fp/hard/libc_nano.a(libc_a-errno.o)
                              ./Core/Src/syscalls.o (__errno)
[...]
Memory Configuration

Name             Origin             Length             Attributes
RAM              0x20000000         0x00018000         xrw
RAM2             0x10000000         0x00008000         xrw
FLASH            0x08000000         0x00100000         xr
*default*        0x00000000         0xffffffff

Linker script and memory map

LOAD /Applications/STM32CubeIDE.app/Contents/Eclipse/plugins/com.st.stm32cube.ide.mcu.externaltools.gnu-tools-for-stm32.13.3.rel1.macos64_1.0.0.202411102158/tools/bin/../lib/gcc/arm-none-eabi/13.3.1/thumb/v7e-m+fp/hard/crti.o
LOAD /Applications/STM32CubeIDE.app/Contents/Eclipse/plugins/com.st.stm32cube.ide.mcu.externaltools.gnu-tools-for-stm32.13.3.rel1.macos64_1.0.0.202411102158/tools/bin/../lib/gcc/arm-none-eabi/13.3.1/thumb/v7e-m+fp/hard/crtbegin.o
LOAD /Applications/STM32CubeIDE.app/Contents/Eclipse/plugins/com.st.stm32cube.ide.mcu.externaltools.gnu-tools-for-stm32.13.3.rel1.macos64_1.0.0.202411102158/tools/bin/../lib/gcc/arm-none-eabi/13.3.1/../../../../arm-none-eabi/lib/thumb/v7e-m+fp/hard/crt0.o
LOAD ./Core/Src/can.o
LOAD ./Core/Src/gpio.o
LOAD ./Core/Src/main.o
LOAD ./Core/Src/stm32l4xx_hal_msp.o
LOAD ./Core/Src/stm32l4xx_it.o
LOAD ./Core/Src/syscalls.o
LOAD ./Core/Src/sysmem.o
LOAD ./Core/Src/system_stm32l4xx.o
LOAD ./Core/Src/usart.o
LOAD ./Core/Startup/startup_stm32l476rgtx.o
LOAD ./Drivers/STM32L4xx_HAL_Driver/Src/stm32l4xx_hal.o
LOAD ./Drivers/STM32L4xx_HAL_Driver/Src/stm32l4xx_hal_can.o
LOAD ./Drivers/STM32L4xx_HAL_Driver/Src/stm32l4xx_hal_cortex.o
LOAD ./Drivers/STM32L4xx_HAL_Driver/Src/stm32l4xx_hal_dma.o
LOAD ./Drivers/STM32L4xx_HAL_Driver/Src/stm32l4xx_hal_dma_ex.o
LOAD ./Drivers/STM32L4xx_HAL_Driver/Src/stm32l4xx_hal_exti.o
LOAD ./Drivers/STM32L4xx_HAL_Driver/Src/stm32l4xx_hal_flash.o
LOAD ./Drivers/STM32L4xx_HAL_Driver/Src/stm32l4xx_hal_flash_ex.o
LOAD ./Drivers/STM32L4xx_HAL_Driver/Src/stm32l4xx_hal_flash_ramfunc.o
LOAD ./Drivers/STM32L4xx_HAL_Driver/Src/stm32l4xx_hal_gpio.o
LOAD ./Drivers/STM32L4xx_HAL_Driver/Src/stm32l4xx_hal_i2c.o
LOAD ./Drivers/STM32L4xx_HAL_Driver/Src/stm32l4xx_hal_i2c_ex.o
LOAD ./Drivers/STM32L4xx_HAL_Driver/Src/stm32l4xx_hal_pwr.o
LOAD ./Drivers/STM32L4xx_HAL_Driver/Src/stm32l4xx_hal_pwr_ex.o
LOAD ./Drivers/STM32L4xx_HAL_Driver/Src/stm32l4xx_hal_rcc.o
LOAD ./Drivers/STM32L4xx_HAL_Driver/Src/stm32l4xx_hal_rcc_ex.o
LOAD ./Drivers/STM32L4xx_HAL_Driver/Src/stm32l4xx_hal_uart.o
LOAD ./Drivers/STM32L4xx_HAL_Driver/Src/stm32l4xx_hal_uart_ex.o
START GROUP
LOAD /Applications/STM32CubeIDE.app/Contents/Eclipse/plugins/com.st.stm32cube.ide.mcu.externaltools.gnu-tools-for-stm32.13.3.rel1.macos64_1.0.0.202411102158/tools/bin/../lib/gcc/arm-none-eabi/13.3.1/../../../../arm-none-eabi/lib/thumb/v7e-m+fp/hard/libc_nano.a
LOAD /Applications/STM32CubeIDE.app/Contents/Eclipse/plugins/com.st.stm32cube.ide.mcu.externaltools.gnu-tools-for-stm32.13.3.rel1.macos64_1.0.0.202411102158/tools/bin/../lib/gcc/arm-none-eabi/13.3.1/../../../../arm-none-eabi/lib/thumb/v7e-m+fp/hard/libm.a
END GROUP
START GROUP
LOAD /Applications/STM32CubeIDE.app/Contents/Eclipse/plugins/com.st.stm32cube.ide.mcu.externaltools.gnu-tools-for-stm32.13.3.rel1.macos64_1.0.0.202411102158/tools/bin/../lib/gcc/arm-none-eabi/13.3.1/thumb/v7e-m+fp/hard/libgcc.a
LOAD /Applications/STM32CubeIDE.app/Contents/Eclipse/plugins/com.st.stm32cube.ide.mcu.externaltools.gnu-tools-for-stm32.13.3.rel1.macos64_1.0.0.202411102158/tools/bin/../lib/gcc/arm-none-eabi/13.3.1/../../../../arm-none-eabi/lib/thumb/v7e-m+fp/hard/libc_nano.a
END GROUP
START GROUP
LOAD /Applications/STM32CubeIDE.app/Contents/Eclipse/plugins/com.st.stm32cube.ide.mcu.externaltools.gnu-tools-for-stm32.13.3.rel1.macos64_1.0.0.202411102158/tools/bin/../lib/gcc/arm-none-eabi/13.3.1/thumb/v7e-m+fp/hard/libgcc.a
LOAD /Applications/STM32CubeIDE.app/Contents/Eclipse/plugins/com.st.stm32cube.ide.mcu.externaltools.gnu-tools-for-stm32.13.3.rel1.macos64_1.0.0.202411102158/tools/bin/../lib/gcc/arm-none-eabi/13.3.1/../../../../arm-none-eabi/lib/thumb/v7e-m+fp/hard/libc_nano.a
LOAD /Applications/STM32CubeIDE.app/Contents/Eclipse/plugins/com.st.stm32cube.ide.mcu.externaltools.gnu-tools-for-stm32.13.3.rel1.macos64_1.0.0.202411102158/tools/bin/../lib/gcc/arm-none-eabi/13.3.1/../../../../arm-none-eabi/lib/thumb/v7e-m+fp/hard/libnosys.a
END GROUP
START GROUP
LOAD /Applications/STM32CubeIDE.app/Contents/Eclipse/plugins/com.st.stm32cube.ide.mcu.externaltools.gnu-tools-for-stm32.13.3.rel1.macos64_1.0.0.202411102158/tools/bin/../lib/gcc/arm-none-eabi/13.3.1/thumb/v7e-m+fp/hard/libgcc.a
LOAD /Applications/STM32CubeIDE.app/Contents/Eclipse/plugins/com.st.stm32cube.ide.mcu.externaltools.gnu-tools-for-stm32.13.3.rel1.macos64_1.0.0.202411102158/tools/bin/../lib/gcc/arm-none-eabi/13.3.1/../../../../arm-none-eabi/lib/thumb/v7e-m+fp/hard/libc_nano.a
LOAD /Applications/STM32CubeIDE.app/Contents/Eclipse/plugins/com.st.stm32cube.ide.mcu.externaltools.gnu-tools-for-stm32.13.3.rel1.macos64_1.0.0.202411102158/tools/bin/../lib/gcc/arm-none-eabi/13.3.1/../../../../arm-none-eabi/lib/thumb/v7e-m+fp/hard/libnosys.a
END GROUP
LOAD /Applications/STM32CubeIDE.app/Contents/Eclipse/plugins/com.st.stm32cube.ide.mcu.externaltools.gnu-tools-for-stm32.13.3.rel1.macos64_1.0.0.202411102158/tools/bin/../lib/gcc/arm-none-eabi/13.3.1/thumb/v7e-m+fp/hard/crtend.o
LOAD /Applications/STM32CubeIDE.app/Contents/Eclipse/plugins/com.st.stm32cube.ide.mcu.externaltools.gnu-tools-for-stm32.13.3.rel1.macos64_1.0.0.202411102158/tools/bin/../lib/gcc/arm-none-eabi/13.3.1/thumb/v7e-m+fp/hard/crtn.o
                0x20018000                        _estack = (ORIGIN (RAM) + LENGTH (RAM))
                0x00000200                        _Min_Heap_Size = 0x200
                0x00000400                        _Min_Stack_Size = 0x400

.isr_vector     0x08000000      0x188
                0x08000000                        . = ALIGN (0x4)
 *(.isr_vector)
 .isr_vector    0x08000000      0x188 ./Core/Startup/startup_stm32l476rgtx.o
                0x08000000                g_pfnVectors
                0x08000188                        . = ALIGN (0x4)

.text           0x08000190     0x6274
                0x08000190                        . = ALIGN (0x4)
 *(.text)
 .text          0x08000190       0x40 /Applications/STM32CubeIDE.app/Contents/Eclipse/plugins/com.st.stm32cube.ide.mcu.externaltools.gnu-tools-for-stm32.13.3.rel1.macos64_1.0.0.202411102158/tools/bin/../lib/gcc/arm-none-eabi/13.3.1/thumb/v7e-m+fp/hard/crtbegin.o
 .text          0x080001d0       0x10 /Applications/STM32CubeIDE.app/Contents/Eclipse/plugins/com.st.stm32cube.ide.mcu.externaltools.gnu-tools-for-stm32.13.3.rel1.macos64_1.0.0.202411102158/tools/bin/../lib/gcc/arm-none-eabi/13.3.1/../../../../arm-none-eabi/lib/thumb/v7e-m+fp/hard/libc_nano.a(libc_a-strlen.o)
                0x080001d0                strlen
 .text          0x080001e0       0xa0 /Applications/STM32CubeIDE.app/Contents/Eclipse/plugins/com.st.stm32cube.ide.mcu.externaltools.gnu-tools-for-stm32.13.3.rel1.macos64_1.0.0.202411102158/tools/bin/../lib/gcc/arm-none-eabi/13.3.1/../../../../arm-none-eabi/lib/thumb/v7e-m+fp/hard/libc_nano.a(libc_a-memchr.o)
                0x080001e0                memchr
 .text          0x08000280       0x30 /Applications/STM32CubeIDE.app/Contents/Eclipse/plugins/com.st.stm32cube.ide.mcu.externaltools.gnu-tools-for-stm32.13.3.rel1.macos64_1.0.0.202411102158/tools/bin/../lib/gcc/arm-none-eabi/13.3.1/thumb/v7e-m+fp/hard/libgcc.a(_aeabi_uldivmod.o)
                0x08000280                __aeabi_uldivmod
 .text          0x080002b0      0x2f8 /Applications/STM32CubeIDE.app/Contents/Eclipse/plugins/com.st.stm32cube.ide.mcu.externaltools.gnu-tools-for-stm32.13.3.rel1.macos64_1.0.0.202411102158/tools/bin/../lib/gcc/arm-none-eabi/13.3.1/thumb/v7e-m+fp/hard/libgcc.a(_udivmoddi4.o)
                0x080002b0                __udivmoddi4
 .text          0x080005a8        0x4 /Applications/STM32CubeIDE.app/Contents/Eclipse/plugins/com.st.stm32cube.ide.mcu.externaltools.gnu-tools-for-stm32.13.3.rel1.macos64_1.0.0.202411102158/tools/bin/../lib/gcc/arm-none-eabi/13.3.1/thumb/v7e-m+fp/hard/libgcc.a(_dvmd_tls.o)
                0x080005a8                __aeabi_ldiv0
                0x080005a8                __aeabi_idiv0
 *(.text*)
 .text.MX_CAN1_Init
                0x080005ac       0x6c ./Core/Src/can.o
                0x080005ac                MX_CAN1_Init
 .text.HAL_CAN_MspInit
                0x08000618       0xb8 ./Core/Src/can.o
                0x08000618                HAL_CAN_MspInit
 .text.MX_GPIO_Init
                0x080006d0       0xcc ./Core/Src/gpio.o
                0x080006d0                MX_GPIO_Init
 .text.UART_RX_Start
                0x0800079c       0x30 ./Core/Src/main.o
                0x0800079c                UART_RX_Start
 .text.HAL_UART_RxCpltCallback
                0x080007cc       0xb8 ./Core/Src/main.o
                0x080007cc                HAL_UART_RxCpltCallback
 .text.UART_Send
                0x08000884       0x28 ./Core/Src/main.o
                0x08000884                UART_Send
 .text.get_field
                0x080008ac       0x62 ./Core/Src/main.o
 *fill*         0x0800090e        0x2 
 .text.wait_for_line
                0x08000910       0x7c ./Core/Src/main.o
 .text.CAN_Send_Frame
                0x0800098c       0x54 ./Core/Src/main.o
 .text.main     0x080009e0      0x2f8 ./Core/Src/main.o
                0x080009e0                main
 .text.SystemClock_Config
                0x08000cd8       0xa2 ./Core/Src/main.o
                0x08000cd8                SystemClock_Config
 *fill*         0x08000d7a        0x2 
 .text.CAN_Filter_Config
                0x08000d7c       0x40 ./Core/Src/main.o
                0x08000d7c                CAN_Filter_Config
 .text.HAL_CAN_RxFifo0MsgPendingCallback
                0x08000dbc       0xa0 ./Core/Src/main.o
                0x08000dbc                HAL_CAN_RxFifo0MsgPendingCallback
 .text.send_id_108
                0x08000e5c       0x84 ./Core/Src/main.o
                0x08000e5c                send_id_108
 .text.send_id_109
                0x08000ee0       0xd8 ./Core/Src/main.o
                0x08000ee0                send_id_109
 .text.traitement_msg_100
                0x08000fb8      0x178 ./Core/Src/main.o
                0x08000fb8                traitement_msg_100
 .text.traitement_msg_101
                0x08001130       0x90 ./Core/Src/main.o
                0x08001130                traitement_msg_101
 .text.traitement_msg_102
                0x080011c0      0x198 ./Core/Src/main.o
                0x080011c0                traitement_msg_102
 .text.Error_Handler
                0x08001358        0xc ./Core/Src/main.o
                0x08001358                Error_Handler
 .text.HAL_MspInit
                0x08001364       0x48 ./Core/Src/stm32l4xx_hal_msp.o
                0x08001364                HAL_MspInit
 .text.NMI_Handler
                0x080013ac        0x8 ./Core/Src/stm32l4xx_it.o
                0x080013ac                NMI_Handler
 .text.HardFault_Handler
                0x080013b4        0x8 ./Core/Src/stm32l4xx_it.o
                0x080013b4                HardFault_Handler
 .text.MemManage_Handler
                0x080013bc        0x8 ./Core/Src/stm32l4xx_it.o
                0x080013bc                MemManage_Handler
 .text.BusFault_Handler
                0x080013c4        0x8 ./Core/Src/stm32l4xx_it.o
                0x080013c4                BusFault_Handler
 .text.UsageFault_Handler
                0x080013cc        0x8 ./Core/Src/stm32l4xx_it.o
                0x080013cc                UsageFault_Handler
 .text.SVC_Handler
                0x080013d4        0xe ./Core/Src/stm32l4xx_it.o
                0x080013d4                SVC_Handler
 .text.DebugMon_Handler
                0x080013e2        0xe ./Core/Src/stm32l4xx_it.o
                0x080013e2                DebugMon_Handler
 .text.PendSV_Handler
                0x080013f0        0xe ./Core/Src/stm32l4xx_it.o
                0x080013f0                PendSV_Handler
 .text.SysTick_Handler
                0x080013fe        0xc ./Core/Src/stm32l4xx_it.o
                0x080013fe                SysTick_Handler
 *fill*         0x0800140a        0x2 
 .text.CAN1_RX0_IRQHandler
                0x0800140c       0x14 ./Core/Src/stm32l4xx_it.o
                0x0800140c                CAN1_RX0_IRQHandler
 .text.CAN1_RX1_IRQHandler
                0x08001420       0x14 ./Core/Src/stm32l4xx_it.o
                0x08001420                CAN1_RX1_IRQHandler
 .text.CAN1_SCE_IRQHandler
                0x08001434       0x14 ./Core/Src/stm32l4xx_it.o
                0x08001434                CAN1_SCE_IRQHandler
 .text.USART2_IRQHandler
                0x08001448       0x14 ./Core/Src/stm32l4xx_it.o
                0x08001448                USART2_IRQHandler
 .text._sbrk    0x0800145c       0x6c ./Core/Src/sysmem.o
                0x0800145c                _sbrk
 .text.SystemInit
                0x080014c8       0x24 ./Core/Src/system_stm32l4xx.o
                0x080014c8                SystemInit
 .text.MX_USART2_UART_Init
                0x080014ec       0x60 ./Core/Src/usart.o
                0x080014ec                MX_USART2_UART_Init
 .text.HAL_UART_MspInit
                0x0800154c       0xc8 ./Core/Src/usart.o
                0x0800154c                HAL_UART_MspInit
 .text.Reset_Handler
                0x08001614       0x50 ./Core/Startup/startup_stm32l476rgtx.o
                0x08001614                Reset_Handler
 .text.Default_Handler
                0x08001664        0x2 ./Core/Startup/startup_stm32l476rgtx.o
                0x08001664                TIM1_BRK_TIM15_IRQHandler
                0x08001664                EXTI2_IRQHandler
                0x08001664                TIM8_TRG_COM_IRQHandler
                0x08001664                TIM8_CC_IRQHandler
                0x08001664                TIM1_CC_IRQHandler
                0x08001664                TSC_IRQHandler
                0x08001664                TAMP_STAMP_IRQHandler
                0x08001664                EXTI3_IRQHandler
                0x08001664                LPTIM2_IRQHandler
                0x08001664                DFSDM1_FLT1_IRQHandler
                0x08001664                I2C3_ER_IRQHandler
                0x08001664                DFSDM1_FLT2_IRQHandler
                0x08001664                EXTI0_IRQHandler
                0x08001664                I2C2_EV_IRQHandler
                0x08001664                FPU_IRQHandler
                0x08001664                TIM1_UP_TIM16_IRQHandler
                0x08001664                ADC1_2_IRQHandler
                0x08001664                SPI1_IRQHandler
                0x08001664                TIM6_DAC_IRQHandler
                0x08001664                TIM8_UP_IRQHandler
                0x08001664                DMA2_Channel2_IRQHandler
                0x08001664                DMA1_Channel4_IRQHandler
                0x08001664                SAI2_IRQHandler
                0x08001664                DFSDM1_FLT3_IRQHandler
                0x08001664                USART3_IRQHandler
                0x08001664                DMA1_Channel7_IRQHandler
                0x08001664                LCD_IRQHandler
                0x08001664                UART5_IRQHandler
                0x08001664                ADC3_IRQHandler
                0x08001664                TIM4_IRQHandler
                0x08001664                DMA2_Channel1_IRQHandler
                0x08001664                QUADSPI_IRQHandler
                0x08001664                I2C1_EV_IRQHandler
                0x08001664                DMA1_Channel6_IRQHandler
                0x08001664                UART4_IRQHandler
                0x08001664                DMA2_Channel4_IRQHandler
                0x08001664                TIM3_IRQHandler
                0x08001664                RCC_IRQHandler
                0x08001664                DMA1_Channel1_IRQHandler
                0x08001664                Default_Handler
                0x08001664                DMA2_Channel7_IRQHandler
                0x08001664                EXTI15_10_IRQHandler
                0x08001664                TIM7_IRQHandler
                0x08001664                SDMMC1_IRQHandler
                0x08001664                TIM5_IRQHandler
                0x08001664                I2C3_EV_IRQHandler
                0x08001664                EXTI9_5_IRQHandler
                0x08001664                RTC_WKUP_IRQHandler
                0x08001664                PVD_PVM_IRQHandler
                0x08001664                SPI2_IRQHandler
                0x08001664                CAN1_TX_IRQHandler
                0x08001664                DMA2_Channel5_IRQHandler
                0x08001664                DMA1_Channel5_IRQHandler
                0x08001664                EXTI4_IRQHandler
                0x08001664                RNG_IRQHandler
                0x08001664                TIM1_TRG_COM_TIM17_IRQHandler
                0x08001664                DMA1_Channel3_IRQHandler
                0x08001664                COMP_IRQHandler
                0x08001664                WWDG_IRQHandler
                0x08001664                LPUART1_IRQHandler
                0x08001664                DMA2_Channel6_IRQHandler
                0x08001664                TIM2_IRQHandler
                0x08001664                EXTI1_IRQHandler
                0x08001664                DFSDM1_FLT0_IRQHandler
                0x08001664                I2C2_ER_IRQHandler
                0x08001664                DMA1_Channel2_IRQHandler
                0x08001664                TIM8_BRK_IRQHandler
                0x08001664                FLASH_IRQHandler
                0x08001664                USART1_IRQHandler
                0x08001664                OTG_FS_IRQHandler
                0x08001664                SPI3_IRQHandler
                0x08001664                I2C1_ER_IRQHandler
                0x08001664                FMC_IRQHandler
                0x08001664                SWPMI1_IRQHandler
                0x08001664                LPTIM1_IRQHandler
                0x08001664                SAI1_IRQHandler
                0x08001664                DMA2_Channel3_IRQHandler
                0x08001664                RTC_Alarm_IRQHandler
 *fill*         0x08001666        0x2 
 .text.HAL_Init
                0x08001668       0x40 ./Drivers/STM32L4xx_HAL_Driver/Src/stm32l4xx_hal.o
                0x08001668                HAL_Init
 .text.HAL_InitTick
                0x080016a8       0x78 ./Drivers/STM32L4xx_HAL_Driver/Src/stm32l4xx_hal.o
                0x080016a8                HAL_InitTick
 .text.HAL_IncTick
                0x08001720       0x28 ./Drivers/STM32L4xx_HAL_Driver/Src/stm32l4xx_hal.o
                0x08001720                HAL_IncTick
 .text.HAL_GetTick
                0x08001748       0x18 ./Drivers/STM32L4xx_HAL_Driver/Src/stm32l4xx_hal.o
                0x08001748                HAL_GetTick
 .text.HAL_Delay
                0x08001760       0x48 ./Drivers/STM32L4xx_HAL_Driver/Src/stm32l4xx_hal.o
                0x08001760                HAL_Delay
 .text.HAL_CAN_Init
                0x080017a8      0x1f6 ./Drivers/STM32L4xx_HAL_Driver/Src/stm32l4xx_hal_can.o
                0x080017a8                HAL_CAN_Init
 .text.HAL_CAN_ConfigFilter
                0x0800199e      0x194 ./Drivers/STM32L4xx_HAL_Driver/Src/stm32l4xx_hal_can.o
                0x0800199e                HAL_CAN_ConfigFilter
 .text.HAL_CAN_Start
                0x08001b32       0x88 ./Drivers/STM32L4xx_HAL_Driver/Src/stm32l4xx_hal_can.o
                0x08001b32                HAL_CAN_Start
 .text.HAL_CAN_AddTxMessage
                0x08001bba      0x1a0 ./Drivers/STM32L4xx_HAL_Driver/Src/stm32l4xx_hal_can.o
                0x08001bba                HAL_CAN_AddTxMessage
 .text.HAL_CAN_GetRxMessage
                0x08001d5a      0x244 ./Drivers/STM32L4xx_HAL_Driver/Src/stm32l4xx_hal_can.o
                0x08001d5a                HAL_CAN_GetRxMessage
 .text.HAL_CAN_ActivateNotification
                0x08001f9e       0x4c ./Drivers/STM32L4xx_HAL_Driver/Src/stm32l4xx_hal_can.o
                0x08001f9e                HAL_CAN_ActivateNotification
 .text.HAL_CAN_IRQHandler
                0x08001fea      0x36e ./Drivers/STM32L4xx_HAL_Driver/Src/stm32l4xx_hal_can.o
                0x08001fea                HAL_CAN_IRQHandler
 .text.HAL_CAN_TxMailbox0CompleteCallback
                0x08002358       0x14 ./Drivers/STM32L4xx_HAL_Driver/Src/stm32l4xx_hal_can.o
                0x08002358                HAL_CAN_TxMailbox0CompleteCallback
 .text.HAL_CAN_TxMailbox1CompleteCallback
                0x0800236c       0x14 ./Drivers/STM32L4xx_HAL_Driver/Src/stm32l4xx_hal_can.o
                0x0800236c                HAL_CAN_TxMailbox1CompleteCallback
 .text.HAL_CAN_TxMailbox2CompleteCallback
                0x08002380       0x14 ./Drivers/STM32L4xx_HAL_Driver/Src/stm32l4xx_hal_can.o
                0x08002380                HAL_CAN_TxMailbox2CompleteCallback
 .text.HAL_CAN_TxMailbox0AbortCallback
                0x08002394       0x14 ./Drivers/STM32L4xx_HAL_Driver/Src/stm32l4xx_hal_can.o
                0x08002394                HAL_CAN_TxMailbox0AbortCallback
 .text.HAL_CAN_TxMailbox1AbortCallback
                0x080023a8       0x14 ./Drivers/STM32L4xx_HAL_Driver/Src/stm32l4xx_hal_can.o
                0x080023a8                HAL_CAN_TxMailbox1AbortCallback
 .text.HAL_CAN_TxMailbox2AbortCallback
                0x080023bc       0x14 ./Drivers/STM32L4xx_HAL_Driver/Src/stm32l4xx_hal_can.o
                0x080023bc                HAL_CAN_TxMailbox2AbortCallback
 .text.HAL_CAN_RxFifo0FullCallback
                0x080023d0       0x14 ./Drivers/STM32L4xx_HAL_Driver/Src/stm32l4xx_hal_can.o
                0x080023d0                HAL_CAN_RxFifo0FullCallback
 .text.HAL_CAN_RxFifo1MsgPendingCallback
                0x080023e4       0x14 ./Drivers/STM32L4xx_HAL_Driver/Src/stm32l4xx_hal_can.o
                0x080023e4                HAL_CAN_RxFifo1MsgPendingCallback
 .text.HAL_CAN_RxFifo1FullCallback
                0x080023f8       0x14 ./Drivers/STM32L4xx_HAL_Driver/Src/stm32l4xx_hal_can.o
                0x080023f8                HAL_CAN_RxFifo1FullCallback
 .text.HAL_CAN_SleepCallback
                0x0800240c       0x14 ./Drivers/STM32L4xx_HAL_Driver/Src/stm32l4xx_hal_can.o
                0x0800240c                HAL_CAN_SleepCallback
 .text.HAL_CAN_WakeUpFromRxMsgCallback
                0x08002420       0x14 ./Drivers/STM32L4xx_HAL_Driver/Src/stm32l4xx_hal_can.o
                0x08002420                HAL_CAN_WakeUpFromRxMsgCallback
 .text.HAL_CAN_ErrorCallback
                0x08002434       0x14 ./Drivers/STM32L4xx_HAL_Driver/Src/stm32l4xx_hal_can.o
                0x08002434                HAL_CAN_ErrorCallback
 .text.__NVIC_SetPriorityGrouping
                0x08002448       0x48 ./Drivers/STM32L4xx_HAL_Driver/Src/stm32l4xx_hal_cortex.o
 .text.__NVIC_GetPriorityGrouping
                0x08002490       0x1c ./Drivers/STM32L4xx_HAL_Driver/Src/stm32l4xx_hal_cortex.o
 .text.__NVIC_EnableIRQ
                0x080024ac       0x3c ./Drivers/STM32L4xx_HAL_Driver/Src/stm32l4xx_hal_cortex.o
 .text.__NVIC_SetPriority
                0x080024e8       0x54 ./Drivers/STM32L4xx_HAL_Driver/Src/stm32l4xx_hal_cortex.o
 .text.NVIC_EncodePriority
                0x0800253c       0x66 ./Drivers/STM32L4xx_HAL_Driver/Src/stm32l4xx_hal_cortex.o
 *fill*         0x080025a2        0x2 
 .text.__NVIC_SystemReset
                0x080025a4       0x2c ./Drivers/STM32L4xx_HAL_Driver/Src/stm32l4xx_hal_cortex.o
 .text.SysTick_Config
                0x080025d0       0x44 ./Drivers/STM32L4xx_HAL_Driver/Src/stm32l4xx_hal_cortex.o
 .text.HAL_NVIC_SetPriorityGrouping
                0x08002614       0x16 ./Drivers/STM32L4xx_HAL_Driver/Src/stm32l4xx_hal_cortex.o
                0x08002614                HAL_NVIC_SetPriorityGrouping
 .text.HAL_NVIC_SetPriority
                0x0800262a       0x38 ./Drivers/STM32L4xx_HAL_Driver/Src/stm32l4xx_hal_cortex.o
                0x0800262a                HAL_NVIC_SetPriority
 .text.HAL_NVIC_EnableIRQ
                0x08002662       0x1c ./Drivers/STM32L4xx_HAL_Driver/Src/stm32l4xx_hal_cortex.o
                0x08002662                HAL_NVIC_EnableIRQ
 .text.HAL_NVIC_SystemReset
                0x0800267e        0x8 ./Drivers/STM32L4xx_HAL_Driver/Src/stm32l4xx_hal_cortex.o
                0x0800267e                HAL_NVIC_SystemReset
 .text.HAL_SYSTICK_Config
                0x08002686       0x18 ./Drivers/STM32L4xx_HAL_Driver/Src/stm32l4xx_hal_cortex.o
                0x08002686                HAL_SYSTICK_Config
 .text.HAL_DMA_Abort
                0x0800269e       0x82 ./Drivers/STM32L4xx_HAL_Driver/Src/stm32l4xx_hal_dma.o
                0x0800269e                HAL_DMA_Abort
 .text.HAL_DMA_Abort_IT
                0x08002720       0x82 ./Drivers/STM32L4xx_HAL_Driver/Src/stm32l4xx_hal_dma.o
                0x08002720                HAL_DMA_Abort_IT
 *fill*         0x080027a2        0x2 
 .text.HAL_GPIO_Init
                0x080027a4      0x354 ./Drivers/STM32L4xx_HAL_Driver/Src/stm32l4xx_hal_gpio.o
                0x080027a4                HAL_GPIO_Init
 .text.HAL_GPIO_WritePin
                0x08002af8       0x30 ./Drivers/STM32L4xx_HAL_Driver/Src/stm32l4xx_hal_gpio.o
                0x08002af8                HAL_GPIO_WritePin
 .text.HAL_PWREx_GetVoltageRange
                0x08002b28       0x1c ./Drivers/STM32L4xx_HAL_Driver/Src/stm32l4xx_hal_pwr_ex.o
                0x08002b28                HAL_PWREx_GetVoltageRange
 .text.HAL_PWREx_ControlVoltageScaling
                0x08002b44       0xac ./Drivers/STM32L4xx_HAL_Driver/Src/stm32l4xx_hal_pwr_ex.o
                0x08002b44                HAL_PWREx_ControlVoltageScaling
 .text.HAL_RCC_OscConfig
                0x08002bf0      0x7b8 ./Drivers/STM32L4xx_HAL_Driver/Src/stm32l4xx_hal_rcc.o
                0x08002bf0                HAL_RCC_OscConfig
 .text.HAL_RCC_ClockConfig
                0x080033a8      0x200 ./Drivers/STM32L4xx_HAL_Driver/Src/stm32l4xx_hal_rcc.o
                0x080033a8                HAL_RCC_ClockConfig
 .text.HAL_RCC_GetSysClockFreq
                0x080035a8      0x118 ./Drivers/STM32L4xx_HAL_Driver/Src/stm32l4xx_hal_rcc.o
                0x080035a8                HAL_RCC_GetSysClockFreq
 .text.HAL_RCC_GetHCLKFreq
                0x080036c0       0x18 ./Drivers/STM32L4xx_HAL_Driver/Src/stm32l4xx_hal_rcc.o
                0x080036c0                HAL_RCC_GetHCLKFreq
 .text.HAL_RCC_GetPCLK1Freq
                0x080036d8       0x2c ./Drivers/STM32L4xx_HAL_Driver/Src/stm32l4xx_hal_rcc.o
                0x080036d8                HAL_RCC_GetPCLK1Freq
 .text.HAL_RCC_GetPCLK2Freq
                0x08003704       0x2c ./Drivers/STM32L4xx_HAL_Driver/Src/stm32l4xx_hal_rcc.o
                0x08003704                HAL_RCC_GetPCLK2Freq
 .text.RCC_SetFlashLatencyFromMSIRange
                0x08003730       0xc0 ./Drivers/STM32L4xx_HAL_Driver/Src/stm32l4xx_hal_rcc.o
 .text.HAL_RCCEx_PeriphCLKConfig
                0x080037f0      0x5d4 ./Drivers/STM32L4xx_HAL_Driver/Src/stm32l4xx_hal_rcc_ex.o
                0x080037f0                HAL_RCCEx_PeriphCLKConfig
 .text.RCCEx_PLLSAI1_Config
                0x08003dc4      0x1e8 ./Drivers/STM32L4xx_HAL_Driver/Src/stm32l4xx_hal_rcc_ex.o
 .text.RCCEx_PLLSAI2_Config
                0x08003fac      0x1bc ./Drivers/STM32L4xx_HAL_Driver/Src/stm32l4xx_hal_rcc_ex.o
 .text.HAL_UART_Init
                0x08004168       0x9c ./Drivers/STM32L4xx_HAL_Driver/Src/stm32l4xx_hal_uart.o
                0x08004168                HAL_UART_Init
 .text.HAL_UART_Transmit
                0x08004204      0x126 ./Drivers/STM32L4xx_HAL_Driver/Src/stm32l4xx_hal_uart.o
                0x08004204                HAL_UART_Transmit
 *fill*         0x0800432a        0x2 
 .text.HAL_UART_Receive_IT
                0x0800432c       0x98 ./Drivers/STM32L4xx_HAL_Driver/Src/stm32l4xx_hal_uart.o
                0x0800432c                HAL_UART_Receive_IT
 .text.HAL_UART_IRQHandler
                0x080043c4      0x60c ./Drivers/STM32L4xx_HAL_Driver/Src/stm32l4xx_hal_uart.o
                0x080043c4                HAL_UART_IRQHandler
 .text.HAL_UART_TxCpltCallback
                0x080049d0       0x14 ./Drivers/STM32L4xx_HAL_Driver/Src/stm32l4xx_hal_uart.o
                0x080049d0                HAL_UART_TxCpltCallback
 .text.HAL_UART_ErrorCallback
                0x080049e4       0x14 ./Drivers/STM32L4xx_HAL_Driver/Src/stm32l4xx_hal_uart.o
                0x080049e4                HAL_UART_ErrorCallback
 .text.HAL_UARTEx_RxEventCallback
                0x080049f8       0x18 ./Drivers/STM32L4xx_HAL_Driver/Src/stm32l4xx_hal_uart.o
                0x080049f8                HAL_UARTEx_RxEventCallback
 .text.UART_SetConfig
                0x08004a10      0x570 ./Drivers/STM32L4xx_HAL_Driver/Src/stm32l4xx_hal_uart.o
                0x08004a10                UART_SetConfig
 .text.UART_AdvFeatureConfig
                0x08004f80      0x144 ./Drivers/STM32L4xx_HAL_Driver/Src/stm32l4xx_hal_uart.o
                0x08004f80                UART_AdvFeatureConfig
 .text.UART_CheckIdleState
                0x080050c4      0x150 ./Drivers/STM32L4xx_HAL_Driver/Src/stm32l4xx_hal_uart.o
                0x080050c4                UART_CheckIdleState
 .text.UART_WaitOnFlagUntilTimeout
                0x08005214       0xda ./Drivers/STM32L4xx_HAL_Driver/Src/stm32l4xx_hal_uart.o
                0x08005214                UART_WaitOnFlagUntilTimeout
 *fill*         0x080052ee        0x2 
 .text.UART_Start_Receive_IT
                0x080052f0      0x18c ./Drivers/STM32L4xx_HAL_Driver/Src/stm32l4xx_hal_uart.o
                0x080052f0                UART_Start_Receive_IT
 .text.UART_EndRxTransfer
                0x0800547c       0xc8 ./Drivers/STM32L4xx_HAL_Driver/Src/stm32l4xx_hal_uart.o
 .text.UART_DMAAbortOnError
                0x08005544       0x1c ./Drivers/STM32L4xx_HAL_Driver/Src/stm32l4xx_hal_uart.o
 .text.UART_EndTransmit_IT
                0x08005560       0x54 ./Drivers/STM32L4xx_HAL_Driver/Src/stm32l4xx_hal_uart.o
 .text.UART_RxISR_8BIT
                0x080055b4      0x1b8 ./Drivers/STM32L4xx_HAL_Driver/Src/stm32l4xx_hal_uart.o
 .text.UART_RxISR_16BIT
                0x0800576c      0x1b8 ./Drivers/STM32L4xx_HAL_Driver/Src/stm32l4xx_hal_uart.o
 .text.HAL_UARTEx_WakeupCallback
                0x08005924       0x14 ./Drivers/STM32L4xx_HAL_Driver/Src/stm32l4xx_hal_uart_ex.o
                0x08005924                HAL_UARTEx_WakeupCallback
 .text.atoi     0x08005938        0x8 /Applications/STM32CubeIDE.app/Contents/Eclipse/plugins/com.st.stm32cube.ide.mcu.externaltools.gnu-tools-for-stm32.13.3.rel1.macos64_1.0.0.202411102158/tools/bin/../lib/gcc/arm-none-eabi/13.3.1/../../../../arm-none-eabi/lib/thumb/v7e-m+fp/hard/libc_nano.a(libc_a-atoi.o)
                0x08005938                atoi
 .text.sprintf  0x08005940       0x44 /Applications/STM32CubeIDE.app/Contents/Eclipse/plugins/com.st.stm32cube.ide.mcu.externaltools.gnu-tools-for-stm32.13.3.rel1.macos64_1.0.0.202411102158/tools/bin/../lib/gcc/arm-none-eabi/13.3.1/../../../../arm-none-eabi/lib/thumb/v7e-m+fp/hard/libc_nano.a(libc_a-sprintf.o)
                0x08005940                sprintf
                0x08005940                siprintf
 .text._strtol_l.isra.0
                0x08005984       0xf4 /Applications/STM32CubeIDE.app/Contents/Eclipse/plugins/com.st.stm32cube.ide.mcu.externaltools.gnu-tools-for-stm32.13.3.rel1.macos64_1.0.0.202411102158/tools/bin/../lib/gcc/arm-none-eabi/13.3.1/../../../../arm-none-eabi/lib/thumb/v7e-m+fp/hard/libc_nano.a(libc_a-strtol.o)
 .text.strtol   0x08005a78       0x14 /Applications/STM32CubeIDE.app/Contents/Eclipse/plugins/com.st.stm32cube.ide.mcu.externaltools.gnu-tools-for-stm32.13.3.rel1.macos64_1.0.0.202411102158/tools/bin/../lib/gcc/arm-none-eabi/13.3.1/../../../../arm-none-eabi/lib/thumb/v7e-m+fp/hard/libc_nano.a(libc_a-strtol.o)
                0x08005a78                strtol
 .text.memset   0x08005a8c       0x10 /Applications/STM32CubeIDE.app/Contents/Eclipse/plugins/com.st.stm32cube.ide.mcu.externaltools.gnu-tools-for-stm32.13.3.rel1.macos64_1.0.0.202411102158/tools/bin/../lib/gcc/arm-none-eabi/13.3.1/../../../../arm-none-eabi/lib/thumb/v7e-m+fp/hard/libc_nano.a(libc_a-memset.o)
                0x08005a8c                memset
 .text.strchr   0x08005a9c       0x1a /Applications/STM32CubeIDE.app/Contents/Eclipse/plugins/com.st.stm32cube.ide.mcu.externaltools.gnu-tools-for-stm32.13.3.rel1.macos64_1.0.0.202411102158/tools/bin/../lib/gcc/arm-none-eabi/13.3.1/../../../../arm-none-eabi/lib/thumb/v7e-m+fp/hard/libc_nano.a(libc_a-strchr.o)
                0x08005a9c                strchr
 .text.strncmp  0x08005ab6       0x24 /Applications/STM32CubeIDE.app/Contents/Eclipse/plugins/com.st.stm32cube.ide.mcu.externaltools.gnu-tools-for-stm32.13.3.rel1.macos64_1.0.0.202411102158/tools/bin/../lib/gcc/arm-none-eabi/13.3.1/../../../../arm-none-eabi/lib/thumb/v7e-m+fp/hard/libc_nano.a(libc_a-strncmp.o)
                0x08005ab6                strncmp
 .text.strncpy  0x08005ada       0x26 /Applications/STM32CubeIDE.app/Contents/Eclipse/plugins/com.st.stm32cube.ide.mcu.externaltools.gnu-tools-for-stm32.13.3.rel1.macos64_1.0.0.202411102158/tools/bin/../lib/gcc/arm-none-eabi/13.3.1/../../../../arm-none-eabi/lib/thumb/v7e-m+fp/hard/libc_nano.a(libc_a-strncpy.o)
                0x08005ada                strncpy
 .text.__errno  0x08005b00        0xc /Applications/STM32CubeIDE.app/Contents/Eclipse/plugins/com.st.stm32cube.ide.mcu.externaltools.gnu-tools-for-stm32.13.3.rel1.macos64_1.0.0.202411102158/tools/bin/../lib/gcc/arm-none-eabi/13.3.1/../../../../arm-none-eabi/lib/thumb/v7e-m+fp/hard/libc_nano.a(libc_a-errno.o)
                0x08005b00                __errno
 .text.__libc_init_array
                0x08005b0c       0x48 /Applications/STM32CubeIDE.app/Contents/Eclipse/plugins/com.st.stm32cube.ide.mcu.externaltools.gnu-tools-for-stm32.13.3.rel1.macos64_1.0.0.202411102158/tools/bin/../lib/gcc/arm-none-eabi/13.3.1/../../../../arm-none-eabi/lib/thumb/v7e-m+fp/hard/libc_nano.a(libc_a-init.o)
                0x08005b0c                __libc_init_array
 .text.__retarget_lock_acquire_recursive
                0x08005b54        0x2 /Applications/STM32CubeIDE.app/Contents/Eclipse/plugins/com.st.stm32cube.ide.mcu.externaltools.gnu-tools-for-stm32.13.3.rel1.macos64_1.0.0.202411102158/tools/bin/../lib/gcc/arm-none-eabi/13.3.1/../../../../arm-none-eabi/lib/thumb/v7e-m+fp/hard/libc_nano.a(libc_a-lock.o)
                0x08005b54                __retarget_lock_acquire_recursive
 .text.__retarget_lock_release_recursive
                0x08005b56        0x2 /Applications/STM32CubeIDE.app/Contents/Eclipse/plugins/com.st.stm32cube.ide.mcu.externaltools.gnu-tools-for-stm32.13.3.rel1.macos64_1.0.0.202411102158/tools/bin/../lib/gcc/arm-none-eabi/13.3.1/../../../../arm-none-eabi/lib/thumb/v7e-m+fp/hard/libc_nano.a(libc_a-lock.o)
                0x08005b56                __retarget_lock_release_recursive
 .text.__ssputs_r
                0x08005b58       0xb6 /Applications/STM32CubeIDE.app/Contents/Eclipse/plugins/com.st.stm32cube.ide.mcu.externaltools.gnu-tools-for-stm32.13.3.rel1.macos64_1.0.0.202411102158/tools/bin/../lib/gcc/arm-none-eabi/13.3.1/../../../../arm-none-eabi/lib/thumb/v7e-m+fp/hard/libc_nano.a(libc_a-nano-svfprintf.o)
                0x08005b58                __ssputs_r
 *fill*         0x08005c0e        0x2 
 .text._svfprintf_r
                0x08005c10      0x1f8 /Applications/STM32CubeIDE.app/Contents/Eclipse/plugins/com.st.stm32cube.ide.mcu.externaltools.gnu-tools-for-stm32.13.3.rel1.macos64_1.0.0.202411102158/tools/bin/../lib/gcc/arm-none-eabi/13.3.1/../../../../arm-none-eabi/lib/thumb/v7e-m+fp/hard/libc_nano.a(libc_a-nano-svfprintf.o)
                0x08005c10                _svfprintf_r
                0x08005c10                _svfiprintf_r
 .text.sbrk_aligned
                0x08005e08       0x44 /Applications/STM32CubeIDE.app/Contents/Eclipse/plugins/com.st.stm32cube.ide.mcu.externaltools.gnu-tools-for-stm32.13.3.rel1.macos64_1.0.0.202411102158/tools/bin/../lib/gcc/arm-none-eabi/13.3.1/../../../../arm-none-eabi/lib/thumb/v7e-m+fp/hard/libc_nano.a(libc_a-mallocr.o)
 .text._malloc_r
                0x08005e4c      0x100 /Applications/STM32CubeIDE.app/Contents/Eclipse/plugins/com.st.stm32cube.ide.mcu.externaltools.gnu-tools-for-stm32.13.3.rel1.macos64_1.0.0.202411102158/tools/bin/../lib/gcc/arm-none-eabi/13.3.1/../../../../arm-none-eabi/lib/thumb/v7e-m+fp/hard/libc_nano.a(libc_a-mallocr.o)
                0x08005e4c                _malloc_r
 .text._printf_common
                0x08005f4c       0xda /Applications/STM32CubeIDE.app/Contents/Eclipse/plugins/com.st.stm32cube.ide.mcu.externaltools.gnu-tools-for-stm32.13.3.rel1.macos64_1.0.0.202411102158/tools/bin/../lib/gcc/arm-none-eabi/13.3.1/../../../../arm-none-eabi/lib/thumb/v7e-m+fp/hard/libc_nano.a(libc_a-nano-vfprintf_i.o)
                0x08005f4c                _printf_common
 *fill*         0x08006026        0x2 
 .text._printf_i
                0x08006028      0x23c /Applications/STM32CubeIDE.app/Contents/Eclipse/plugins/com.st.stm32cube.ide.mcu.externaltools.gnu-tools-for-stm32.13.3.rel1.macos64_1.0.0.202411102158/tools/bin/../lib/gcc/arm-none-eabi/13.3.1/../../../../arm-none-eabi/lib/thumb/v7e-m+fp/hard/libc_nano.a(libc_a-nano-vfprintf_i.o)
                0x08006028                _printf_i
 .text.__malloc_lock
                0x08006264        0xc /Applications/STM32CubeIDE.app/Contents/Eclipse/plugins/com.st.stm32cube.ide.mcu.externaltools.gnu-tools-for-stm32.13.3.rel1.macos64_1.0.0.202411102158/tools/bin/../lib/gcc/arm-none-eabi/13.3.1/../../../../arm-none-eabi/lib/thumb/v7e-m+fp/hard/libc_nano.a(libc_a-mlock.o)
                0x08006264                __malloc_lock
 .text.__malloc_unlock
                0x08006270        0xc /Applications/STM32CubeIDE.app/Contents/Eclipse/plugins/com.st.stm32cube.ide.mcu.externaltools.gnu-tools-for-stm32.13.3.rel1.macos64_1.0.0.202411102158/tools/bin/../lib/gcc/arm-none-eabi/13.3.1/../../../../arm-none-eabi/lib/thumb/v7e-m+fp/hard/libc_nano.a(libc_a-mlock.o)
                0x08006270                __malloc_unlock
 .text._realloc_r
                0x0800627c       0x5c /Applications/STM32CubeIDE.app/Contents/Eclipse/plugins/com.st.stm32cube.ide.mcu.externaltools.gnu-tools-for-stm32.13.3.rel1.macos64_1.0.0.202411102158/tools/bin/../lib/gcc/arm-none-eabi/13.3.1/../../../../arm-none-eabi/lib/thumb/v7e-m+fp/hard/libc_nano.a(libc_a-reallocr.o)
                0x0800627c                _realloc_r
 .text.memmove  0x080062d8       0x34 /Applications/STM32CubeIDE.app/Contents/Eclipse/plugins/com.st.stm32cube.ide.mcu.externaltools.gnu-tools-for-stm32.13.3.rel1.macos64_1.0.0.202411102158/tools/bin/../lib/gcc/arm-none-eabi/13.3.1/../../../../arm-none-eabi/lib/thumb/v7e-m+fp/hard/libc_nano.a(libc_a-memmove.o)
                0x080062d8                memmove
 .text._sbrk_r  0x0800630c       0x20 /Applications/STM32CubeIDE.app/Contents/Eclipse/plugins/com.st.stm32cube.ide.mcu.externaltools.gnu-tools-for-stm32.13.3.rel1.macos64_1.0.0.202411102158/tools/bin/../lib/gcc/arm-none-eabi/13.3.1/../../../../arm-none-eabi/lib/thumb/v7e-m+fp/hard/libc_nano.a(libc_a-sbrkr.o)
                0x0800630c                _sbrk_r
 .text.memcpy   0x0800632c       0x1c /Applications/STM32CubeIDE.app/Contents/Eclipse/plugins/com.st.stm32cube.ide.mcu.externaltools.gnu-tools-for-stm32.13.3.rel1.macos64_1.0.0.202411102158/tools/bin/../lib/gcc/arm-none-eabi/13.3.1/../../../../arm-none-eabi/lib/thumb/v7e-m+fp/hard/libc_nano.a(libc_a-memcpy-stub.o)
                0x0800632c                memcpy
 .text._free_r  0x08006348       0x94 /Applications/STM32CubeIDE.app/Contents/Eclipse/plugins/com.st.stm32cube.ide.mcu.externaltools.gnu-tools-for-stm32.13.3.rel1.macos64_1.0.0.202411102158/tools/bin/../lib/gcc/arm-none-eabi/13.3.1/../../../../arm-none-eabi/lib/thumb/v7e-m+fp/hard/libc_nano.a(libc_a-freer.o)
                0x08006348                _free_r
 .text._malloc_usable_size_r
                0x080063dc       0x10 /Applications/STM32CubeIDE.app/Contents/Eclipse/plugins/com.st.stm32cube.ide.mcu.externaltools.gnu-tools-for-stm32.13.3.rel1.macos64_1.0.0.202411102158/tools/bin/../lib/gcc/arm-none-eabi/13.3.1/../../../../arm-none-eabi/lib/thumb/v7e-m+fp/hard/libc_nano.a(libc_a-msizer.o)
                0x080063dc                _malloc_usable_size_r
 *(.glue_7)
 .glue_7        0x080063ec        0x0 linker stubs
 *(.glue_7t)
 .glue_7t       0x080063ec        0x0 linker stubs
 *(.eh_frame)
 .eh_frame      0x080063ec        0x0 /Applications/STM32CubeIDE.app/Contents/Eclipse/plugins/com.st.stm32cube.ide.mcu.externaltools.gnu-tools-for-stm32.13.3.rel1.macos64_1.0.0.202411102158/tools/bin/../lib/gcc/arm-none-eabi/13.3.1/thumb/v7e-m+fp/hard/crtbegin.o
 *(.init)
 .init          0x080063ec        0x4 /Applications/STM32CubeIDE.app/Contents/Eclipse/plugins/com.st.stm32cube.ide.mcu.externaltools.gnu-tools-for-stm32.13.3.rel1.macos64_1.0.0.202411102158/tools/bin/../lib/gcc/arm-none-eabi/13.3.1/thumb/v7e-m+fp/hard/crti.o
                0x080063ec                _init
 .init          0x080063f0        0x8 /Applications/STM32CubeIDE.app/Contents/Eclipse/plugins/com.st.stm32cube.ide.mcu.externaltools.gnu-tools-for-stm32.13.3.rel1.macos64_1.0.0.202411102158/tools/bin/../lib/gcc/arm-none-eabi/13.3.1/thumb/v7e-m+fp/hard/crtn.o
 *(.fini)
 .fini          0x080063f8        0x4 /Applications/STM32CubeIDE.app/Contents/Eclipse/plugins/com.st.stm32cube.ide.mcu.externaltools.gnu-tools-for-stm32.13.3.rel1.macos64_1.0.0.202411102158/tools/bin/../lib/gcc/arm-none-eabi/13.3.1/thumb/v7e-m+fp/hard/crti.o
                0x080063f8                _fini
 .fini          0x080063fc        0x8 /Applications/STM32CubeIDE.app/Contents/Eclipse/plugins/com.st.stm32cube.ide.mcu.externaltools.gnu-tools-for-stm32.13.3.rel1.macos64_1.0.0.202411102158/tools/bin/../lib/gcc/arm-none-eabi/13.3.1/thumb/v7e-m+fp/hard/crtn.o
                0x08006404                        . = ALIGN (0x4)
                0x08006404                        _etext = .

.vfp11_veneer   0x08006404        0x0
 .vfp11_veneer  0x08006404        0x0 linker stubs

.v4_bx          0x08006404        0x0
 .v4_bx         0x08006404        0x0 linker stubs

.iplt           0x08006404        0x0
 .iplt          0x08006404        0x0 /Applications/STM32CubeIDE.app/Contents/Eclipse/plugins/com.st.stm32cube.ide.mcu.externaltools.gnu-tools-for-stm32.13.3.rel1.macos64_1.0.0.202411102158/tools/bin/../lib/gcc/arm-none-eabi/13.3.1/thumb/v7e-m+fp/hard/crtbegin.o

.rodata         0x08006404      0x22c
                0x08006404                        . = ALIGN (0x4)
 *(.rodata)
 .rodata        0x08006404       0xaf ./Core/Src/main.o
 *(.rodata*)
 *fill*         0x080064b3        0x1 
 .rodata.AHBPrescTable
                0x080064b4       0x10 ./Core/Src/system_stm32l4xx.o
                0x080064b4                AHBPrescTable
 .rodata.APBPrescTable
                0x080064c4        0x8 ./Core/Src/system_stm32l4xx.o
                0x080064c4                APBPrescTable
 .rodata.MSIRangeTable
                0x080064cc       0x30 ./Core/Src/system_stm32l4xx.o
                0x080064cc                MSIRangeTable
 .rodata._ctype_
                0x080064fc      0x101 /Applications/STM32CubeIDE.app/Contents/Eclipse/plugins/com.st.stm32cube.ide.mcu.externaltools.gnu-tools-for-stm32.13.3.rel1.macos64_1.0.0.202411102158/tools/bin/../lib/gcc/arm-none-eabi/13.3.1/../../../../arm-none-eabi/lib/thumb/v7e-m+fp/hard/libc_nano.a(libc_a-ctype_.o)
                0x080064fc                _ctype_
 .rodata._svfprintf_r.str1.1
                0x080065fd       0x33 /Applications/STM32CubeIDE.app/Contents/Eclipse/plugins/com.st.stm32cube.ide.mcu.externaltools.gnu-tools-for-stm32.13.3.rel1.macos64_1.0.0.202411102158/tools/bin/../lib/gcc/arm-none-eabi/13.3.1/../../../../arm-none-eabi/lib/thumb/v7e-m+fp/hard/libc_nano.a(libc_a-nano-svfprintf.o)
                                 0x11 (size before relaxing)
 .rodata._printf_i.str1.1
                0x08006630       0x22 /Applications/STM32CubeIDE.app/Contents/Eclipse/plugins/com.st.stm32cube.ide.mcu.externaltools.gnu-tools-for-stm32.13.3.rel1.macos64_1.0.0.202411102158/tools/bin/../lib/gcc/arm-none-eabi/13.3.1/../../../../arm-none-eabi/lib/thumb/v7e-m+fp/hard/libc_nano.a(libc_a-nano-vfprintf_i.o)
                0x08006654                        . = ALIGN (0x4)

.ARM.extab      0x08006630        0x0
                0x08006630                        . = ALIGN (0x4)
 *(.ARM.extab* .gnu.linkonce.armextab.*)
                0x08006630                        . = ALIGN (0x4)

.ARM            0x08006630        0x8
                0x08006630                        . = ALIGN (0x4)
                0x08006630                        __exidx_start = .
 *(.ARM.exidx*)
 .ARM.exidx     0x08006630        0x8 /Applications/STM32CubeIDE.app/Contents/Eclipse/plugins/com.st.stm32cube.ide.mcu.externaltools.gnu-tools-for-stm32.13.3.rel1.macos64_1.0.0.202411102158/tools/bin/../lib/gcc/arm-none-eabi/13.3.1/../../../../arm-none-eabi/lib/thumb/v7e-m+fp/hard/libc_nano.a(libc_a-strlen.o)
 .ARM.exidx     0x08006638        0x0 /Applications/STM32CubeIDE.app/Contents/Eclipse/plugins/com.st.stm32cube.ide.mcu.externaltools.gnu-tools-for-stm32.13.3.rel1.macos64_1.0.0.202411102158/tools/bin/../lib/gcc/arm-none-eabi/13.3.1/../../../../arm-none-eabi/lib/thumb/v7e-m+fp/hard/libc_nano.a(libc_a-memchr.o)
                                  0x8 (size before relaxing)
 .ARM.exidx     0x08006638        0x0 /Applications/STM32CubeIDE.app/Contents/Eclipse/plugins/com.st.stm32cube.ide.mcu.externaltools.gnu-tools-for-stm32.13.3.rel1.macos64_1.0.0.202411102158/tools/bin/../lib/gcc/arm-none-eabi/13.3.1/thumb/v7e-m+fp/hard/libgcc.a(_udivmoddi4.o)
                                  0x8 (size before relaxing)
                0x08006638                        __exidx_end = .
                0x08006638                        . = ALIGN (0x4)

.preinit_array  0x08006638        0x0
                0x08006638                        . = ALIGN (0x4)
                0x08006638                        PROVIDE (__preinit_array_start = .)
 *(.preinit_array*)
                0x08006638                        PROVIDE (__preinit_array_end = .)
                0x08006638                        . = ALIGN (0x4)

.init_array     0x08006638        0x4
                0x08006638                        . = ALIGN (0x4)
                0x08006638                        PROVIDE (__init_array_start = .)
 *(SORT_BY_NAME(.init_array.*))
 *(.init_array*)
 .init_array    0x08006638        0x4 /Applications/STM32CubeIDE.app/Contents/Eclipse/plugins/com.st.stm32cube.ide.mcu.externaltools.gnu-tools-for-stm32.13.3.rel1.macos64_1.0.0.202411102158/tools/bin/../lib/gcc/arm-none-eabi/13.3.1/thumb/v7e-m+fp/hard/crtbegin.o
                0x0800663c                        PROVIDE (__init_array_end = .)
                0x0800663c                        . = ALIGN (0x4)

.fini_array     0x0800663c        0x4
                0x0800663c                        . = ALIGN (0x4)
                [!provide]                        PROVIDE (__fini_array_start = .)
 *(SORT_BY_NAME(.fini_array.*))
 *(.fini_array*)
 .fini_array    0x0800663c        0x4 /Applications/STM32CubeIDE.app/Contents/Eclipse/plugins/com.st.stm32cube.ide.mcu.externaltools.gnu-tools-for-stm32.13.3.rel1.macos64_1.0.0.202411102158/tools/bin/../lib/gcc/arm-none-eabi/13.3.1/thumb/v7e-m+fp/hard/crtbegin.o
                [!provide]                        PROVIDE (__fini_array_end = .)
                0x08006640                        . = ALIGN (0x4)
                0x08006640                        _sidata = LOADADDR (.data)

.rel.dyn        0x08006640        0x0
 .rel.iplt      0x08006640        0x0 /Applications/STM32CubeIDE.app/Contents/Eclipse/plugins/com.st.stm32cube.ide.mcu.externaltools.gnu-tools-for-stm32.13.3.rel1.macos64_1.0.0.202411102158/tools/bin/../lib/gcc/arm-none-eabi/13.3.1/thumb/v7e-m+fp/hard/crtbegin.o

.data           0x20000000       0xe4 load address 0x08006640
                0x20000000                        . = ALIGN (0x4)
                0x20000000                        _sdata = .
 *(.data)
 *(.data*)
 .data.txbuf    0x20000000       0x80 ./Core/Src/main.o
                0x20000000                txbuf
 .data.Available_output_voltage_max
                0x20000080        0x2 ./Core/Src/main.o
                0x20000080                Available_output_voltage_max
 .data.Available_output_current_max
                0x20000082        0x2 ./Core/Src/main.o
                0x20000082                Available_output_current_max
 .data.Welding_detection
                0x20000084        0x1 ./Core/Src/main.o
                0x20000084                Welding_detection
 .data.Charging_stop_control
                0x20000085        0x1 ./Core/Src/main.o
                0x20000085                Charging_stop_control
 .data.Vehicle_shift_position
                0x20000086        0x1 ./Core/Src/main.o
                0x20000086                Vehicle_shift_position
 *fill*         0x20000087        0x1 
 .data.SystemCoreClock
                0x20000088        0x4 ./Core/Src/system_stm32l4xx.o
                0x20000088                SystemCoreClock
 .data.uwTickPrio
                0x2000008c        0x4 ./Drivers/STM32L4xx_HAL_Driver/Src/stm32l4xx_hal.o
                0x2000008c                uwTickPrio
 .data.uwTickFreq
                0x20000090        0x1 ./Drivers/STM32L4xx_HAL_Driver/Src/stm32l4xx_hal.o
                0x20000090                uwTickFreq
 *fill*         0x20000091        0x3 
 .data._impure_ptr
                0x20000094        0x4 /Applications/STM32CubeIDE.app/Contents/Eclipse/plugins/com.st.stm32cube.ide.mcu.externaltools.gnu-tools-for-stm32.13.3.rel1.macos64_1.0.0.202411102158/tools/bin/../lib/gcc/arm-none-eabi/13.3.1/../../../../arm-none-eabi/lib/thumb/v7e-m+fp/hard/libc_nano.a(libc_a-impure.o)
                0x20000094                _impure_ptr
 .data._impure_data
                0x20000098       0x4c /Applications/STM32CubeIDE.app/Contents/Eclipse/plugins/com.st.stm32cube.ide.mcu.externaltools.gnu-tools-for-stm32.13.3.rel1.macos64_1.0.0.202411102158/tools/bin/../lib/gcc/arm-none-eabi/13.3.1/../../../../arm-none-eabi/lib/thumb/v7e-m+fp/hard/libc_nano.a(libc_a-impure.o)
                0x20000098                _impure_data
 *(.RamFunc)
 *(.RamFunc*)
                0x200000e4                        . = ALIGN (0x4)
                0x200000e4                        _edata = .

.igot.plt       0x200000e4        0x0 load address 0x08006724
 .igot.plt      0x200000e4        0x0 /Applications/STM32CubeIDE.app/Contents/Eclipse/plugins/com.st.stm32cube.ide.mcu.externaltools.gnu-tools-for-stm32.13.3.rel1.macos64_1.0.0.202411102158/tools/bin/../lib/gcc/arm-none-eabi/13.3.1/thumb/v7e-m+fp/hard/crtbegin.o
                0x200000e4                        . = ALIGN (0x4)

.bss            0x200000e4      0x370 load address 0x08006724
                0x200000e4                        _sbss = .
                0x200000e4                        __bss_start__ = _sbss
 *(.bss)
 .bss           0x200000e4       0x1c /Applications/STM32CubeIDE.app/Contents/Eclipse/plugins/com.st.stm32cube.ide.mcu.externaltools.gnu-tools-for-stm32.13.3.rel1.macos64_1.0.0.202411102158/tools/bin/../lib/gcc/arm-none-eabi/13.3.1/thumb/v7e-m+fp/hard/crtbegin.o
 *(.bss*)
 .bss.hcan1     0x20000100       0x28 ./Core/Src/can.o
                0x20000100                hcan1
 .bss.battery_voltage_min
                0x20000128        0x2 ./Core/Src/main.o
                0x20000128                battery_voltage_min
 .bss.battery_voltage_max
                0x2000012a        0x2 ./Core/Src/main.o
                0x2000012a                battery_voltage_max
 .bss.requested_current_max
                0x2000012c        0x2 ./Core/Src/main.o
                0x2000012c                requested_current_max
 .bss.requested_current
                0x2000012e        0x2 ./Core/Src/main.o
                0x2000012e                requested_current
 .bss.soc       0x20000130        0x1 ./Core/Src/main.o
                0x20000130                soc
 *fill*         0x20000131        0x1 
 .bss.Available_output_voltage_min
                0x20000132        0x2 ./Core/Src/main.o
                0x20000132                Available_output_voltage_min
 .bss.Available_output_voltage
                0x20000134        0x2 ./Core/Src/main.o
                0x20000134                Available_output_voltage
 .bss.Threshold_voltage
                0x20000136        0x2 ./Core/Src/main.o
                0x20000136                Threshold_voltage
 .bss.Available_output_current_min
                0x20000138        0x2 ./Core/Src/main.o
                0x20000138                Available_output_current_min
 .bss.Available_output_current
                0x2000013a        0x2 ./Core/Src/main.o
                0x2000013a                Available_output_current
 .bss.Present_output_voltage
                0x2000013c        0x2 ./Core/Src/main.o
                0x2000013c                Present_output_voltage
 .bss.Present_output_current
                0x2000013e        0x2 ./Core/Src/main.o
                0x2000013e                Present_output_current
 .bss.Battery_incompatibility
                0x20000140        0x1 ./Core/Src/main.o
                0x20000140                Battery_incompatibility
 .bss.Charging_system_error
                0x20000141        0x1 ./Core/Src/main.o
                0x20000141                Charging_system_error
 .bss.Energizing_state
                0x20000142        0x1 ./Core/Src/main.o
                0x20000142                Energizing_state
 .bss.Charger_error
                0x20000143        0x1 ./Core/Src/main.o
                0x20000143                Charger_error
 .bss.Charger_status
                0x20000144        0x1 ./Core/Src/main.o
                0x20000144                Charger_status
 .bss.Remaining_charging_time
                0x20000145        0x1 ./Core/Src/main.o
                0x20000145                Remaining_charging_time
 .bss.Maximum_charging_time
                0x20000146        0x1 ./Core/Src/main.o
                0x20000146                Maximum_charging_time
 .bss.Estimated_charging_time
                0x20000147        0x1 ./Core/Src/main.o
                0x20000147                Estimated_charging_time
 .bss.Total_capacity_of_battery
                0x20000148        0x2 ./Core/Src/main.o
                0x20000148                Total_capacity_of_battery
 .bss.Target_battery_voltage
                0x2000014a        0x2 ./Core/Src/main.o
                0x2000014a                Target_battery_voltage
 .bss.Battery_voltage_deviation_error
                0x2000014c        0x1 ./Core/Src/main.o
                0x2000014c                Battery_voltage_deviation_error
 .bss.High_battery_temperature
                0x2000014d        0x1 ./Core/Src/main.o
                0x2000014d                High_battery_temperature
 .bss.Battery_current_deviation_error
                0x2000014e        0x1 ./Core/Src/main.o
                0x2000014e                Battery_current_deviation_error
 .bss.Battery_undervoltage
                0x2000014f        0x1 ./Core/Src/main.o
                0x2000014f                Battery_undervoltage
 .bss.Battery_overvoltage
                0x20000150        0x1 ./Core/Src/main.o
                0x20000150                Battery_overvoltage
 .bss.Normal_stop_request
                0x20000151        0x1 ./Core/Src/main.o
                0x20000151                Normal_stop_request
 .bss.Vehicle_status
                0x20000152        0x1 ./Core/Src/main.o
                0x20000152                Vehicle_status
 .bss.Vehicle_charging_enabled
                0x20000153        0x1 ./Core/Src/main.o
                0x20000153                Vehicle_charging_enabled
 .bss.flag_msg_100
                0x20000154        0x1 ./Core/Src/main.o
                0x20000154                flag_msg_100
 .bss.flag_msg_101
                0x20000155        0x1 ./Core/Src/main.o
                0x20000155                flag_msg_101
 .bss.flag_msg_102
                0x20000156        0x1 ./Core/Src/main.o
                0x20000156                flag_msg_102
 *fill*         0x20000157        0x1 
 .bss.rxData_100
                0x20000158        0x8 ./Core/Src/main.o
                0x20000158                rxData_100
 .bss.rxData_101
                0x20000160        0x8 ./Core/Src/main.o
                0x20000160                rxData_101
 .bss.rxData_102
                0x20000168        0x8 ./Core/Src/main.o
                0x20000168                rxData_102
 .bss.rx_byte   0x20000170        0x1 ./Core/Src/main.o
 *fill*         0x20000171        0x3 
 .bss.rx_buf    0x20000174       0x80 ./Core/Src/main.o
 .bss.rx_idx    0x200001f4        0x2 ./Core/Src/main.o
 *fill*         0x200001f6        0x2 
 .bss.rx_line   0x200001f8       0x80 ./Core/Src/main.o
 .bss.rx_line_ready
                0x20000278        0x1 ./Core/Src/main.o
 *fill*         0x20000279        0x3 
 .bss.__sbrk_heap_end
                0x2000027c        0x4 ./Core/Src/sysmem.o
 .bss.huart2    0x20000280       0x88 ./Core/Src/usart.o
                0x20000280                huart2
 .bss.uwTick    0x20000308        0x4 ./Drivers/STM32L4xx_HAL_Driver/Src/stm32l4xx_hal.o
                0x20000308                uwTick
 .bss.__sf      0x2000030c      0x138 /Applications/STM32CubeIDE.app/Contents/Eclipse/plugins/com.st.stm32cube.ide.mcu.externaltools.gnu-tools-for-stm32.13.3.rel1.macos64_1.0.0.202411102158/tools/bin/../lib/gcc/arm-none-eabi/13.3.1/../../../../arm-none-eabi/lib/thumb/v7e-m+fp/hard/libc_nano.a(libc_a-findfp.o)
                0x2000030c                __sf
 .bss.__lock___malloc_recursive_mutex
                0x20000444        0x1 /Applications/STM32CubeIDE.app/Contents/Eclipse/plugins/com.st.stm32cube.ide.mcu.externaltools.gnu-tools-for-stm32.13.3.rel1.macos64_1.0.0.202411102158/tools/bin/../lib/gcc/arm-none-eabi/13.3.1/../../../../arm-none-eabi/lib/thumb/v7e-m+fp/hard/libc_nano.a(libc_a-lock.o)
                0x20000444                __lock___malloc_recursive_mutex
 *fill*         0x20000445        0x3 
 .bss.__malloc_sbrk_start
                0x20000448        0x4 /Applications/STM32CubeIDE.app/Contents/Eclipse/plugins/com.st.stm32cube.ide.mcu.externaltools.gnu-tools-for-stm32.13.3.rel1.macos64_1.0.0.202411102158/tools/bin/../lib/gcc/arm-none-eabi/13.3.1/../../../../arm-none-eabi/lib/thumb/v7e-m+fp/hard/libc_nano.a(libc_a-mallocr.o)
                0x20000448                __malloc_sbrk_start
 .bss.__malloc_free_list
                0x2000044c        0x4 /Applications/STM32CubeIDE.app/Contents/Eclipse/plugins/com.st.stm32cube.ide.mcu.externaltools.gnu-tools-for-stm32.13.3.rel1.macos64_1.0.0.202411102158/tools/bin/../lib/gcc/arm-none-eabi/13.3.1/../../../../arm-none-eabi/lib/thumb/v7e-m+fp/hard/libc_nano.a(libc_a-mallocr.o)
                0x2000044c                __malloc_free_list
 .bss.errno     0x20000450        0x4 /Applications/STM32CubeIDE.app/Contents/Eclipse/plugins/com.st.stm32cube.ide.mcu.externaltools.gnu-tools-for-stm32.13.3.rel1.macos64_1.0.0.202411102158/tools/bin/../lib/gcc/arm-none-eabi/13.3.1/../../../../arm-none-eabi/lib/thumb/v7e-m+fp/hard/libc_nano.a(libc_a-reent.o)
                0x20000450                errno
 *(COMMON)
                0x20000454                        . = ALIGN (0x4)
                0x20000454                        _ebss = .
                0x20000454                        __bss_end__ = _ebss

._user_heap_stack
                0x20000454      0x604 load address 0x08006724
                0x20000458                        . = ALIGN (0x8)
 *fill*         0x20000454        0x4 
                [!provide]                        PROVIDE (end = .)
                0x20000458                        PROVIDE (_end = .)
                0x20000658                        . = (. + _Min_Heap_Size)
 *fill*         0x20000458      0x200 
                0x20000a58                        . = (. + _Min_Stack_Size)
 *fill*         0x20000658      0x400 
                0x20000a58                        . = ALIGN (0x8)

/DISCARD/
 libc.a(*)
 libm.a(*)
 libgcc.a(*)

.ARM.attributes
                0x00000000       0x30
 *(.ARM.attributes)
 .ARM.attributes
                0x00000000       0x22 /Applications/STM32CubeIDE.app/Contents/Eclipse/plugins/com.st.stm32cube.ide.mcu.externaltools.gnu-tools-for-stm32.13.3.rel1.macos64_1.0.0.202411102158/tools/bin/../lib/gcc/arm-none-eabi/13.3.1/thumb/v7e-m+fp/hard/crti.o
 .ARM.attributes
                0x00000022       0x34 /Applications/STM32CubeIDE.app/Contents/Eclipse/plugins/com.st.stm32cube.ide.mcu.externaltools.gnu-tools-for-stm32.13.3.rel1.macos64_1.0.0.202411102158/tools/bin/../lib/gcc/arm-none-eabi/13.3.1/thumb/v7e-m+fp/hard/crtbegin.o
 .ARM.attributes
                0x00000056       0x34 ./Core/Src/can.o
 .ARM.attributes
                0x0000008a       0x34 ./Core/Src/gpio.o
 .ARM.attributes
                0x000000be       0x34 ./Core/Src/main.o
 .ARM.attributes
                0x000000f2       0x34 ./Core/Src/stm32l4xx_hal_msp.o
 .ARM.attributes
                0x00000126       0x34 ./Core/Src/stm32l4xx_it.o
 .ARM.attributes
                0x0000015a       0x34 ./Core/Src/sysmem.o
 .ARM.attributes
                0x0000018e       0x34 ./Core/Src/system_stm32l4xx.o
 .ARM.attributes
                0x000001c2       0x34 ./Core/Src/usart.o
 .ARM.attributes
                0x000001f6       0x21 ./Core/Startup/startup_stm32l476rgtx.o
 .ARM.attributes
                0x00000217       0x34 ./Drivers/STM32L4xx_HAL_Driver/Src/stm32l4xx_hal.o
 .ARM.attributes
                0x0000024b       0x34 ./Drivers/STM32L4xx_HAL_Driver/Src/stm32l4xx_hal_can.o
 .ARM.attributes
                0x0000027f       0x34 ./Drivers/STM32L4xx_HAL_Driver/Src/stm32l4xx_hal_cortex.o
 .ARM.attributes
                0x000002b3       0x34 ./Drivers/STM32L4xx_HAL_Driver/Src/stm32l4xx_hal_dma.o
 .ARM.attributes
                0x000002e7       0x34 ./Drivers/STM32L4xx_HAL_Driver/Src/stm32l4xx_hal_gpio.o
 .ARM.attributes
                0x0000031b       0x34 ./Drivers/STM32L4xx_HAL_Driver/Src/stm32l4xx_hal_pwr_ex.o
 .ARM.attributes
                0x0000034f       0x34 ./Drivers/STM32L4xx_HAL_Driver/Src/stm32l4xx_hal_rcc.o
 .ARM.attributes
                0x00000383       0x34 ./Drivers/STM32L4xx_HAL_Driver/Src/stm32l4xx_hal_rcc_ex.o
 .ARM.attributes
                0x000003b7       0x34 ./Drivers/STM32L4xx_HAL_Driver/Src/stm32l4xx_hal_uart.o
 .ARM.attributes
                0x000003eb       0x34 ./Drivers/STM32L4xx_HAL_Driver/Src/stm32l4xx_hal_uart_ex.o
 .ARM.attributes
                0x0000041f       0x34 /Applications/STM32CubeIDE.app/Contents/Eclipse/plugins/com.st.stm32cube.ide.mcu.externaltools.gnu-tools-for-stm32.13.3.rel1.macos64_1.0.0.202411102158/tools/bin/../lib/gcc/arm-none-eabi/13.3.1/../../../../arm-none-eabi/lib/thumb/v7e-m+fp/hard/libc_nano.a(libc_a-atoi.o)
 .ARM.attributes
                0x00000453       0x34 /Applications/STM32CubeIDE.app/Contents/Eclipse/plugins/com.st.stm32cube.ide.mcu.externaltools.gnu-tools-for-stm32.13.3.rel1.macos64_1.0.0.202411102158/tools/bin/../lib/gcc/arm-none-eabi/13.3.1/../../../../arm-none-eabi/lib/thumb/v7e-m+fp/hard/libc_nano.a(libc_a-sprintf.o)
 .ARM.attributes
                0x00000487       0x34 /Applications/STM32CubeIDE.app/Contents/Eclipse/plugins/com.st.stm32cube.ide.mcu.externaltools.gnu-tools-for-stm32.13.3.rel1.macos64_1.0.0.202411102158/tools/bin/../lib/gcc/arm-none-eabi/13.3.1/../../../../arm-none-eabi/lib/thumb/v7e-m+fp/hard/libc_nano.a(libc_a-findfp.o)
 .ARM.attributes
                0x000004bb       0x34 /Applications/STM32CubeIDE.app/Contents/Eclipse/plugins/com.st.stm32cube.ide.mcu.externaltools.gnu-tools-for-stm32.13.3.rel1.macos64_1.0.0.202411102158/tools/bin/../lib/gcc/arm-none-eabi/13.3.1/../../../../arm-none-eabi/lib/thumb/v7e-m+fp/hard/libc_nano.a(libc_a-strtol.o)
 .ARM.attributes
                0x000004ef       0x34 /Applications/STM32CubeIDE.app/Contents/Eclipse/plugins/com.st.stm32cube.ide.mcu.externaltools.gnu-tools-for-stm32.13.3.rel1.macos64_1.0.0.202411102158/tools/bin/../lib/gcc/arm-none-eabi/13.3.1/../../../../arm-none-eabi/lib/thumb/v7e-m+fp/hard/libc_nano.a(libc_a-memset.o)
 .ARM.attributes
                0x00000523       0x34 /Applications/STM32CubeIDE.app/Contents/Eclipse/plugins/com.st.stm32cube.ide.mcu.externaltools.gnu-tools-for-stm32.13.3.rel1.macos64_1.0.0.202411102158/tools/bin/../lib/gcc/arm-none-eabi/13.3.1/../../../../arm-none-eabi/lib/thumb/v7e-m+fp/hard/libc_nano.a(libc_a-strchr.o)
 .ARM.attributes
                0x00000557       0x34 /Applications/STM32CubeIDE.app/Contents/Eclipse/plugins/com.st.stm32cube.ide.mcu.externaltools.gnu-tools-for-stm32.13.3.rel1.macos64_1.0.0.202411102158/tools/bin/../lib/gcc/arm-none-eabi/13.3.1/../../../../arm-none-eabi/lib/thumb/v7e-m+fp/hard/libc_nano.a(libc_a-strncmp.o)
 .ARM.attributes
                0x0000058b       0x34 /Applications/STM32CubeIDE.app/Contents/Eclipse/plugins/com.st.stm32cube.ide.mcu.externaltools.gnu-tools-for-stm32.13.3.rel1.macos64_1.0.0.202411102158/tools/bin/../lib/gcc/arm-none-eabi/13.3.1/../../../../arm-none-eabi/lib/thumb/v7e-m+fp/hard/libc_nano.a(libc_a-strncpy.o)
 .ARM.attributes
                0x000005bf       0x34 /Applications/STM32CubeIDE.app/Contents/Eclipse/plugins/com.st.stm32cube.ide.mcu.externaltools.gnu-tools-for-stm32.13.3.rel1.macos64_1.0.0.202411102158/tools/bin/../lib/gcc/arm-none-eabi/13.3.1/../../../../arm-none-eabi/lib/thumb/v7e-m+fp/hard/libc_nano.a(libc_a-errno.o)
 .ARM.attributes
                0x000005f3       0x34 /Applications/STM32CubeIDE.app/Contents/Eclipse/plugins/com.st.stm32cube.ide.mcu.externaltools.gnu-tools-for-stm32.13.3.rel1.macos64_1.0.0.202411102158/tools/bin/../lib/gcc/arm-none-eabi/13.3.1/../../../../arm-none-eabi/lib/thumb/v7e-m+fp/hard/libc_nano.a(libc_a-init.o)
 .ARM.attributes
                0x00000627       0x34 /Applications/STM32CubeIDE.app/Contents/Eclipse/plugins/com.st.stm32cube.ide.mcu.externaltools.gnu-tools-for-stm32.13.3.rel1.macos64_1.0.0.202411102158/tools/bin/../lib/gcc/arm-none-eabi/13.3.1/../../../../arm-none-eabi/lib/thumb/v7e-m+fp/hard/libc_nano.a(libc_a-lock.o)
 .ARM.attributes
                0x0000065b       0x34 /Applications/STM32CubeIDE.app/Contents/Eclipse/plugins/com.st.stm32cube.ide.mcu.externaltools.gnu-tools-for-stm32.13.3.rel1.macos64_1.0.0.202411102158/tools/bin/../lib/gcc/arm-none-eabi/13.3.1/../../../../arm-none-eabi/lib/thumb/v7e-m+fp/hard/libc_nano.a(libc_a-impure.o)
 .ARM.attributes
                0x0000068f       0x17 /Applications/STM32CubeIDE.app/Contents/Eclipse/plugins/com.st.stm32cube.ide.mcu.externaltools.gnu-tools-for-stm32.13.3.rel1.macos64_1.0.0.202411102158/tools/bin/../lib/gcc/arm-none-eabi/13.3.1/../../../../arm-none-eabi/lib/thumb/v7e-m+fp/hard/libc_nano.a(libc_a-strlen.o)
 .ARM.attributes
                0x000006a6       0x34 /Applications/STM32CubeIDE.app/Contents/Eclipse/plugins/com.st.stm32cube.ide.mcu.externaltools.gnu-tools-for-stm32.13.3.rel1.macos64_1.0.0.202411102158/tools/bin/../lib/gcc/arm-none-eabi/13.3.1/../../../../arm-none-eabi/lib/thumb/v7e-m+fp/hard/libc_nano.a(libc_a-ctype_.o)
 .ARM.attributes
                0x000006da       0x34 /Applications/STM32CubeIDE.app/Contents/Eclipse/plugins/com.st.stm32cube.ide.mcu.externaltools.gnu-tools-for-stm32.13.3.rel1.macos64_1.0.0.202411102158/tools/bin/../lib/gcc/arm-none-eabi/13.3.1/../../../../arm-none-eabi/lib/thumb/v7e-m+fp/hard/libc_nano.a(libc_a-nano-svfprintf.o)
 .ARM.attributes
                0x0000070e       0x34 /Applications/STM32CubeIDE.app/Contents/Eclipse/plugins/com.st.stm32cube.ide.mcu.externaltools.gnu-tools-for-stm32.13.3.rel1.macos64_1.0.0.202411102158/tools/bin/../lib/gcc/arm-none-eabi/13.3.1/../../../../arm-none-eabi/lib/thumb/v7e-m+fp/hard/libc_nano.a(libc_a-mallocr.o)
 .ARM.attributes
                0x00000742       0x34 /Applications/STM32CubeIDE.app/Contents/Eclipse/plugins/com.st.stm32cube.ide.mcu.externaltools.gnu-tools-for-stm32.13.3.rel1.macos64_1.0.0.202411102158/tools/bin/../lib/gcc/arm-none-eabi/13.3.1/../../../../arm-none-eabi/lib/thumb/v7e-m+fp/hard/libc_nano.a(libc_a-nano-vfprintf_i.o)
 .ARM.attributes
                0x00000776       0x34 /Applications/STM32CubeIDE.app/Contents/Eclipse/plugins/com.st.stm32cube.ide.mcu.externaltools.gnu-tools-for-stm32.13.3.rel1.macos64_1.0.0.202411102158/tools/bin/../lib/gcc/arm-none-eabi/13.3.1/../../../../arm-none-eabi/lib/thumb/v7e-m+fp/hard/libc_nano.a(libc_a-mlock.o)
 .ARM.attributes
                0x000007aa       0x34 /Applications/STM32CubeIDE.app/Contents/Eclipse/plugins/com.st.stm32cube.ide.mcu.externaltools.gnu-tools-for-stm32.13.3.rel1.macos64_1.0.0.202411102158/tools/bin/../lib/gcc/arm-none-eabi/13.3.1/../../../../arm-none-eabi/lib/thumb/v7e-m+fp/hard/libc_nano.a(libc_a-reallocr.o)
 .ARM.attributes
                0x000007de       0x34 /Applications/STM32CubeIDE.app/Contents/Eclipse/plugins/com.st.stm32cube.ide.mcu.externaltools.gnu-tools-for-stm32.13.3.rel1.macos64_1.0.0.202411102158/tools/bin/../lib/gcc/arm-none-eabi/13.3.1/../../../../arm-none-eabi/lib/thumb/v7e-m+fp/hard/libc_nano.a(libc_a-memmove.o)
 .ARM.attributes
                0x00000812       0x34 /Applications/STM32CubeIDE.app/Contents/Eclipse/plugins/com.st.stm32cube.ide.mcu.externaltools.gnu-tools-for-stm32.13.3.rel1.macos64_1.0.0.202411102158/tools/bin/../lib/gcc/arm-none-eabi/13.3.1/../../../../arm-none-eabi/lib/thumb/v7e-m+fp/hard/libc_nano.a(libc_a-sbrkr.o)
 .ARM.attributes
                0x00000846       0x34 /Applications/STM32CubeIDE.app/Contents/Eclipse/plugins/com.st.stm32cube.ide.mcu.externaltools.gnu-tools-for-stm32.13.3.rel1.macos64_1.0.0.202411102158/tools/bin/../lib/gcc/arm-none-eabi/13.3.1/../../../../arm-none-eabi/lib/thumb/v7e-m+fp/hard/libc_nano.a(libc_a-reent.o)
 .ARM.attributes
                0x0000087a       0x1c /Applications/STM32CubeIDE.app/Contents/Eclipse/plugins/com.st.stm32cube.ide.mcu.externaltools.gnu-tools-for-stm32.13.3.rel1.macos64_1.0.0.202411102158/tools/bin/../lib/gcc/arm-none-eabi/13.3.1/../../../../arm-none-eabi/lib/thumb/v7e-m+fp/hard/libc_nano.a(libc_a-memchr.o)
 .ARM.attributes
                0x00000896       0x34 /Applications/STM32CubeIDE.app/Contents/Eclipse/plugins/com.st.stm32cube.ide.mcu.externaltools.gnu-tools-for-stm32.13.3.rel1.macos64_1.0.0.202411102158/tools/bin/../lib/gcc/arm-none-eabi/13.3.1/../../../../arm-none-eabi/lib/thumb/v7e-m+fp/hard/libc_nano.a(libc_a-memcpy-stub.o)
 .ARM.attributes
                0x000008ca       0x34 /Applications/STM32CubeIDE.app/Contents/Eclipse/plugins/com.st.stm32cube.ide.mcu.externaltools.gnu-tools-for-stm32.13.3.rel1.macos64_1.0.0.202411102158/tools/bin/../lib/gcc/arm-none-eabi/13.3.1/../../../../arm-none-eabi/lib/thumb/v7e-m+fp/hard/libc_nano.a(libc_a-freer.o)
 .ARM.attributes
                0x000008fe       0x34 /Applications/STM32CubeIDE.app/Contents/Eclipse/plugins/com.st.stm32cube.ide.mcu.externaltools.gnu-tools-for-stm32.13.3.rel1.macos64_1.0.0.202411102158/tools/bin/../lib/gcc/arm-none-eabi/13.3.1/../../../../arm-none-eabi/lib/thumb/v7e-m+fp/hard/libc_nano.a(libc_a-msizer.o)
 .ARM.attributes
                0x00000932       0x22 /Applications/STM32CubeIDE.app/Contents/Eclipse/plugins/com.st.stm32cube.ide.mcu.externaltools.gnu-tools-for-stm32.13.3.rel1.macos64_1.0.0.202411102158/tools/bin/../lib/gcc/arm-none-eabi/13.3.1/thumb/v7e-m+fp/hard/libgcc.a(_aeabi_uldivmod.o)
 .ARM.attributes
                0x00000954       0x34 /Applications/STM32CubeIDE.app/Contents/Eclipse/plugins/com.st.stm32cube.ide.mcu.externaltools.gnu-tools-for-stm32.13.3.rel1.macos64_1.0.0.202411102158/tools/bin/../lib/gcc/arm-none-eabi/13.3.1/thumb/v7e-m+fp/hard/libgcc.a(_udivmoddi4.o)
 .ARM.attributes
                0x00000988       0x22 /Applications/STM32CubeIDE.app/Contents/Eclipse/plugins/com.st.stm32cube.ide.mcu.externaltools.gnu-tools-for-stm32.13.3.rel1.macos64_1.0.0.202411102158/tools/bin/../lib/gcc/arm-none-eabi/13.3.1/thumb/v7e-m+fp/hard/libgcc.a(_dvmd_tls.o)
 .ARM.attributes
                0x000009aa       0x22 /Applications/STM32CubeIDE.app/Contents/Eclipse/plugins/com.st.stm32cube.ide.mcu.externaltools.gnu-tools-for-stm32.13.3.rel1.macos64_1.0.0.202411102158/tools/bin/../lib/gcc/arm-none-eabi/13.3.1/thumb/v7e-m+fp/hard/crtn.o
OUTPUT(Chademo_CAN_Charger.elf elf32-littlearm)
LOAD linker stubs
LOAD /Applications/STM32CubeIDE.app/Contents/Eclipse/plugins/com.st.stm32cube.ide.mcu.externaltools.gnu-tools-for-stm32.13.3.rel1.macos64_1.0.0.202411102158/tools/bin/../lib/gcc/arm-none-eabi/13.3.1/../../../../arm-none-eabi/lib/thumb/v7e-m+fp/hard/libc.a
LOAD /Applications/STM32CubeIDE.app/Contents/Eclipse/plugins/com.st.stm32cube.ide.mcu.externaltools.gnu-tools-for-stm32.13.3.rel1.macos64_1.0.0.202411102158/tools/bin/../lib/gcc/arm-none-eabi/13.3.1/../../../../arm-none-eabi/lib/thumb/v7e-m+fp/hard/libm.a
LOAD /Applications/STM32CubeIDE.app/Contents/Eclipse/plugins/com.st.stm32cube.ide.mcu.externaltools.gnu-tools-for-stm32.13.3.rel1.macos64_1.0.0.202411102158/tools/bin/../lib/gcc/arm-none-eabi/13.3.1/thumb/v7e-m+fp/hard/libgcc.a

.debug_info     0x00000000     0xf3f1
 .debug_info    0x00000000      0xb6b ./Core/Src/can.o
 .debug_info    0x00000b6b      0x4bc ./Core/Src/gpio.o
 .debug_info    0x00001027     0x189b ./Core/Src/main.o
 .debug_info    0x000028c2      0x301 ./Core/Src/stm32l4xx_hal_msp.o
 .debug_info    0x00002bc3      0xb23 ./Core/Src/stm32l4xx_it.o
 .debug_info    0x000036e6      0x168 ./Core/Src/sysmem.o
 .debug_info    0x0000384e      0x5e2 ./Core/Src/system_stm32l4xx.o
 .debug_info    0x00003e30      0xf8c ./Core/Src/usart.o
 .debug_info    0x00004dbc       0x30 ./Core/Startup/startup_stm32l476rgtx.o
 .debug_info    0x00004dec      0xc4d ./Drivers/STM32L4xx_HAL_Driver/Src/stm32l4xx_hal.o
 .debug_info    0x00005a39      0xf70 ./Drivers/STM32L4xx_HAL_Driver/Src/stm32l4xx_hal_can.o
 .debug_info    0x000069a9      0xdad ./Drivers/STM32L4xx_HAL_Driver/Src/stm32l4xx_hal_cortex.o
 .debug_info    0x00007756      0x71a ./Drivers/STM32L4xx_HAL_Driver/Src/stm32l4xx_hal_dma.o
 .debug_info    0x00007e70      0x79f ./Drivers/STM32L4xx_HAL_Driver/Src/stm32l4xx_hal_gpio.o
 .debug_info    0x0000860f      0x9ca ./Drivers/STM32L4xx_HAL_Driver/Src/stm32l4xx_hal_pwr_ex.o
 .debug_info    0x00008fd9      0xc45 ./Drivers/STM32L4xx_HAL_Driver/Src/stm32l4xx_hal_rcc.o
 .debug_info    0x00009c1e      0xe58 ./Drivers/STM32L4xx_HAL_Driver/Src/stm32l4xx_hal_rcc_ex.o
 .debug_info    0x0000aa76     0x3b8e ./Drivers/STM32L4xx_HAL_Driver/Src/stm32l4xx_hal_uart.o
 .debug_info    0x0000e604      0xded ./Drivers/STM32L4xx_HAL_Driver/Src/stm32l4xx_hal_uart_ex.o

.debug_abbrev   0x00000000     0x26e6
 .debug_abbrev  0x00000000      0x20d ./Core/Src/can.o
 .debug_abbrev  0x0000020d      0x158 ./Core/Src/gpio.o
 .debug_abbrev  0x00000365      0x3f1 ./Core/Src/main.o
 .debug_abbrev  0x00000756       0xdd ./Core/Src/stm32l4xx_hal_msp.o
 .debug_abbrev  0x00000833      0x1dd ./Core/Src/stm32l4xx_it.o
 .debug_abbrev  0x00000a10       0xbc ./Core/Src/sysmem.o
 .debug_abbrev  0x00000acc      0x117 ./Core/Src/system_stm32l4xx.o
 .debug_abbrev  0x00000be3      0x1fa ./Core/Src/usart.o
 .debug_abbrev  0x00000ddd       0x24 ./Core/Startup/startup_stm32l476rgtx.o
 .debug_abbrev  0x00000e01      0x243 ./Drivers/STM32L4xx_HAL_Driver/Src/stm32l4xx_hal.o
 .debug_abbrev  0x00001044      0x27b ./Drivers/STM32L4xx_HAL_Driver/Src/stm32l4xx_hal_can.o
 .debug_abbrev  0x000012bf      0x31c ./Drivers/STM32L4xx_HAL_Driver/Src/stm32l4xx_hal_cortex.o
 .debug_abbrev  0x000015db      0x1fd ./Drivers/STM32L4xx_HAL_Driver/Src/stm32l4xx_hal_dma.o
 .debug_abbrev  0x000017d8      0x1d1 ./Drivers/STM32L4xx_HAL_Driver/Src/stm32l4xx_hal_gpio.o
 .debug_abbrev  0x000019a9      0x1f9 ./Drivers/STM32L4xx_HAL_Driver/Src/stm32l4xx_hal_pwr_ex.o
 .debug_abbrev  0x00001ba2      0x2dc ./Drivers/STM32L4xx_HAL_Driver/Src/stm32l4xx_hal_rcc.o
 .debug_abbrev  0x00001e7e      0x2a5 ./Drivers/STM32L4xx_HAL_Driver/Src/stm32l4xx_hal_rcc_ex.o
 .debug_abbrev  0x00002123      0x2f3 ./Drivers/STM32L4xx_HAL_Driver/Src/stm32l4xx_hal_uart.o
 .debug_abbrev  0x00002416      0x2d0 ./Drivers/STM32L4xx_HAL_Driver/Src/stm32l4xx_hal_uart_ex.o

.debug_aranges  0x00000000      0xbf8
 .debug_aranges
                0x00000000       0x30 ./Core/Src/can.o
 .debug_aranges
                0x00000030       0x20 ./Core/Src/gpio.o
 .debug_aranges
                0x00000050       0xa8 ./Core/Src/main.o
 .debug_aranges
                0x000000f8       0x20 ./Core/Src/stm32l4xx_hal_msp.o
 .debug_aranges
                0x00000118       0x80 ./Core/Src/stm32l4xx_it.o
 .debug_aranges
                0x00000198       0x20 ./Core/Src/sysmem.o
 .debug_aranges
                0x000001b8       0x28 ./Core/Src/system_stm32l4xx.o
 .debug_aranges
                0x000001e0       0x30 ./Core/Src/usart.o
 .debug_aranges
                0x00000210       0x28 ./Core/Startup/startup_stm32l476rgtx.o
 .debug_aranges
                0x00000238      0x130 ./Drivers/STM32L4xx_HAL_Driver/Src/stm32l4xx_hal.o
 .debug_aranges
                0x00000368      0x138 ./Drivers/STM32L4xx_HAL_Driver/Src/stm32l4xx_hal_can.o
 .debug_aranges
                0x000004a0      0x128 ./Drivers/STM32L4xx_HAL_Driver/Src/stm32l4xx_hal_cortex.o
 .debug_aranges
                0x000005c8       0x80 ./Drivers/STM32L4xx_HAL_Driver/Src/stm32l4xx_hal_dma.o
 .debug_aranges
                0x00000648       0x58 ./Drivers/STM32L4xx_HAL_Driver/Src/stm32l4xx_hal_gpio.o
 .debug_aranges
                0x000006a0      0x160 ./Drivers/STM32L4xx_HAL_Driver/Src/stm32l4xx_hal_pwr_ex.o
 .debug_aranges
                0x00000800       0x90 ./Drivers/STM32L4xx_HAL_Driver/Src/stm32l4xx_hal_rcc.o
 .debug_aranges
                0x00000890       0xc0 ./Drivers/STM32L4xx_HAL_Driver/Src/stm32l4xx_hal_rcc_ex.o
 .debug_aranges
                0x00000950      0x228 ./Drivers/STM32L4xx_HAL_Driver/Src/stm32l4xx_hal_uart.o
 .debug_aranges
                0x00000b78       0x80 ./Drivers/STM32L4xx_HAL_Driver/Src/stm32l4xx_hal_uart_ex.o

.debug_rnglists
                0x00000000      0x91b
 .debug_rnglists
                0x00000000       0x20 ./Core/Src/can.o
 .debug_rnglists
                0x00000020       0x14 ./Core/Src/gpio.o
 .debug_rnglists
                0x00000034       0x83 ./Core/Src/main.o
 .debug_rnglists
                0x000000b7       0x13 ./Core/Src/stm32l4xx_hal_msp.o
 .debug_rnglists
                0x000000ca       0x5b ./Core/Src/stm32l4xx_it.o
 .debug_rnglists
                0x00000125       0x13 ./Core/Src/sysmem.o
 .debug_rnglists
                0x00000138       0x1a ./Core/Src/system_stm32l4xx.o
 .debug_rnglists
                0x00000152       0x20 ./Core/Src/usart.o
 .debug_rnglists
                0x00000172       0x19 ./Core/Startup/startup_stm32l476rgtx.o
 .debug_rnglists
                0x0000018b       0xdf ./Drivers/STM32L4xx_HAL_Driver/Src/stm32l4xx_hal.o
 .debug_rnglists
                0x0000026a       0xee ./Drivers/STM32L4xx_HAL_Driver/Src/stm32l4xx_hal_can.o
 .debug_rnglists
                0x00000358       0xda ./Drivers/STM32L4xx_HAL_Driver/Src/stm32l4xx_hal_cortex.o
 .debug_rnglists
                0x00000432       0x65 ./Drivers/STM32L4xx_HAL_Driver/Src/stm32l4xx_hal_dma.o
 .debug_rnglists
                0x00000497       0x3f ./Drivers/STM32L4xx_HAL_Driver/Src/stm32l4xx_hal_gpio.o
 .debug_rnglists
                0x000004d6      0x109 ./Drivers/STM32L4xx_HAL_Driver/Src/stm32l4xx_hal_pwr_ex.o
 .debug_rnglists
                0x000005df       0x6d ./Drivers/STM32L4xx_HAL_Driver/Src/stm32l4xx_hal_rcc.o
 .debug_rnglists
                0x0000064c       0x95 ./Drivers/STM32L4xx_HAL_Driver/Src/stm32l4xx_hal_rcc_ex.o
 .debug_rnglists
                0x000006e1      0x1da ./Drivers/STM32L4xx_HAL_Driver/Src/stm32l4xx_hal_uart.o
 .debug_rnglists
                0x000008bb       0x60 ./Drivers/STM32L4xx_HAL_Driver/Src/stm32l4xx_hal_uart_ex.o

.debug_macro    0x00000000    0x26e34
 .debug_macro   0x00000000      0x1de ./Core/Src/can.o
 .debug_macro   0x000001de      0xad8 ./Core/Src/can.o
 .debug_macro   0x00000cb6      0x1a7 ./Core/Src/can.o
 .debug_macro   0x00000e5d       0x2e ./Core/Src/can.o
 .debug_macro   0x00000e8b       0x28 ./Core/Src/can.o
 .debug_macro   0x00000eb3       0x22 ./Core/Src/can.o
 .debug_macro   0x00000ed5       0x8e ./Core/Src/can.o
 .debug_macro   0x00000f63       0x51 ./Core/Src/can.o
 .debug_macro   0x00000fb4      0x103 ./Core/Src/can.o
 .debug_macro   0x000010b7       0x6a ./Core/Src/can.o
 .debug_macro   0x00001121      0x1df ./Core/Src/can.o
 .debug_macro   0x00001300       0x1c ./Core/Src/can.o
 .debug_macro   0x0000131c       0x22 ./Core/Src/can.o
 .debug_macro   0x0000133e       0xfb ./Core/Src/can.o
 .debug_macro   0x00001439     0x1011 ./Core/Src/can.o
 .debug_macro   0x0000244a      0x11f ./Core/Src/can.o
 .debug_macro   0x00002569    0x1a192 ./Core/Src/can.o
 .debug_macro   0x0001c6fb       0x6d ./Core/Src/can.o
 .debug_macro   0x0001c768     0x38fb ./Core/Src/can.o
 .debug_macro   0x00020063      0x190 ./Core/Src/can.o
 .debug_macro   0x000201f3       0x5c ./Core/Src/can.o
 .debug_macro   0x0002024f     0x159e ./Core/Src/can.o
 .debug_macro   0x000217ed      0x5a5 ./Core/Src/can.o
 .debug_macro   0x00021d92      0x1b9 ./Core/Src/can.o
 .debug_macro   0x00021f4b      0x18b ./Core/Src/can.o
 .debug_macro   0x000220d6      0x2c4 ./Core/Src/can.o
 .debug_macro   0x0002239a      0x27a ./Core/Src/can.o
 .debug_macro   0x00022614      0x23d ./Core/Src/can.o
 .debug_macro   0x00022851      0x408 ./Core/Src/can.o
 .debug_macro   0x00022c59      0x241 ./Core/Src/can.o
 .debug_macro   0x00022e9a      0x37c ./Core/Src/can.o
 .debug_macro   0x00023216       0xd6 ./Core/Src/can.o
 .debug_macro   0x000232ec      0x122 ./Core/Src/can.o
 .debug_macro   0x0002340e      0x3ef ./Core/Src/can.o
 .debug_macro   0x000237fd      0x5cf ./Core/Src/can.o
 .debug_macro   0x00023dcc       0x44 ./Core/Src/can.o
 .debug_macro   0x00023e10      0x330 ./Core/Src/can.o
 .debug_macro   0x00024140       0x4c ./Core/Src/can.o
 .debug_macro   0x0002418c      0x1de ./Core/Src/gpio.o
 .debug_macro   0x0002436a      0x348 ./Core/Src/main.o
 .debug_macro   0x000246b2       0x61 ./Core/Src/main.o
 .debug_macro   0x00024713       0x2a ./Core/Src/main.o
 .debug_macro   0x0002473d       0x43 ./Core/Src/main.o
 .debug_macro   0x00024780       0x34 ./Core/Src/main.o
 .debug_macro   0x000247b4      0x370 ./Core/Src/main.o
 .debug_macro   0x00024b24       0x16 ./Core/Src/main.o
 .debug_macro   0x00024b3a       0x4a ./Core/Src/main.o
 .debug_macro   0x00024b84       0x34 ./Core/Src/main.o
 .debug_macro   0x00024bb8       0x10 ./Core/Src/main.o
 .debug_macro   0x00024bc8       0x58 ./Core/Src/main.o
 .debug_macro   0x00024c20       0x8e ./Core/Src/main.o
 .debug_macro   0x00024cae       0x1c ./Core/Src/main.o
 .debug_macro   0x00024cca      0x185 ./Core/Src/main.o
 .debug_macro   0x00024e4f       0x10 ./Core/Src/main.o
 .debug_macro   0x00024e5f       0x3c ./Core/Src/main.o
 .debug_macro   0x00024e9b       0x20 ./Core/Src/main.o
 .debug_macro   0x00024ebb       0x1c ./Core/Src/main.o
 .debug_macro   0x00024ed7       0x10 ./Core/Src/main.o
 .debug_macro   0x00024ee7       0x1c ./Core/Src/main.o
 .debug_macro   0x00024f03       0x16 ./Core/Src/main.o
 .debug_macro   0x00024f19      0x146 ./Core/Src/main.o
 .debug_macro   0x0002505f       0x16 ./Core/Src/main.o
 .debug_macro   0x00025075       0x16 ./Core/Src/main.o
 .debug_macro   0x0002508b       0x29 ./Core/Src/main.o
 .debug_macro   0x000250b4      0x1d4 ./Core/Src/stm32l4xx_hal_msp.o
 .debug_macro   0x00025288      0x1de ./Core/Src/stm32l4xx_it.o
 .debug_macro   0x00025466      0x112 ./Core/Src/sysmem.o
 .debug_macro   0x00025578      0x23c ./Core/Src/sysmem.o
 .debug_macro   0x000257b4      0x1c5 ./Core/Src/system_stm32l4xx.o
 .debug_macro   0x00025979      0x1de ./Core/Src/usart.o
 .debug_macro   0x00025b57      0x213 ./Drivers/STM32L4xx_HAL_Driver/Src/stm32l4xx_hal.o
 .debug_macro   0x00025d6a      0x1d4 ./Drivers/STM32L4xx_HAL_Driver/Src/stm32l4xx_hal_can.o
 .debug_macro   0x00025f3e      0x1c5 ./Drivers/STM32L4xx_HAL_Driver/Src/stm32l4xx_hal_cortex.o
 .debug_macro   0x00026103      0x1c5 ./Drivers/STM32L4xx_HAL_Driver/Src/stm32l4xx_hal_dma.o
 .debug_macro   0x000262c8      0x1cc ./Drivers/STM32L4xx_HAL_Driver/Src/stm32l4xx_hal_gpio.o
 .debug_macro   0x00026494      0x1e9 ./Drivers/STM32L4xx_HAL_Driver/Src/stm32l4xx_hal_pwr_ex.o
 .debug_macro   0x0002667d      0x207 ./Drivers/STM32L4xx_HAL_Driver/Src/stm32l4xx_hal_rcc.o
 .debug_macro   0x00026884      0x1fb ./Drivers/STM32L4xx_HAL_Driver/Src/stm32l4xx_hal_rcc_ex.o
 .debug_macro   0x00026a7f      0x1f0 ./Drivers/STM32L4xx_HAL_Driver/Src/stm32l4xx_hal_uart.o
 .debug_macro   0x00026c6f      0x1c5 ./Drivers/STM32L4xx_HAL_Driver/Src/stm32l4xx_hal_uart_ex.o

.debug_line     0x00000000     0xeb55
 .debug_line    0x00000000      0x753 ./Core/Src/can.o
 .debug_line    0x00000753      0x6f2 ./Core/Src/gpio.o
 .debug_line    0x00000e45      0xebf ./Core/Src/main.o
 .debug_line    0x00001d04      0x6d8 ./Core/Src/stm32l4xx_hal_msp.o
 .debug_line    0x000023dc      0x7e7 ./Core/Src/stm32l4xx_it.o
 .debug_line    0x00002bc3      0x521 ./Core/Src/sysmem.o
 .debug_line    0x000030e4      0x776 ./Core/Src/system_stm32l4xx.o
 .debug_line    0x0000385a      0x765 ./Core/Src/usart.o
 .debug_line    0x00003fbf       0x7a ./Core/Startup/startup_stm32l476rgtx.o
 .debug_line    0x00004039      0xadf ./Drivers/STM32L4xx_HAL_Driver/Src/stm32l4xx_hal.o
 .debug_line    0x00004b18     0x1185 ./Drivers/STM32L4xx_HAL_Driver/Src/stm32l4xx_hal_can.o
 .debug_line    0x00005c9d      0xc79 ./Drivers/STM32L4xx_HAL_Driver/Src/stm32l4xx_hal_cortex.o
 .debug_line    0x00006916      0xc93 ./Drivers/STM32L4xx_HAL_Driver/Src/stm32l4xx_hal_dma.o
 .debug_line    0x000075a9      0xb32 ./Drivers/STM32L4xx_HAL_Driver/Src/stm32l4xx_hal_gpio.o
 .debug_line    0x000080db      0xcc0 ./Drivers/STM32L4xx_HAL_Driver/Src/stm32l4xx_hal_pwr_ex.o
 .debug_line    0x00008d9b     0x1033 ./Drivers/STM32L4xx_HAL_Driver/Src/stm32l4xx_hal_rcc.o
 .debug_line    0x00009dce     0x1501 ./Drivers/STM32L4xx_HAL_Driver/Src/stm32l4xx_hal_rcc_ex.o
 .debug_line    0x0000b2cf     0x2d11 ./Drivers/STM32L4xx_HAL_Driver/Src/stm32l4xx_hal_uart.o
 .debug_line    0x0000dfe0      0xb75 ./Drivers/STM32L4xx_HAL_Driver/Src/stm32l4xx_hal_uart_ex.o

.debug_str      0x00000000    0xec972
 .debug_str     0x00000000    0xec972 ./Core/Src/can.o
                              0xe53a6 (size before relaxing)
 .debug_str     0x000ec972    0xe4be3 ./Core/Src/gpio.o
 .debug_str     0x000ec972    0xe94a5 ./Core/Src/main.o
 .debug_str     0x000ec972    0xe4b13 ./Core/Src/stm32l4xx_hal_msp.o
 .debug_str     0x000ec972    0xe5161 ./Core/Src/stm32l4xx_it.o
 .debug_str     0x000ec972     0x7787 ./Core/Src/sysmem.o
 .debug_str     0x000ec972    0xe4ac8 ./Core/Src/system_stm32l4xx.o
 .debug_str     0x000ec972    0xe5822 ./Core/Src/usart.o
 .debug_str     0x000ec972       0x89 ./Core/Startup/startup_stm32l476rgtx.o
 .debug_str     0x000ec972    0xe56dc ./Drivers/STM32L4xx_HAL_Driver/Src/stm32l4xx_hal.o
 .debug_str     0x000ec972    0xe515e ./Drivers/STM32L4xx_HAL_Driver/Src/stm32l4xx_hal_can.o
 .debug_str     0x000ec972    0xe5341 ./Drivers/STM32L4xx_HAL_Driver/Src/stm32l4xx_hal_cortex.o
 .debug_str     0x000ec972    0xe4d44 ./Drivers/STM32L4xx_HAL_Driver/Src/stm32l4xx_hal_dma.o
 .debug_str     0x000ec972    0xe4c53 ./Drivers/STM32L4xx_HAL_Driver/Src/stm32l4xx_hal_gpio.o
 .debug_str     0x000ec972    0xe5023 ./Drivers/STM32L4xx_HAL_Driver/Src/stm32l4xx_hal_pwr_ex.o
 .debug_str     0x000ec972    0xe510e ./Drivers/STM32L4xx_HAL_Driver/Src/stm32l4xx_hal_rcc.o
 .debug_str     0x000ec972    0xe5299 ./Drivers/STM32L4xx_HAL_Driver/Src/stm32l4xx_hal_rcc_ex.o
 .debug_str     0x000ec972    0xe5820 ./Drivers/STM32L4xx_HAL_Driver/Src/stm32l4xx_hal_uart.o
 .debug_str     0x000ec972    0xe5024 ./Drivers/STM32L4xx_HAL_Driver/Src/stm32l4xx_hal_uart_ex.o

.comment        0x00000000       0x43
 .comment       0x00000000       0x43 ./Core/Src/can.o
                                 0x44 (size before relaxing)
 .comment       0x00000043       0x44 ./Core/Src/gpio.o
 .comment       0x00000043       0x44 ./Core/Src/main.o
 .comment       0x00000043       0x44 ./Core/Src/stm32l4xx_hal_msp.o
 .comment       0x00000043       0x44 ./Core/Src/stm32l4xx_it.o
 .comment       0x00000043       0x44 ./Core/Src/sysmem.o
 .comment       0x00000043       0x44 ./Core/Src/system_stm32l4xx.o
 .comment       0x00000043       0x44 ./Core/Src/usart.o
 .comment       0x00000043       0x44 ./Drivers/STM32L4xx_HAL_Driver/Src/stm32l4xx_hal.o
 .comment       0x00000043       0x44 ./Drivers/STM32L4xx_HAL_Driver/Src/stm32l4xx_hal_can.o
 .comment       0x00000043       0x44 ./Drivers/STM32L4xx_HAL_Driver/Src/stm32l4xx_hal_cortex.o
 .comment       0x00000043       0x44 ./Drivers/STM32L4xx_HAL_Driver/Src/stm32l4xx_hal_dma.o
 .comment       0x00000043       0x44 ./Drivers/STM32L4xx_HAL_Driver/Src/stm32l4xx_hal_gpio.o
 .comment       0x00000043       0x44 ./Drivers/STM32L4xx_HAL_Driver/Src/stm32l4xx_hal_pwr_ex.o
 .comment       0x00000043       0x44 ./Drivers/STM32L4xx_HAL_Driver/Src/stm32l4xx_hal_rcc.o
 .comment       0x00000043       0x44 ./Drivers/STM32L4xx_HAL_Driver/Src/stm32l4xx_hal_rcc_ex.o
 .comment       0x00000043       0x44 ./Drivers/STM32L4xx_HAL_Driver/Src/stm32l4xx_hal_uart.o
 .comment       0x00000043       0x44 ./Drivers/STM32L4xx_HAL_Driver/Src/stm32l4xx_hal_uart_ex.o

.debug_frame    0x00000000     0x35d4
 .debug_frame   0x00000000       0x74 ./Core/Src/can.o
 .debug_frame   0x00000074       0x34 ./Core/Src/gpio.o
 .debug_frame   0x000000a8      0x288 ./Core/Src/main.o
 .debug_frame   0x00000330       0x38 ./Core/Src/stm32l4xx_hal_msp.o
 .debug_frame   0x00000368      0x174 ./Core/Src/stm32l4xx_it.o
 .debug_frame   0x000004dc       0x34 ./Core/Src/sysmem.o
 .debug_frame   0x00000510       0x58 ./Core/Src/system_stm32l4xx.o
 .debug_frame   0x00000568       0x78 ./Core/Src/usart.o
 .debug_frame   0x000005e0      0x498 ./Drivers/STM32L4xx_HAL_Driver/Src/stm32l4xx_hal.o
 .debug_frame   0x00000a78      0x5a0 ./Drivers/STM32L4xx_HAL_Driver/Src/stm32l4xx_hal_can.o
 .debug_frame   0x00001018      0x4e8 ./Drivers/STM32L4xx_HAL_Driver/Src/stm32l4xx_hal_cortex.o
 .debug_frame   0x00001500      0x204 ./Drivers/STM32L4xx_HAL_Driver/Src/stm32l4xx_hal_dma.o
 .debug_frame   0x00001704      0x14c ./Drivers/STM32L4xx_HAL_Driver/Src/stm32l4xx_hal_gpio.o
 .debug_frame   0x00001850      0x584 ./Drivers/STM32L4xx_HAL_Driver/Src/stm32l4xx_hal_pwr_ex.o
 .debug_frame   0x00001dd4      0x21c ./Drivers/STM32L4xx_HAL_Driver/Src/stm32l4xx_hal_rcc.o
 .debug_frame   0x00001ff0      0x2fc ./Drivers/STM32L4xx_HAL_Driver/Src/stm32l4xx_hal_rcc_ex.o
 .debug_frame   0x000022ec      0x9f4 ./Drivers/STM32L4xx_HAL_Driver/Src/stm32l4xx_hal_uart.o
 .debug_frame   0x00002ce0      0x204 ./Drivers/STM32L4xx_HAL_Driver/Src/stm32l4xx_hal_uart_ex.o
 .debug_frame   0x00002ee4       0x30 /Applications/STM32CubeIDE.app/Contents/Eclipse/plugins/com.st.stm32cube.ide.mcu.externaltools.gnu-tools-for-stm32.13.3.rel1.macos64_1.0.0.202411102158/tools/bin/../lib/gcc/arm-none-eabi/13.3.1/../../../../arm-none-eabi/lib/thumb/v7e-m+fp/hard/libc_nano.a(libc_a-atoi.o)
 .debug_frame   0x00002f14       0x74 /Applications/STM32CubeIDE.app/Contents/Eclipse/plugins/com.st.stm32cube.ide.mcu.externaltools.gnu-tools-for-stm32.13.3.rel1.macos64_1.0.0.202411102158/tools/bin/../lib/gcc/arm-none-eabi/13.3.1/../../../../arm-none-eabi/lib/thumb/v7e-m+fp/hard/libc_nano.a(libc_a-sprintf.o)
 .debug_frame   0x00002f88      0x144 /Applications/STM32CubeIDE.app/Contents/Eclipse/plugins/com.st.stm32cube.ide.mcu.externaltools.gnu-tools-for-stm32.13.3.rel1.macos64_1.0.0.202411102158/tools/bin/../lib/gcc/arm-none-eabi/13.3.1/../../../../arm-none-eabi/lib/thumb/v7e-m+fp/hard/libc_nano.a(libc_a-findfp.o)
 .debug_frame   0x000030cc       0x64 /Applications/STM32CubeIDE.app/Contents/Eclipse/plugins/com.st.stm32cube.ide.mcu.externaltools.gnu-tools-for-stm32.13.3.rel1.macos64_1.0.0.202411102158/tools/bin/../lib/gcc/arm-none-eabi/13.3.1/../../../../arm-none-eabi/lib/thumb/v7e-m+fp/hard/libc_nano.a(libc_a-strtol.o)
 .debug_frame   0x00003130       0x20 /Applications/STM32CubeIDE.app/Contents/Eclipse/plugins/com.st.stm32cube.ide.mcu.externaltools.gnu-tools-for-stm32.13.3.rel1.macos64_1.0.0.202411102158/tools/bin/../lib/gcc/arm-none-eabi/13.3.1/../../../../arm-none-eabi/lib/thumb/v7e-m+fp/hard/libc_nano.a(libc_a-memset.o)
 .debug_frame   0x00003150       0x20 /Applications/STM32CubeIDE.app/Contents/Eclipse/plugins/com.st.stm32cube.ide.mcu.externaltools.gnu-tools-for-stm32.13.3.rel1.macos64_1.0.0.202411102158/tools/bin/../lib/gcc/arm-none-eabi/13.3.1/../../../../arm-none-eabi/lib/thumb/v7e-m+fp/hard/libc_nano.a(libc_a-strchr.o)
 .debug_frame   0x00003170       0x28 /Applications/STM32CubeIDE.app/Contents/Eclipse/plugins/com.st.stm32cube.ide.mcu.externaltools.gnu-tools-for-stm32.13.3.rel1.macos64_1.0.0.202411102158/tools/bin/../lib/gcc/arm-none-eabi/13.3.1/../../../../arm-none-eabi/lib/thumb/v7e-m+fp/hard/libc_nano.a(libc_a-strncmp.o)
 .debug_frame   0x00003198       0x28 /Applications/STM32CubeIDE.app/Contents/Eclipse/plugins/com.st.stm32cube.ide.mcu.externaltools.gnu-tools-for-stm32.13.3.rel1.macos64_1.0.0.202411102158/tools/bin/../lib/gcc/arm-none-eabi/13.3.1/../../../../arm-none-eabi/lib/thumb/v7e-m+fp/hard/libc_nano.a(libc_a-strncpy.o)
 .debug_frame   0x000031c0       0x20 /Applications/STM32CubeIDE.app/Contents/Eclipse/plugins/com.st.stm32cube.ide.mcu.externaltools.gnu-tools-for-stm32.13.3.rel1.macos64_1.0.0.202411102158/tools/bin/../lib/gcc/arm-none-eabi/13.3.1/../../../../arm-none-eabi/lib/thumb/v7e-m+fp/hard/libc_nano.a(libc_a-errno.o)
 .debug_frame   0x000031e0       0x2c /Applications/STM32CubeIDE.app/Contents/Eclipse/plugins/com.st.stm32cube.ide.mcu.externaltools.gnu-tools-for-stm32.13.3.rel1.macos64_1.0.0.202411102158/tools/bin/../lib/gcc/arm-none-eabi/13.3.1/../../../../arm-none-eabi/lib/thumb/v7e-m+fp/hard/libc_nano.a(libc_a-init.o)
 .debug_frame   0x0000320c       0xb0 /Applications/STM32CubeIDE.app/Contents/Eclipse/plugins/com.st.stm32cube.ide.mcu.externaltools.gnu-tools-for-stm32.13.3.rel1.macos64_1.0.0.202411102158/tools/bin/../lib/gcc/arm-none-eabi/13.3.1/../../../../arm-none-eabi/lib/thumb/v7e-m+fp/hard/libc_nano.a(libc_a-lock.o)