Archive member included to satisfy reference by file (symbol)

/Applications/STM32CubeIDE.app/Contents/Eclipse/plugins/com.st.stm32cube.ide.mcu.externaltools.gnu-tools-for-stm32.13.3.rel1.macos64_1.0.0.202411102158/tools/bin/../lib/gcc/arm-none-eabi/13.3.1/../../../../arm-none-eabi/lib/thumb/v7e-m+fp/hard/libc_nano.a(libc_a-atoi.o)
                              ./Core/Src/main.o (atoi)
/Applications/STM32CubeIDE.app/Contents/Eclipse/plugins/com.st.stm32cube.ide.mcu.externaltools.gnu-tools-for-stm32.13.3.rel1.macos64_1.0.0.202411102158/tools/bin/../lib/gcc/arm-none-eabi/13.3.1/../../../../arm-none-eabi/lib/thumb/v7e-m+fp/hard/libc_nano.a(libc_a-exit.o)
                              /Applications/STM32CubeIDE.app/Contents/Eclipse/plugins/com.st.stm32cube.ide.mcu.externaltools.gnu-tools-for-stm32.13.3.rel1.macos64_1.0.0.202411102158/tools/bin/../lib/gcc/arm-none-eabi/13.3.1/../../../../arm-none-eabi/lib/thumb/v7e-m+fp/hard/crt0.o (exit)
/Applications/STM32CubeIDE.app/Contents/Eclipse/plugins/com.st.stm32cube.ide.mcu.externaltools.gnu-tools-for-stm32.13.3.rel1.macos64_1.0.0.202411102158/tools/bin/../lib/gcc/arm-none-eabi/13.3.1/../../../../arm-none-eabi/lib/thumb/v7e-m+fp/hard/libc_nano.a(libc_a-sprintf.o)
                              ./Core/Src/main.o (sprintf)
/Applications/STM32CubeIDE.app/Contents/Eclipse/plugins/com.st.stm32cube.ide.mcu.externaltools.gnu-tools-for-stm32.13.3.rel1.macos64_1.0.0.202411102158/tools/bin/../lib/gcc/arm-none-eabi/13.3.1/../../../../arm-none-eabi/lib/thumb/v7e-m+fp/hard/libc_nano.a(libc_a-findfp.o)
                              /Applications/STM32CubeIDE.app/Contents/Eclipse/plugins/com.st.stm32cube.ide.mcu.externaltools.gnu-tools-for-stm32.13.3.rel1.macos64_1.0.0.202411102158/tools/bin/../lib/gcc/arm-none-eabi/13.3.1/../../../../arm-none-eabi/lib/thumb/v7e-m+fp/hard/libc_nano.a(libc_a-exit.o) (__stdio_exit_handler)
/Applications/STM32CubeIDE.app/Contents/Eclipse/plugins/com.st.stm32cube.ide.mcu.externaltools.gnu-tools-for-stm32.13.3.rel1.macos64_1.0.0.202411102158/tools/bin/../lib/gcc/arm-none-eabi/13.3.1/../../../../arm-none-eabi/lib/thumb/v7e-m+fp/hard/libc_nano.a(libc_a-strtol.o)
                              /Applications/STM32CubeIDE.app/Contents/Eclipse/plugins/com.st.stm32cube.ide.mcu.externaltools.gnu-tools-for-stm32.13.3.rel1.macos64_1.0.0.202411102158/tools/bin/../lib/gcc/arm-none-eabi/13.3.1/../../../../arm-none-eabi/lib/thumb/v7e-m+fp/hard/libc_nano.a(libc_a-atoi.o) (_strtol_r)
/Applications/STM32CubeIDE.app/Contents/Eclipse/plugins/com.st.stm32cube.ide.mcu.externaltools.gnu-tools-for-stm32.13.3.rel1.macos64_1.0.0.202411102158/tools/bin/../lib/gcc/arm-none-eabi/13.3.1/../../../../arm-none-eabi/lib/thumb/v7e-m+fp/hard/libc_nano.a(libc_a-fwalk.o)
                              /Applications/STM32CubeIDE.app/Contents/Eclipse/plugins/com.st.stm32cube.ide.mcu.externaltools.gnu-tools-for-stm32.13.3.rel1.macos64_1.0.0.202411102158/tools/bin/../lib/gcc/arm-none-eabi/13.3.1/../../../../arm-none-eabi/lib/thumb/v7e-m+fp/hard/libc_nano.a(libc_a-findfp.o) (_fwalk_sglue)
/Applications/STM32CubeIDE.app/Contents/Eclipse/plugins/com.st.stm32cube.ide.mcu.externaltools.gnu-tools-for-stm32.13.3.rel1.macos64_1.0.0.202411102158/tools/bin/../lib/gcc/arm-none-eabi/13.3.1/../../../../arm-none-eabi/lib/thumb/v7e-m+fp/hard/libc_nano.a(libc_a-memset.o)
                              /Applications/STM32CubeIDE.app/Contents/Eclipse/plugins/com.st.stm32cube.ide.mcu.externaltools.gnu-tools-for-stm32.13.3.rel1.macos64_1.0.0.202411102158/tools/bin/../lib/gcc/arm-none-eabi/13.3.1/../../../../arm-none-eabi/lib/thumb/v7e-m+fp/hard/crt0.o (memset)
/Applications/STM32CubeIDE.app/Contents/Eclipse/plugins/com.st.stm32cube.ide.mcu.externaltools.gnu-tools-for-stm32.13.3.rel1.macos64_1.0.0.202411102158/tools/bin/../lib/gcc/arm-none-eabi/13.3.1/../../../../arm-none-eabi/lib/thumb/v7e-m+fp/hard/libc_nano.a(libc_a-strchr.o)
                              ./Core/Src/main.o (strchr)
/Applications/STM32CubeIDE.app/Contents/Eclipse/plugins/com.st.stm32cube.ide.mcu.externaltools.gnu-tools-for-stm32.13.3.rel1.macos64_1.0.0.202411102158/tools/bin/../lib/gcc/arm-none-eabi/13.3.1/../../../../arm-none-eabi/lib/thumb/v7e-m+fp/hard/libc_nano.a(libc_a-strncmp.o)
                              ./Core/Src/main.o (strncmp)
/Applications/STM32CubeIDE.app/Contents/Eclipse/plugins/com.st.stm32cube.ide.mcu.externaltools.gnu-tools-for-stm32.13.3.rel1.macos64_1.0.0.202411102158/tools/bin/../lib/gcc/arm-none-eabi/13.3.1/../../../../arm-none-eabi/lib/thumb/v7e-m+fp/hard/libc_nano.a(libc_a-strncpy.o)
                              ./Core/Src/main.o (strncpy)
/Applications/STM32CubeIDE.app/Contents/Eclipse/plugins/com.st.stm32cube.ide.mcu.externaltools.gnu-tools-for-stm32.13.3.rel1.macos64_1.0.0.202411102158/tools/bin/../lib/gcc/arm-none-eabi/13.3.1/../../../../arm-none-eabi/lib/thumb/v7e-m+fp/hard/libc_nano.a(libc_a-errno.o)
                              ./Core/Src/syscalls.o (__errno)
[...]
Memory Configuration

Name             Origin             Length             Attributes
RAM              0x20000000         0x00018000         xrw
RAM2             0x10000000         0x00008000         xrw
FLASH            0x08000000         0x00100000         xr
*default*        0x00000000         0xffffffff

Linker script and memory map

LOAD /Applications/STM32CubeIDE.app/Contents/Eclipse/plugins/com.st.stm32cube.ide.mcu.externaltools.gnu-tools-for-stm32.13.3.rel1.macos64_1.0.0.202411102158/tools/bin/../lib/gcc/arm-none-eabi/13.3.1/thumb/v7e-m+fp/hard/crti.o
LOAD /Applications/STM32CubeIDE.app/Contents/Eclipse/plugins/com.st.stm32cube.ide.mcu.externaltools.gnu-tools-for-stm32.13.3.rel1.macos64_1.0.0.202411102158/tools/bin/../lib/gcc/arm-none-eabi/13.3.1/thumb/v7e-m+fp/hard/crtbegin.o
LOAD /Applications/STM32CubeIDE.app/Contents/Eclipse/plugins/com.st.stm32cube.ide.mcu.externaltools.gnu-tools-for-stm32.13.3.rel1.macos64_1.0.0.202411102158/tools/bin/../lib/gcc/arm-none-eabi/13.3.1/../../../../arm-none-eabi/lib/thumb/v7e-m+fp/hard/crt0.o
LOAD ./Core/Src/can.o
LOAD ./Core/Src/gpio.o
LOAD ./Core/Src/main.o
LOAD ./Core/Src/stm32l4xx_hal_msp.o
LOAD ./Core/Src/stm32l4xx_it.o
LOAD ./Core/Src/syscalls.o
LOAD ./Core/Src/sysmem.o
LOAD ./Core/Src/system_stm32l4xx.o
LOAD ./Core/Src/usart.o
LOAD ./Core/Startup/startup_stm32l476rgtx.o
LOAD ./Drivers/STM32L4xx_HAL_Driver/Src/stm32l4xx_hal.o
LOAD ./Drivers/STM32L4xx_HAL_Driver/Src/stm32l4xx_hal_can.o
LOAD ./Drivers/STM32L4xx_HAL_Driver/Src/stm32l4xx_hal_cortex.o
LOAD ./Drivers/STM32L4xx_HAL_Driver/Src/stm32l4xx_hal_dma.o
LOAD ./Drivers/STM32L4xx_HAL_Driver/Src/stm32l4xx_hal_dma_ex.o
LOAD ./Drivers/STM32L4xx_HAL_Driver/Src/stm32l4xx_hal_exti.o
LOAD ./Drivers/STM32L4xx_HAL_Driver/Src/stm32l4xx_hal_flash.o
LOAD ./Drivers/STM32L4xx_HAL_Driver/Src/stm32l4xx_hal_flash_ex.o
LOAD ./Drivers/STM32L4xx_HAL_Driver/Src/stm32l4xx_hal_flash_ramfunc.o
LOAD ./Drivers/STM32L4xx_HAL_Driver/Src/stm32l4xx_hal_gpio.o
LOAD ./Drivers/STM32L4xx_HAL_Driver/Src/stm32l4xx_hal_i2c.o
LOAD ./Drivers/STM32L4xx_HAL_Driver/Src/stm32l4xx_hal_i2c_ex.o
LOAD ./Drivers/STM32L4xx_HAL_Driver/Src/stm32l4xx_hal_pwr.o
LOAD ./Drivers/STM32L4xx_HAL_Driver/Src/stm32l4xx_hal_pwr_ex.o
LOAD ./Drivers/STM32L4xx_HAL_Driver/Src/stm32l4xx_hal_rcc.o
LOAD ./Drivers/STM32L4xx_HAL_Driver/Src/stm32l4xx_hal_rcc_ex.o
LOAD ./Drivers/STM32L4xx_HAL_Driver/Src/stm32l4xx_hal_uart.o
LOAD ./Drivers/STM32L4xx_HAL_Driver/Src/stm32l4xx_hal_uart_ex.o
START GROUP
LOAD /Applications/STM32CubeIDE.app/Contents/Eclipse/plugins/com.st.stm32cube.ide.mcu.externaltools.gnu-tools-for-stm32.13.3.rel1.macos64_1.0.0.202411102158/tools/bin/../lib/gcc/arm-none-eabi/13.3.1/../../../../arm-none-eabi/lib/thumb/v7e-m+fp/hard/libc_nano.a
LOAD /Applications/STM32CubeIDE.app/Contents/Eclipse/plugins/com.st.stm32cube.ide.mcu.externaltools.gnu-tools-for-stm32.13.3.rel1.macos64_1.0.0.202411102158/tools/bin/../lib/gcc/arm-none-eabi/13.3.1/../../../../arm-none-eabi/lib/thumb/v7e-m+fp/hard/libm.a
END GROUP
START GROUP
LOAD /Applications/STM32CubeIDE.app/Contents/Eclipse/plugins/com.st.stm32cube.ide.mcu.externaltools.gnu-tools-for-stm32.13.3.rel1.macos64_1.0.0.202411102158/tools/bin/../lib/gcc/arm-none-eabi/13.3.1/thumb/v7e-m+fp/hard/libgcc.a
LOAD /Applications/STM32CubeIDE.app/Contents/Eclipse/plugins/com.st.stm32cube.ide.mcu.externaltools.gnu-tools-for-stm32.13.3.rel1.macos64_1.0.0.202411102158/tools/bin/../lib/gcc/arm-none-eabi/13.3.1/../../../../arm-none-eabi/lib/thumb/v7e-m+fp/hard/libc_nano.a
END GROUP
START GROUP
LOAD /Applications/STM32CubeIDE.app/Contents/Eclipse/plugins/com.st.stm32cube.ide.mcu.externaltools.gnu-tools-for-stm32.13.3.rel1.macos64_1.0.0.202411102158/tools/bin/../lib/gcc/arm-none-eabi/13.3.1/thumb/v7e-m+fp/hard/libgcc.a
LOAD /Applications/STM32CubeIDE.app/Contents/Eclipse/plugins/com.st.stm32cube.ide.mcu.externaltools.gnu-tools-for-stm32.13.3.rel1.macos64_1.0.0.202411102158/tools/bin/../lib/gcc/arm-none-eabi/13.3.1/../../../../arm-none-eabi/lib/thumb/v7e-m+fp/hard/libc_nano.a
LOAD /Applications/STM32CubeIDE.app/Contents/Eclipse/plugins/com.st.stm32cube.ide.mcu.externaltools.gnu-tools-for-stm32.13.3.rel1.macos64_1.0.0.202411102158/tools/bin/../lib/gcc/arm-none-eabi/13.3.1/../../../../arm-none-eabi/lib/thumb/v7e-m+fp/hard/libnosys.a
END GROUP
START GROUP
LOAD /Applications/STM32CubeIDE.app/Contents/Eclipse/plugins/com.st.stm32cube.ide.mcu.externaltools.gnu-tools-for-stm32.13.3.rel1.macos64_1.0.0.202411102158/tools/bin/../lib/gcc/arm-none-eabi/13.3.1/thumb/v7e-m+fp/hard/libgcc.a
LOAD /Applications/STM32CubeIDE.app/Contents/Eclipse/plugins/com.st.stm32cube.ide.mcu.externaltools.gnu-tools-for-stm32.13.3.rel1.macos64_1.0.0.202411102158/tools/bin/../lib/gcc/arm-none-eabi/13.3.1/../../../../arm-none-eabi/lib/thumb/v7e-m+fp/hard/libc_nano.a
LOAD /Applications/STM32CubeIDE.app/Contents/Eclipse/plugins/com.st.stm32cube.ide.mcu.externaltools.gnu-tools-for-stm32.13.3.rel1.macos64_1.0.0.202411102158/tools/bin/../lib/gcc/arm-none-eabi/13.3.1/../../../../arm-none-eabi/lib/thumb/v7e-m+fp/hard/libnosys.a
END GROUP
LOAD /Applications/STM32CubeIDE.app/Contents/Eclipse/plugins/com.st.stm32cube.ide.mcu.externaltools.gnu-tools-for-stm32.13.3.rel1.macos64_1.0.0.202411102158/tools/bin/../lib/gcc/arm-none-eabi/13.3.1/thumb/v7e-m+fp/hard/crtend.o
LOAD /Applications/STM32CubeIDE.app/Contents/Eclipse/plugins/com.st.stm32cube.ide.mcu.externaltools.gnu-tools-for-stm32.13.3.rel1.macos64_1.0.0.202411102158/tools/bin/../lib/gcc/arm-none-eabi/13.3.1/thumb/v7e-m+fp/hard/crtn.o
                0x20018000                        _estack = (ORIGIN (RAM) + LENGTH (RAM))
                0x00000200                        _Min_Heap_Size = 0x200
                0x00000400                        _Min_Stack_Size = 0x400

.isr_vector     0x08000000      0x188
                0x08000000                        . = ALIGN (0x4)
 *(.isr_vector)
 .isr_vector    0x08000000      0x188 ./Core/Startup/startup_stm32l476rgtx.o
                0x08000000                g_pfnVectors
                0x08000188                        . = ALIGN (0x4)

.text           0x08000190     0x6540
                0x08000190                        . = ALIGN (0x4)
 *(.text)
 .text          0x08000190       0x40 /Applications/STM32CubeIDE.app/Contents/Eclipse/plugins/com.st.stm32cube.ide.mcu.externaltools.gnu-tools-for-stm32.13.3.rel1.macos64_1.0.0.202411102158/tools/bin/../lib/gcc/arm-none-eabi/13.3.1/thumb/v7e-m+fp/hard/crtbegin.o
 .text          0x080001d0       0x10 /Applications/STM32CubeIDE.app/Contents/Eclipse/plugins/com.st.stm32cube.ide.mcu.externaltools.gnu-tools-for-stm32.13.3.rel1.macos64_1.0.0.202411102158/tools/bin/../lib/gcc/arm-none-eabi/13.3.1/../../../../arm-none-eabi/lib/thumb/v7e-m+fp/hard/libc_nano.a(libc_a-strlen.o)
                0x080001d0                strlen
 .text          0x080001e0       0xa0 /Applications/STM32CubeIDE.app/Contents/Eclipse/plugins/com.st.stm32cube.ide.mcu.externaltools.gnu-tools-for-stm32.13.3.rel1.macos64_1.0.0.202411102158/tools/bin/../lib/gcc/arm-none-eabi/13.3.1/../../../../arm-none-eabi/lib/thumb/v7e-m+fp/hard/libc_nano.a(libc_a-memchr.o)
                0x080001e0                memchr
 .text          0x08000280       0x30 /Applications/STM32CubeIDE.app/Contents/Eclipse/plugins/com.st.stm32cube.ide.mcu.externaltools.gnu-tools-for-stm32.13.3.rel1.macos64_1.0.0.202411102158/tools/bin/../lib/gcc/arm-none-eabi/13.3.1/thumb/v7e-m+fp/hard/libgcc.a(_aeabi_uldivmod.o)
                0x08000280                __aeabi_uldivmod
 .text          0x080002b0      0x2f8 /Applications/STM32CubeIDE.app/Contents/Eclipse/plugins/com.st.stm32cube.ide.mcu.externaltools.gnu-tools-for-stm32.13.3.rel1.macos64_1.0.0.202411102158/tools/bin/../lib/gcc/arm-none-eabi/13.3.1/thumb/v7e-m+fp/hard/libgcc.a(_udivmoddi4.o)
                0x080002b0                __udivmoddi4
 .text          0x080005a8        0x4 /Applications/STM32CubeIDE.app/Contents/Eclipse/plugins/com.st.stm32cube.ide.mcu.externaltools.gnu-tools-for-stm32.13.3.rel1.macos64_1.0.0.202411102158/tools/bin/../lib/gcc/arm-none-eabi/13.3.1/thumb/v7e-m+fp/hard/libgcc.a(_dvmd_tls.o)
                0x080005a8                __aeabi_ldiv0
                0x080005a8                __aeabi_idiv0
 *(.text*)
 .text.MX_CAN1_Init
                0x080005ac       0x6c ./Core/Src/can.o
                0x080005ac                MX_CAN1_Init
 .text.HAL_CAN_MspInit
                0x08000618       0xc8 ./Core/Src/can.o
                0x08000618                HAL_CAN_MspInit
 .text.MX_GPIO_Init
                0x080006e0       0xcc ./Core/Src/gpio.o
                0x080006e0                MX_GPIO_Init
 .text.UART_RX_Start
                0x080007ac       0x30 ./Core/Src/main.o
                0x080007ac                UART_RX_Start
 .text.HAL_UART_RxCpltCallback
                0x080007dc       0xb8 ./Core/Src/main.o
                0x080007dc                HAL_UART_RxCpltCallback
 .text.UART_Send
                0x08000894       0x28 ./Core/Src/main.o
                0x08000894                UART_Send
 .text.get_field
                0x080008bc       0x62 ./Core/Src/main.o
 *fill*         0x0800091e        0x2 
 .text.wait_for_line
                0x08000920       0xac ./Core/Src/main.o
 .text.CAN_Send
                0x080009cc       0x4c ./Core/Src/main.o
 .text.send_0x108
                0x08000a18       0x68 ./Core/Src/main.o
 .text.send_0x109
                0x08000a80       0xe0 ./Core/Src/main.o
 .text.send_0x208
                0x08000b60       0x68 ./Core/Src/main.o
 .text.send_0x209
                0x08000bc8       0x48 ./Core/Src/main.o
 .text.process_0x100
                0x08000c10      0x100 ./Core/Src/main.o
 .text.process_0x101
                0x08000d10       0x70 ./Core/Src/main.o
 .text.process_0x102
                0x08000d80       0xc4 ./Core/Src/main.o
 .text.process_0x200
                0x08000e44       0x94 ./Core/Src/main.o
 .text.process_0x201
                0x08000ed8       0x98 ./Core/Src/main.o
 .text.main     0x08000f70      0x498 ./Core/Src/main.o
                0x08000f70                main
 .text.SystemClock_Config
                0x08001408       0xa2 ./Core/Src/main.o
                0x08001408                SystemClock_Config
 *fill*         0x080014aa        0x2 
 .text.CAN_Filter_Config
                0x080014ac       0x40 ./Core/Src/main.o
                0x080014ac                CAN_Filter_Config
 .text.HAL_CAN_RxFifo0MsgPendingCallback
                0x080014ec      0x124 ./Core/Src/main.o
                0x080014ec                HAL_CAN_RxFifo0MsgPendingCallback
 .text.Error_Handler
                0x08001610        0xc ./Core/Src/main.o
                0x08001610                Error_Handler
 .text.HAL_MspInit
                0x0800161c       0x48 ./Core/Src/stm32l4xx_hal_msp.o
                0x0800161c                HAL_MspInit
 .text.NMI_Handler
                0x08001664        0x8 ./Core/Src/stm32l4xx_it.o
                0x08001664                NMI_Handler
 .text.HardFault_Handler
                0x0800166c        0x8 ./Core/Src/stm32l4xx_it.o
                0x0800166c                HardFault_Handler
 .text.MemManage_Handler
                0x08001674        0x8 ./Core/Src/stm32l4xx_it.o
                0x08001674                MemManage_Handler
 .text.BusFault_Handler
                0x0800167c        0x8 ./Core/Src/stm32l4xx_it.o
                0x0800167c                BusFault_Handler
 .text.UsageFault_Handler
                0x08001684        0x8 ./Core/Src/stm32l4xx_it.o
                0x08001684                UsageFault_Handler
 .text.SVC_Handler
                0x0800168c        0xe ./Core/Src/stm32l4xx_it.o
                0x0800168c                SVC_Handler
 .text.DebugMon_Handler
                0x0800169a        0xe ./Core/Src/stm32l4xx_it.o
                0x0800169a                DebugMon_Handler
 .text.PendSV_Handler
                0x080016a8        0xe ./Core/Src/stm32l4xx_it.o
                0x080016a8                PendSV_Handler
 .text.SysTick_Handler
                0x080016b6        0xc ./Core/Src/stm32l4xx_it.o
                0x080016b6                SysTick_Handler
 *fill*         0x080016c2        0x2 
 .text.CAN1_TX_IRQHandler
                0x080016c4       0x14 ./Core/Src/stm32l4xx_it.o
                0x080016c4                CAN1_TX_IRQHandler
 .text.CAN1_RX0_IRQHandler
                0x080016d8       0x14 ./Core/Src/stm32l4xx_it.o
                0x080016d8                CAN1_RX0_IRQHandler
 .text.CAN1_RX1_IRQHandler
                0x080016ec       0x14 ./Core/Src/stm32l4xx_it.o
                0x080016ec                CAN1_RX1_IRQHandler
 .text.CAN1_SCE_IRQHandler
                0x08001700       0x14 ./Core/Src/stm32l4xx_it.o
                0x08001700                CAN1_SCE_IRQHandler
 .text.USART2_IRQHandler
                0x08001714       0x14 ./Core/Src/stm32l4xx_it.o
                0x08001714                USART2_IRQHandler
 .text._sbrk    0x08001728       0x6c ./Core/Src/sysmem.o
                0x08001728                _sbrk
 .text.SystemInit
                0x08001794       0x24 ./Core/Src/system_stm32l4xx.o
                0x08001794                SystemInit
 .text.MX_USART2_UART_Init
                0x080017b8       0x60 ./Core/Src/usart.o
                0x080017b8                MX_USART2_UART_Init
 .text.HAL_UART_MspInit
                0x08001818       0xc8 ./Core/Src/usart.o
                0x08001818                HAL_UART_MspInit
 .text.Reset_Handler
                0x080018e0       0x50 ./Core/Startup/startup_stm32l476rgtx.o
                0x080018e0                Reset_Handler
 .text.Default_Handler
                0x08001930        0x2 ./Core/Startup/startup_stm32l476rgtx.o
                0x08001930                TIM1_BRK_TIM15_IRQHandler
                0x08001930                EXTI2_IRQHandler
                0x08001930                TIM8_TRG_COM_IRQHandler
                0x08001930                TIM8_CC_IRQHandler
                0x08001930                TIM1_CC_IRQHandler
                0x08001930                TSC_IRQHandler
                0x08001930                TAMP_STAMP_IRQHandler
                0x08001930                EXTI3_IRQHandler
                0x08001930                LPTIM2_IRQHandler
                0x08001930                DFSDM1_FLT1_IRQHandler
                0x08001930                I2C3_ER_IRQHandler
                0x08001930                DFSDM1_FLT2_IRQHandler
                0x08001930                EXTI0_IRQHandler
                0x08001930                I2C2_EV_IRQHandler
                0x08001930                FPU_IRQHandler
                0x08001930                TIM1_UP_TIM16_IRQHandler
                0x08001930                ADC1_2_IRQHandler
                0x08001930                SPI1_IRQHandler
                0x08001930                TIM6_DAC_IRQHandler
                0x08001930                TIM8_UP_IRQHandler
                0x08001930                DMA2_Channel2_IRQHandler
                0x08001930                DMA1_Channel4_IRQHandler
                0x08001930                SAI2_IRQHandler
                0x08001930                DFSDM1_FLT3_IRQHandler
                0x08001930                USART3_IRQHandler
                0x08001930                DMA1_Channel7_IRQHandler
                0x08001930                LCD_IRQHandler
                0x08001930                UART5_IRQHandler
                0x08001930                ADC3_IRQHandler
                0x08001930                TIM4_IRQHandler
                0x08001930                DMA2_Channel1_IRQHandler
                0x08001930                QUADSPI_IRQHandler
                0x08001930                I2C1_EV_IRQHandler
                0x08001930                DMA1_Channel6_IRQHandler
                0x08001930                UART4_IRQHandler
                0x08001930                DMA2_Channel4_IRQHandler
                0x08001930                TIM3_IRQHandler
                0x08001930                RCC_IRQHandler
                0x08001930                DMA1_Channel1_IRQHandler
                0x08001930                Default_Handler
                0x08001930                DMA2_Channel7_IRQHandler
                0x08001930                EXTI15_10_IRQHandler
                0x08001930                TIM7_IRQHandler
                0x08001930                SDMMC1_IRQHandler
                0x08001930                TIM5_IRQHandler
                0x08001930                I2C3_EV_IRQHandler
                0x08001930                EXTI9_5_IRQHandler
                0x08001930                RTC_WKUP_IRQHandler
                0x08001930                PVD_PVM_IRQHandler
                0x08001930                SPI2_IRQHandler
                0x08001930                DMA2_Channel5_IRQHandler
                0x08001930                DMA1_Channel5_IRQHandler
                0x08001930                EXTI4_IRQHandler
                0x08001930                RNG_IRQHandler
                0x08001930                TIM1_TRG_COM_TIM17_IRQHandler
                0x08001930                DMA1_Channel3_IRQHandler
                0x08001930                COMP_IRQHandler
                0x08001930                WWDG_IRQHandler
                0x08001930                LPUART1_IRQHandler
                0x08001930                DMA2_Channel6_IRQHandler
                0x08001930                TIM2_IRQHandler
                0x08001930                EXTI1_IRQHandler
                0x08001930                DFSDM1_FLT0_IRQHandler
                0x08001930                I2C2_ER_IRQHandler
                0x08001930                DMA1_Channel2_IRQHandler
                0x08001930                TIM8_BRK_IRQHandler
                0x08001930                FLASH_IRQHandler
                0x08001930                USART1_IRQHandler
                0x08001930                OTG_FS_IRQHandler
                0x08001930                SPI3_IRQHandler
                0x08001930                I2C1_ER_IRQHandler
                0x08001930                FMC_IRQHandler
                0x08001930                SWPMI1_IRQHandler
                0x08001930                LPTIM1_IRQHandler
                0x08001930                SAI1_IRQHandler
                0x08001930                DMA2_Channel3_IRQHandler
                0x08001930                RTC_Alarm_IRQHandler
 *fill*         0x08001932        0x2 
 .text.HAL_Init
                0x08001934       0x40 ./Drivers/STM32L4xx_HAL_Driver/Src/stm32l4xx_hal.o
                0x08001934                HAL_Init
 .text.HAL_InitTick
                0x08001974       0x78 ./Drivers/STM32L4xx_HAL_Driver/Src/stm32l4xx_hal.o
                0x08001974                HAL_InitTick
 .text.HAL_IncTick
                0x080019ec       0x28 ./Drivers/STM32L4xx_HAL_Driver/Src/stm32l4xx_hal.o
                0x080019ec                HAL_IncTick
 .text.HAL_GetTick
                0x08001a14       0x18 ./Drivers/STM32L4xx_HAL_Driver/Src/stm32l4xx_hal.o
                0x08001a14                HAL_GetTick
 .text.HAL_Delay
                0x08001a2c       0x48 ./Drivers/STM32L4xx_HAL_Driver/Src/stm32l4xx_hal.o
                0x08001a2c                HAL_Delay
 .text.HAL_CAN_Init
                0x08001a74      0x1f6 ./Drivers/STM32L4xx_HAL_Driver/Src/stm32l4xx_hal_can.o
                0x08001a74                HAL_CAN_Init
 .text.HAL_CAN_ConfigFilter
                0x08001c6a      0x194 ./Drivers/STM32L4xx_HAL_Driver/Src/stm32l4xx_hal_can.o
                0x08001c6a                HAL_CAN_ConfigFilter
 .text.HAL_CAN_Start
                0x08001dfe       0x88 ./Drivers/STM32L4xx_HAL_Driver/Src/stm32l4xx_hal_can.o
                0x08001dfe                HAL_CAN_Start
 .text.HAL_CAN_AddTxMessage
                0x08001e86      0x1a0 ./Drivers/STM32L4xx_HAL_Driver/Src/stm32l4xx_hal_can.o
                0x08001e86                HAL_CAN_AddTxMessage
 .text.HAL_CAN_GetRxMessage
                0x08002026      0x244 ./Drivers/STM32L4xx_HAL_Driver/Src/stm32l4xx_hal_can.o
                0x08002026                HAL_CAN_GetRxMessage
 .text.HAL_CAN_ActivateNotification
                0x0800226a       0x4c ./Drivers/STM32L4xx_HAL_Driver/Src/stm32l4xx_hal_can.o
                0x0800226a                HAL_CAN_ActivateNotification
 .text.HAL_CAN_IRQHandler
                0x080022b6      0x36e ./Drivers/STM32L4xx_HAL_Driver/Src/stm32l4xx_hal_can.o
                0x080022b6                HAL_CAN_IRQHandler
 .text.HAL_CAN_TxMailbox0CompleteCallback
                0x08002624       0x14 ./Drivers/STM32L4xx_HAL_Driver/Src/stm32l4xx_hal_can.o
                0x08002624                HAL_CAN_TxMailbox0CompleteCallback
 .text.HAL_CAN_TxMailbox1CompleteCallback
                0x08002638       0x14 ./Drivers/STM32L4xx_HAL_Driver/Src/stm32l4xx_hal_can.o
                0x08002638                HAL_CAN_TxMailbox1CompleteCallback
 .text.HAL_CAN_TxMailbox2CompleteCallback
                0x0800264c       0x14 ./Drivers/STM32L4xx_HAL_Driver/Src/stm32l4xx_hal_can.o
                0x0800264c                HAL_CAN_TxMailbox2CompleteCallback
 .text.HAL_CAN_TxMailbox0AbortCallback
                0x08002660       0x14 ./Drivers/STM32L4xx_HAL_Driver/Src/stm32l4xx_hal_can.o
                0x08002660                HAL_CAN_TxMailbox0AbortCallback
 .text.HAL_CAN_TxMailbox1AbortCallback
                0x08002674       0x14 ./Drivers/STM32L4xx_HAL_Driver/Src/stm32l4xx_hal_can.o
                0x08002674                HAL_CAN_TxMailbox1AbortCallback
 .text.HAL_CAN_TxMailbox2AbortCallback
                0x08002688       0x14 ./Drivers/STM32L4xx_HAL_Driver/Src/stm32l4xx_hal_can.o
                0x08002688                HAL_CAN_TxMailbox2AbortCallback
 .text.HAL_CAN_RxFifo0FullCallback
                0x0800269c       0x14 ./Drivers/STM32L4xx_HAL_Driver/Src/stm32l4xx_hal_can.o
                0x0800269c                HAL_CAN_RxFifo0FullCallback
 .text.HAL_CAN_RxFifo1MsgPendingCallback
                0x080026b0       0x14 ./Drivers/STM32L4xx_HAL_Driver/Src/stm32l4xx_hal_can.o
                0x080026b0                HAL_CAN_RxFifo1MsgPendingCallback
 .text.HAL_CAN_RxFifo1FullCallback
                0x080026c4       0x14 ./Drivers/STM32L4xx_HAL_Driver/Src/stm32l4xx_hal_can.o
                0x080026c4                HAL_CAN_RxFifo1FullCallback
 .text.HAL_CAN_SleepCallback
                0x080026d8       0x14 ./Drivers/STM32L4xx_HAL_Driver/Src/stm32l4xx_hal_can.o
                0x080026d8                HAL_CAN_SleepCallback
 .text.HAL_CAN_WakeUpFromRxMsgCallback
                0x080026ec       0x14 ./Drivers/STM32L4xx_HAL_Driver/Src/stm32l4xx_hal_can.o
                0x080026ec                HAL_CAN_WakeUpFromRxMsgCallback
 .text.HAL_CAN_ErrorCallback
                0x08002700       0x14 ./Drivers/STM32L4xx_HAL_Driver/Src/stm32l4xx_hal_can.o
                0x08002700                HAL_CAN_ErrorCallback
 .text.__NVIC_SetPriorityGrouping
                0x08002714       0x48 ./Drivers/STM32L4xx_HAL_Driver/Src/stm32l4xx_hal_cortex.o
 .text.__NVIC_GetPriorityGrouping
                0x0800275c       0x1c ./Drivers/STM32L4xx_HAL_Driver/Src/stm32l4xx_hal_cortex.o
 .text.__NVIC_EnableIRQ
                0x08002778       0x3c ./Drivers/STM32L4xx_HAL_Driver/Src/stm32l4xx_hal_cortex.o
 .text.__NVIC_SetPriority
                0x080027b4       0x54 ./Drivers/STM32L4xx_HAL_Driver/Src/stm32l4xx_hal_cortex.o
 .text.NVIC_EncodePriority
                0x08002808       0x66 ./Drivers/STM32L4xx_HAL_Driver/Src/stm32l4xx_hal_cortex.o
 *fill*         0x0800286e        0x2 
 .text.__NVIC_SystemReset
                0x08002870       0x2c ./Drivers/STM32L4xx_HAL_Driver/Src/stm32l4xx_hal_cortex.o
 .text.SysTick_Config
                0x0800289c       0x44 ./Drivers/STM32L4xx_HAL_Driver/Src/stm32l4xx_hal_cortex.o
 .text.HAL_NVIC_SetPriorityGrouping
                0x080028e0       0x16 ./Drivers/STM32L4xx_HAL_Driver/Src/stm32l4xx_hal_cortex.o
                0x080028e0                HAL_NVIC_SetPriorityGrouping
 .text.HAL_NVIC_SetPriority
                0x080028f6       0x38 ./Drivers/STM32L4xx_HAL_Driver/Src/stm32l4xx_hal_cortex.o
                0x080028f6                HAL_NVIC_SetPriority
 .text.HAL_NVIC_EnableIRQ
                0x0800292e       0x1c ./Drivers/STM32L4xx_HAL_Driver/Src/stm32l4xx_hal_cortex.o
                0x0800292e                HAL_NVIC_EnableIRQ
 .text.HAL_NVIC_SystemReset
                0x0800294a        0x8 ./Drivers/STM32L4xx_HAL_Driver/Src/stm32l4xx_hal_cortex.o
                0x0800294a                HAL_NVIC_SystemReset
 .text.HAL_SYSTICK_Config
                0x08002952       0x18 ./Drivers/STM32L4xx_HAL_Driver/Src/stm32l4xx_hal_cortex.o
                0x08002952                HAL_SYSTICK_Config
 .text.HAL_DMA_Abort
                0x0800296a       0x82 ./Drivers/STM32L4xx_HAL_Driver/Src/stm32l4xx_hal_dma.o
                0x0800296a                HAL_DMA_Abort
 .text.HAL_DMA_Abort_IT
                0x080029ec       0x82 ./Drivers/STM32L4xx_HAL_Driver/Src/stm32l4xx_hal_dma.o
                0x080029ec                HAL_DMA_Abort_IT
 *fill*         0x08002a6e        0x2 
 .text.HAL_GPIO_Init
                0x08002a70      0x354 ./Drivers/STM32L4xx_HAL_Driver/Src/stm32l4xx_hal_gpio.o
                0x08002a70                HAL_GPIO_Init
 .text.HAL_GPIO_WritePin
                0x08002dc4       0x30 ./Drivers/STM32L4xx_HAL_Driver/Src/stm32l4xx_hal_gpio.o
                0x08002dc4                HAL_GPIO_WritePin
 .text.HAL_PWREx_GetVoltageRange
                0x08002df4       0x1c ./Drivers/STM32L4xx_HAL_Driver/Src/stm32l4xx_hal_pwr_ex.o
                0x08002df4                HAL_PWREx_GetVoltageRange
 .text.HAL_PWREx_ControlVoltageScaling
                0x08002e10       0xac ./Drivers/STM32L4xx_HAL_Driver/Src/stm32l4xx_hal_pwr_ex.o
                0x08002e10                HAL_PWREx_ControlVoltageScaling
 .text.HAL_RCC_OscConfig
                0x08002ebc      0x7b8 ./Drivers/STM32L4xx_HAL_Driver/Src/stm32l4xx_hal_rcc.o
                0x08002ebc                HAL_RCC_OscConfig
 .text.HAL_RCC_ClockConfig
                0x08003674      0x200 ./Drivers/STM32L4xx_HAL_Driver/Src/stm32l4xx_hal_rcc.o
                0x08003674                HAL_RCC_ClockConfig
 .text.HAL_RCC_GetSysClockFreq
                0x08003874      0x118 ./Drivers/STM32L4xx_HAL_Driver/Src/stm32l4xx_hal_rcc.o
                0x08003874                HAL_RCC_GetSysClockFreq
 .text.HAL_RCC_GetHCLKFreq
                0x0800398c       0x18 ./Drivers/STM32L4xx_HAL_Driver/Src/stm32l4xx_hal_rcc.o
                0x0800398c                HAL_RCC_GetHCLKFreq
 .text.HAL_RCC_GetPCLK1Freq
                0x080039a4       0x2c ./Drivers/STM32L4xx_HAL_Driver/Src/stm32l4xx_hal_rcc.o
                0x080039a4                HAL_RCC_GetPCLK1Freq
 .text.HAL_RCC_GetPCLK2Freq
                0x080039d0       0x2c ./Drivers/STM32L4xx_HAL_Driver/Src/stm32l4xx_hal_rcc.o
                0x080039d0                HAL_RCC_GetPCLK2Freq
 .text.RCC_SetFlashLatencyFromMSIRange
                0x080039fc       0xc0 ./Drivers/STM32L4xx_HAL_Driver/Src/stm32l4xx_hal_rcc.o
 .text.HAL_RCCEx_PeriphCLKConfig
                0x08003abc      0x5d4 ./Drivers/STM32L4xx_HAL_Driver/Src/stm32l4xx_hal_rcc_ex.o
                0x08003abc                HAL_RCCEx_PeriphCLKConfig
 .text.RCCEx_PLLSAI1_Config
                0x08004090      0x1e8 ./Drivers/STM32L4xx_HAL_Driver/Src/stm32l4xx_hal_rcc_ex.o
 .text.RCCEx_PLLSAI2_Config
                0x08004278      0x1bc ./Drivers/STM32L4xx_HAL_Driver/Src/stm32l4xx_hal_rcc_ex.o
 .text.HAL_UART_Init
                0x08004434       0x9c ./Drivers/STM32L4xx_HAL_Driver/Src/stm32l4xx_hal_uart.o
                0x08004434                HAL_UART_Init
 .text.HAL_UART_Transmit
                0x080044d0      0x126 ./Drivers/STM32L4xx_HAL_Driver/Src/stm32l4xx_hal_uart.o
                0x080044d0                HAL_UART_Transmit
 *fill*         0x080045f6        0x2 
 .text.HAL_UART_Receive_IT
                0x080045f8       0x98 ./Drivers/STM32L4xx_HAL_Driver/Src/stm32l4xx_hal_uart.o
                0x080045f8                HAL_UART_Receive_IT
 .text.HAL_UART_IRQHandler
                0x08004690      0x60c ./Drivers/STM32L4xx_HAL_Driver/Src/stm32l4xx_hal_uart.o
                0x08004690                HAL_UART_IRQHandler
 .text.HAL_UART_TxCpltCallback
                0x08004c9c       0x14 ./Drivers/STM32L4xx_HAL_Driver/Src/stm32l4xx_hal_uart.o
                0x08004c9c                HAL_UART_TxCpltCallback
 .text.HAL_UART_ErrorCallback
                0x08004cb0       0x14 ./Drivers/STM32L4xx_HAL_Driver/Src/stm32l4xx_hal_uart.o
                0x08004cb0                HAL_UART_ErrorCallback
 .text.HAL_UARTEx_RxEventCallback
                0x08004cc4       0x18 ./Drivers/STM32L4xx_HAL_Driver/Src/stm32l4xx_hal_uart.o
                0x08004cc4                HAL_UARTEx_RxEventCallback
 .text.UART_SetConfig
                0x08004cdc      0x570 ./Drivers/STM32L4xx_HAL_Driver/Src/stm32l4xx_hal_uart.o
                0x08004cdc                UART_SetConfig
 .text.UART_AdvFeatureConfig
                0x0800524c      0x144 ./Drivers/STM32L4xx_HAL_Driver/Src/stm32l4xx_hal_uart.o
                0x0800524c                UART_AdvFeatureConfig
 .text.UART_CheckIdleState
                0x08005390      0x150 ./Drivers/STM32L4xx_HAL_Driver/Src/stm32l4xx_hal_uart.o
                0x08005390                UART_CheckIdleState
 .text.UART_WaitOnFlagUntilTimeout
                0x080054e0       0xda ./Drivers/STM32L4xx_HAL_Driver/Src/stm32l4xx_hal_uart.o
                0x080054e0                UART_WaitOnFlagUntilTimeout
 *fill*         0x080055ba        0x2 
 .text.UART_Start_Receive_IT
                0x080055bc      0x18c ./Drivers/STM32L4xx_HAL_Driver/Src/stm32l4xx_hal_uart.o
                0x080055bc                UART_Start_Receive_IT
 .text.UART_EndRxTransfer
                0x08005748       0xc8 ./Drivers/STM32L4xx_HAL_Driver/Src/stm32l4xx_hal_uart.o
 .text.UART_DMAAbortOnError
                0x08005810       0x1c ./Drivers/STM32L4xx_HAL_Driver/Src/stm32l4xx_hal_uart.o
 .text.UART_EndTransmit_IT
                0x0800582c       0x54 ./Drivers/STM32L4xx_HAL_Driver/Src/stm32l4xx_hal_uart.o
 .text.UART_RxISR_8BIT
                0x08005880      0x1b8 ./Drivers/STM32L4xx_HAL_Driver/Src/stm32l4xx_hal_uart.o
 .text.UART_RxISR_16BIT
                0x08005a38      0x1b8 ./Drivers/STM32L4xx_HAL_Driver/Src/stm32l4xx_hal_uart.o
 .text.HAL_UARTEx_WakeupCallback
                0x08005bf0       0x14 ./Drivers/STM32L4xx_HAL_Driver/Src/stm32l4xx_hal_uart_ex.o
                0x08005bf0                HAL_UARTEx_WakeupCallback
 .text.atoi     0x08005c04        0x8 /Applications/STM32CubeIDE.app/Contents/Eclipse/plugins/com.st.stm32cube.ide.mcu.externaltools.gnu-tools-for-stm32.13.3.rel1.macos64_1.0.0.202411102158/tools/bin/../lib/gcc/arm-none-eabi/13.3.1/../../../../arm-none-eabi/lib/thumb/v7e-m+fp/hard/libc_nano.a(libc_a-atoi.o)
                0x08005c04                atoi
 .text.sprintf  0x08005c0c       0x44 /Applications/STM32CubeIDE.app/Contents/Eclipse/plugins/com.st.stm32cube.ide.mcu.externaltools.gnu-tools-for-stm32.13.3.rel1.macos64_1.0.0.202411102158/tools/bin/../lib/gcc/arm-none-eabi/13.3.1/../../../../arm-none-eabi/lib/thumb/v7e-m+fp/hard/libc_nano.a(libc_a-sprintf.o)
                0x08005c0c                sprintf
                0x08005c0c                siprintf
 .text._strtol_l.isra.0
                0x08005c50       0xf4 /Applications/STM32CubeIDE.app/Contents/Eclipse/plugins/com.st.stm32cube.ide.mcu.externaltools.gnu-tools-for-stm32.13.3.rel1.macos64_1.0.0.202411102158/tools/bin/../lib/gcc/arm-none-eabi/13.3.1/../../../../arm-none-eabi/lib/thumb/v7e-m+fp/hard/libc_nano.a(libc_a-strtol.o)
 .text.strtol   0x08005d44       0x14 /Applications/STM32CubeIDE.app/Contents/Eclipse/plugins/com.st.stm32cube.ide.mcu.externaltools.gnu-tools-for-stm32.13.3.rel1.macos64_1.0.0.202411102158/tools/bin/../lib/gcc/arm-none-eabi/13.3.1/../../../../arm-none-eabi/lib/thumb/v7e-m+fp/hard/libc_nano.a(libc_a-strtol.o)
                0x08005d44                strtol
 .text.memset   0x08005d58       0x10 /Applications/STM32CubeIDE.app/Contents/Eclipse/plugins/com.st.stm32cube.ide.mcu.externaltools.gnu-tools-for-stm32.13.3.rel1.macos64_1.0.0.202411102158/tools/bin/../lib/gcc/arm-none-eabi/13.3.1/../../../../arm-none-eabi/lib/thumb/v7e-m+fp/hard/libc_nano.a(libc_a-memset.o)
                0x08005d58                memset
 .text.strchr   0x08005d68       0x1a /Applications/STM32CubeIDE.app/Contents/Eclipse/plugins/com.st.stm32cube.ide.mcu.externaltools.gnu-tools-for-stm32.13.3.rel1.macos64_1.0.0.202411102158/tools/bin/../lib/gcc/arm-none-eabi/13.3.1/../../../../arm-none-eabi/lib/thumb/v7e-m+fp/hard/libc_nano.a(libc_a-strchr.o)
                0x08005d68                strchr
 .text.strncmp  0x08005d82       0x24 /Applications/STM32CubeIDE.app/Contents/Eclipse/plugins/com.st.stm32cube.ide.mcu.externaltools.gnu-tools-for-stm32.13.3.rel1.macos64_1.0.0.202411102158/tools/bin/../lib/gcc/arm-none-eabi/13.3.1/../../../../arm-none-eabi/lib/thumb/v7e-m+fp/hard/libc_nano.a(libc_a-strncmp.o)
                0x08005d82                strncmp
 .text.strncpy  0x08005da6       0x26 /Applications/STM32CubeIDE.app/Contents/Eclipse/plugins/com.st.stm32cube.ide.mcu.externaltools.gnu-tools-for-stm32.13.3.rel1.macos64_1.0.0.202411102158/tools/bin/../lib/gcc/arm-none-eabi/13.3.1/../../../../arm-none-eabi/lib/thumb/v7e-m+fp/hard/libc_nano.a(libc_a-strncpy.o)
                0x08005da6                strncpy
 .text.__errno  0x08005dcc        0xc /Applications/STM32CubeIDE.app/Contents/Eclipse/plugins/com.st.stm32cube.ide.mcu.externaltools.gnu-tools-for-stm32.13.3.rel1.macos64_1.0.0.202411102158/tools/bin/../lib/gcc/arm-none-eabi/13.3.1/../../../../arm-none-eabi/lib/thumb/v7e-m+fp/hard/libc_nano.a(libc_a-errno.o)
                0x08005dcc                __errno
 .text.__libc_init_array
                0x08005dd8       0x48 /Applications/STM32CubeIDE.app/Contents/Eclipse/plugins/com.st.stm32cube.ide.mcu.externaltools.gnu-tools-for-stm32.13.3.rel1.macos64_1.0.0.202411102158/tools/bin/../lib/gcc/arm-none-eabi/13.3.1/../../../../arm-none-eabi/lib/thumb/v7e-m+fp/hard/libc_nano.a(libc_a-init.o)
                0x08005dd8                __libc_init_array
 .text.__retarget_lock_acquire_recursive
                0x08005e20        0x2 /Applications/STM32CubeIDE.app/Contents/Eclipse/plugins/com.st.stm32cube.ide.mcu.externaltools.gnu-tools-for-stm32.13.3.rel1.macos64_1.0.0.202411102158/tools/bin/../lib/gcc/arm-none-eabi/13.3.1/../../../../arm-none-eabi/lib/thumb/v7e-m+fp/hard/libc_nano.a(libc_a-lock.o)
                0x08005e20                __retarget_lock_acquire_recursive
 .text.__retarget_lock_release_recursive
                0x08005e22        0x2 /Applications/STM32CubeIDE.app/Contents/Eclipse/plugins/com.st.stm32cube.ide.mcu.externaltools.gnu-tools-for-stm32.13.3.rel1.macos64_1.0.0.202411102158/tools/bin/../lib/gcc/arm-none-eabi/13.3.1/../../../../arm-none-eabi/lib/thumb/v7e-m+fp/hard/libc_nano.a(libc_a-lock.o)
                0x08005e22                __retarget_lock_release_recursive
 .text.__ssputs_r
                0x08005e24       0xb6 /Applications/STM32CubeIDE.app/Contents/Eclipse/plugins/com.st.stm32cube.ide.mcu.externaltools.gnu-tools-for-stm32.13.3.rel1.macos64_1.0.0.202411102158/tools/bin/../lib/gcc/arm-none-eabi/13.3.1/../../../../arm-none-eabi/lib/thumb/v7e-m+fp/hard/libc_nano.a(libc_a-nano-svfprintf.o)
                0x08005e24                __ssputs_r
 *fill*         0x08005eda        0x2 
 .text._svfprintf_r
                0x08005edc      0x1f8 /Applications/STM32CubeIDE.app/Contents/Eclipse/plugins/com.st.stm32cube.ide.mcu.externaltools.gnu-tools-for-stm32.13.3.rel1.macos64_1.0.0.202411102158/tools/bin/../lib/gcc/arm-none-eabi/13.3.1/../../../../arm-none-eabi/lib/thumb/v7e-m+fp/hard/libc_nano.a(libc_a-nano-svfprintf.o)
                0x08005edc                _svfprintf_r
                0x08005edc                _svfiprintf_r
 .text.sbrk_aligned
                0x080060d4       0x44 /Applications/STM32CubeIDE.app/Contents/Eclipse/plugins/com.st.stm32cube.ide.mcu.externaltools.gnu-tools-for-stm32.13.3.rel1.macos64_1.0.0.202411102158/tools/bin/../lib/gcc/arm-none-eabi/13.3.1/../../../../arm-none-eabi/lib/thumb/v7e-m+fp/hard/libc_nano.a(libc_a-mallocr.o)
 .text._malloc_r
                0x08006118      0x100 /Applications/STM32CubeIDE.app/Contents/Eclipse/plugins/com.st.stm32cube.ide.mcu.externaltools.gnu-tools-for-stm32.13.3.rel1.macos64_1.0.0.202411102158/tools/bin/../lib/gcc/arm-none-eabi/13.3.1/../../../../arm-none-eabi/lib/thumb/v7e-m+fp/hard/libc_nano.a(libc_a-mallocr.o)
                0x08006118                _malloc_r
 .text._printf_common
                0x08006218       0xda /Applications/STM32CubeIDE.app/Contents/Eclipse/plugins/com.st.stm32cube.ide.mcu.externaltools.gnu-tools-for-stm32.13.3.rel1.macos64_1.0.0.202411102158/tools/bin/../lib/gcc/arm-none-eabi/13.3.1/../../../../arm-none-eabi/lib/thumb/v7e-m+fp/hard/libc_nano.a(libc_a-nano-vfprintf_i.o)
                0x08006218                _printf_common
 *fill*         0x080062f2        0x2 
 .text._printf_i
                0x080062f4      0x23c /Applications/STM32CubeIDE.app/Contents/Eclipse/plugins/com.st.stm32cube.ide.mcu.externaltools.gnu-tools-for-stm32.13.3.rel1.macos64_1.0.0.202411102158/tools/bin/../lib/gcc/arm-none-eabi/13.3.1/../../../../arm-none-eabi/lib/thumb/v7e-m+fp/hard/libc_nano.a(libc_a-nano-vfprintf_i.o)
                0x080062f4                _printf_i
 .text.__malloc_lock
                0x08006530        0xc /Applications/STM32CubeIDE.app/Contents/Eclipse/plugins/com.st.stm32cube.ide.mcu.externaltools.gnu-tools-for-stm32.13.3.rel1.macos64_1.0.0.202411102158/tools/bin/../lib/gcc/arm-none-eabi/13.3.1/../../../../arm-none-eabi/lib/thumb/v7e-m+fp/hard/libc_nano.a(libc_a-mlock.o)
                0x08006530                __malloc_lock
 .text.__malloc_unlock
                0x0800653c        0xc /Applications/STM32CubeIDE.app/Contents/Eclipse/plugins/com.st.stm32cube.ide.mcu.externaltools.gnu-tools-for-stm32.13.3.rel1.macos64_1.0.0.202411102158/tools/bin/../lib/gcc/arm-none-eabi/13.3.1/../../../../arm-none-eabi/lib/thumb/v7e-m+fp/hard/libc_nano.a(libc_a-mlock.o)
                0x0800653c                __malloc_unlock
 .text._realloc_r
                0x08006548       0x5c /Applications/STM32CubeIDE.app/Contents/Eclipse/plugins/com.st.stm32cube.ide.mcu.externaltools.gnu-tools-for-stm32.13.3.rel1.macos64_1.0.0.202411102158/tools/bin/../lib/gcc/arm-none-eabi/13.3.1/../../../../arm-none-eabi/lib/thumb/v7e-m+fp/hard/libc_nano.a(libc_a-reallocr.o)
                0x08006548                _realloc_r
 .text.memmove  0x080065a4       0x34 /Applications/STM32CubeIDE.app/Contents/Eclipse/plugins/com.st.stm32cube.ide.mcu.externaltools.gnu-tools-for-stm32.13.3.rel1.macos64_1.0.0.202411102158/tools/bin/../lib/gcc/arm-none-eabi/13.3.1/../../../../arm-none-eabi/lib/thumb/v7e-m+fp/hard/libc_nano.a(libc_a-memmove.o)
                0x080065a4                memmove
 .text._sbrk_r  0x080065d8       0x20 /Applications/STM32CubeIDE.app/Contents/Eclipse/plugins/com.st.stm32cube.ide.mcu.externaltools.gnu-tools-for-stm32.13.3.rel1.macos64_1.0.0.202411102158/tools/bin/../lib/gcc/arm-none-eabi/13.3.1/../../../../arm-none-eabi/lib/thumb/v7e-m+fp/hard/libc_nano.a(libc_a-sbrkr.o)
                0x080065d8                _sbrk_r
 .text.memcpy   0x080065f8       0x1c /Applications/STM32CubeIDE.app/Contents/Eclipse/plugins/com.st.stm32cube.ide.mcu.externaltools.gnu-tools-for-stm32.13.3.rel1.macos64_1.0.0.202411102158/tools/bin/../lib/gcc/arm-none-eabi/13.3.1/../../../../arm-none-eabi/lib/thumb/v7e-m+fp/hard/libc_nano.a(libc_a-memcpy-stub.o)
                0x080065f8                memcpy
 .text._free_r  0x08006614       0x94 /Applications/STM32CubeIDE.app/Contents/Eclipse/plugins/com.st.stm32cube.ide.mcu.externaltools.gnu-tools-for-stm32.13.3.rel1.macos64_1.0.0.202411102158/tools/bin/../lib/gcc/arm-none-eabi/13.3.1/../../../../arm-none-eabi/lib/thumb/v7e-m+fp/hard/libc_nano.a(libc_a-freer.o)
                0x08006614                _free_r
 .text._malloc_usable_size_r
                0x080066a8       0x10 /Applications/STM32CubeIDE.app/Contents/Eclipse/plugins/com.st.stm32cube.ide.mcu.externaltools.gnu-tools-for-stm32.13.3.rel1.macos64_1.0.0.202411102158/tools/bin/../lib/gcc/arm-none-eabi/13.3.1/../../../../arm-none-eabi/lib/thumb/v7e-m+fp/hard/libc_nano.a(libc_a-msizer.o)
                0x080066a8                _malloc_usable_size_r
 *(.glue_7)
 .glue_7        0x080066b8        0x0 linker stubs
 *(.glue_7t)
 .glue_7t       0x080066b8        0x0 linker stubs
 *(.eh_frame)
 .eh_frame      0x080066b8        0x0 /Applications/STM32CubeIDE.app/Contents/Eclipse/plugins/com.st.stm32cube.ide.mcu.externaltools.gnu-tools-for-stm32.13.3.rel1.macos64_1.0.0.202411102158/tools/bin/../lib/gcc/arm-none-eabi/13.3.1/thumb/v7e-m+fp/hard/crtbegin.o
 *(.init)
 .init          0x080066b8        0x4 /Applications/STM32CubeIDE.app/Contents/Eclipse/plugins/com.st.stm32cube.ide.mcu.externaltools.gnu-tools-for-stm32.13.3.rel1.macos64_1.0.0.202411102158/tools/bin/../lib/gcc/arm-none-eabi/13.3.1/thumb/v7e-m+fp/hard/crti.o
                0x080066b8                _init
 .init          0x080066bc        0x8 /Applications/STM32CubeIDE.app/Contents/Eclipse/plugins/com.st.stm32cube.ide.mcu.externaltools.gnu-tools-for-stm32.13.3.rel1.macos64_1.0.0.202411102158/tools/bin/../lib/gcc/arm-none-eabi/13.3.1/thumb/v7e-m+fp/hard/crtn.o
 *(.fini)
 .fini          0x080066c4        0x4 /Applications/STM32CubeIDE.app/Contents/Eclipse/plugins/com.st.stm32cube.ide.mcu.externaltools.gnu-tools-for-stm32.13.3.rel1.macos64_1.0.0.202411102158/tools/bin/../lib/gcc/arm-none-eabi/13.3.1/thumb/v7e-m+fp/hard/crti.o
                0x080066c4                _fini
 .fini          0x080066c8        0x8 /Applications/STM32CubeIDE.app/Contents/Eclipse/plugins/com.st.stm32cube.ide.mcu.externaltools.gnu-tools-for-stm32.13.3.rel1.macos64_1.0.0.202411102158/tools/bin/../lib/gcc/arm-none-eabi/13.3.1/thumb/v7e-m+fp/hard/crtn.o
                0x080066d0                        . = ALIGN (0x4)
                0x080066d0                        _etext = .

.vfp11_veneer   0x080066d0        0x0
 .vfp11_veneer  0x080066d0        0x0 linker stubs

.v4_bx          0x080066d0        0x0
 .v4_bx         0x080066d0        0x0 linker stubs

.iplt           0x080066d0        0x0
 .iplt          0x080066d0        0x0 /Applications/STM32CubeIDE.app/Contents/Eclipse/plugins/com.st.stm32cube.ide.mcu.externaltools.gnu-tools-for-stm32.13.3.rel1.macos64_1.0.0.202411102158/tools/bin/../lib/gcc/arm-none-eabi/13.3.1/thumb/v7e-m+fp/hard/crtbegin.o

.rodata         0x080066d0      0x2c8
                0x080066d0                        . = ALIGN (0x4)
 *(.rodata)
 .rodata        0x080066d0      0x14c ./Core/Src/main.o
 *(.rodata*)
 .rodata.AHBPrescTable
                0x0800681c       0x10 ./Core/Src/system_stm32l4xx.o
                0x0800681c                AHBPrescTable
 .rodata.APBPrescTable
                0x0800682c        0x8 ./Core/Src/system_stm32l4xx.o
                0x0800682c                APBPrescTable
 .rodata.MSIRangeTable
                0x08006834       0x30 ./Core/Src/system_stm32l4xx.o
                0x08006834                MSIRangeTable
 .rodata._ctype_
                0x08006864      0x101 /Applications/STM32CubeIDE.app/Contents/Eclipse/plugins/com.st.stm32cube.ide.mcu.externaltools.gnu-tools-for-stm32.13.3.rel1.macos64_1.0.0.202411102158/tools/bin/../lib/gcc/arm-none-eabi/13.3.1/../../../../arm-none-eabi/lib/thumb/v7e-m+fp/hard/libc_nano.a(libc_a-ctype_.o)
                0x08006864                _ctype_
 .rodata._svfprintf_r.str1.1
                0x08006965       0x33 /Applications/STM32CubeIDE.app/Contents/Eclipse/plugins/com.st.stm32cube.ide.mcu.externaltools.gnu-tools-for-stm32.13.3.rel1.macos64_1.0.0.202411102158/tools/bin/../lib/gcc/arm-none-eabi/13.3.1/../../../../arm-none-eabi/lib/thumb/v7e-m+fp/hard/libc_nano.a(libc_a-nano-svfprintf.o)
                                 0x11 (size before relaxing)
 .rodata._printf_i.str1.1
                0x08006998       0x22 /Applications/STM32CubeIDE.app/Contents/Eclipse/plugins/com.st.stm32cube.ide.mcu.externaltools.gnu-tools-for-stm32.13.3.rel1.macos64_1.0.0.202411102158/tools/bin/../lib/gcc/arm-none-eabi/13.3.1/../../../../arm-none-eabi/lib/thumb/v7e-m+fp/hard/libc_nano.a(libc_a-nano-vfprintf_i.o)
                0x080069bc                        . = ALIGN (0x4)

.ARM.extab      0x08006998        0x0
                0x08006998                        . = ALIGN (0x4)
 *(.ARM.extab* .gnu.linkonce.armextab.*)
                0x08006998                        . = ALIGN (0x4)

.ARM            0x08006998        0x8
                0x08006998                        . = ALIGN (0x4)
                0x08006998                        __exidx_start = .
 *(.ARM.exidx*)
 .ARM.exidx     0x08006998        0x8 /Applications/STM32CubeIDE.app/Contents/Eclipse/plugins/com.st.stm32cube.ide.mcu.externaltools.gnu-tools-for-stm32.13.3.rel1.macos64_1.0.0.202411102158/tools/bin/../lib/gcc/arm-none-eabi/13.3.1/../../../../arm-none-eabi/lib/thumb/v7e-m+fp/hard/libc_nano.a(libc_a-strlen.o)
 .ARM.exidx     0x080069a0        0x0 /Applications/STM32CubeIDE.app/Contents/Eclipse/plugins/com.st.stm32cube.ide.mcu.externaltools.gnu-tools-for-stm32.13.3.rel1.macos64_1.0.0.202411102158/tools/bin/../lib/gcc/arm-none-eabi/13.3.1/../../../../arm-none-eabi/lib/thumb/v7e-m+fp/hard/libc_nano.a(libc_a-memchr.o)
                                  0x8 (size before relaxing)
 .ARM.exidx     0x080069a0        0x0 /Applications/STM32CubeIDE.app/Contents/Eclipse/plugins/com.st.stm32cube.ide.mcu.externaltools.gnu-tools-for-stm32.13.3.rel1.macos64_1.0.0.202411102158/tools/bin/../lib/gcc/arm-none-eabi/13.3.1/thumb/v7e-m+fp/hard/libgcc.a(_udivmoddi4.o)
                                  0x8 (size before relaxing)
                0x080069a0                        __exidx_end = .
                0x080069a0                        . = ALIGN (0x4)

.preinit_array  0x080069a0        0x0
                0x080069a0                        . = ALIGN (0x4)
                0x080069a0                        PROVIDE (__preinit_array_start = .)
 *(.preinit_array*)
                0x080069a0                        PROVIDE (__preinit_array_end = .)
                0x080069a0                        . = ALIGN (0x4)

.init_array     0x080069a0        0x4
                0x080069a0                        . = ALIGN (0x4)
                0x080069a0                        PROVIDE (__init_array_start = .)
 *(SORT_BY_NAME(.init_array.*))
 *(.init_array*)
 .init_array    0x080069a0        0x4 /Applications/STM32CubeIDE.app/Contents/Eclipse/plugins/com.st.stm32cube.ide.mcu.externaltools.gnu-tools-for-stm32.13.3.rel1.macos64_1.0.0.202411102158/tools/bin/../lib/gcc/arm-none-eabi/13.3.1/thumb/v7e-m+fp/hard/crtbegin.o
                0x080069a4                        PROVIDE (__init_array_end = .)
                0x080069a4                        . = ALIGN (0x4)

.fini_array     0x080069a4        0x4
                0x080069a4                        . = ALIGN (0x4)
                [!provide]                        PROVIDE (__fini_array_start = .)
 *(SORT_BY_NAME(.fini_array.*))
 *(.fini_array*)
 .fini_array    0x080069a4        0x4 /Applications/STM32CubeIDE.app/Contents/Eclipse/plugins/com.st.stm32cube.ide.mcu.externaltools.gnu-tools-for-stm32.13.3.rel1.macos64_1.0.0.202411102158/tools/bin/../lib/gcc/arm-none-eabi/13.3.1/thumb/v7e-m+fp/hard/crtbegin.o
                [!provide]                        PROVIDE (__fini_array_end = .)
                0x080069a8                        . = ALIGN (0x4)
                0x080069a8                        _sidata = LOADADDR (.data)

.rel.dyn        0x080069a8        0x0
 .rel.iplt      0x080069a8        0x0 /Applications/STM32CubeIDE.app/Contents/Eclipse/plugins/com.st.stm32cube.ide.mcu.externaltools.gnu-tools-for-stm32.13.3.rel1.macos64_1.0.0.202411102158/tools/bin/../lib/gcc/arm-none-eabi/13.3.1/thumb/v7e-m+fp/hard/crtbegin.o

.data           0x20000000       0x74 load address 0x080069a8
                0x20000000                        . = ALIGN (0x4)
                0x20000000                        _sdata = .
 *(.data)
 *(.data*)
 .data.evse_available_voltage
                0x20000000        0x2 ./Core/Src/main.o
                0x20000000                evse_available_voltage
 .data.evse_output_voltage_max
                0x20000002        0x2 ./Core/Src/main.o
                0x20000002                evse_output_voltage_max
 .data.evse_output_voltage_min
                0x20000004        0x2 ./Core/Src/main.o
                0x20000004                evse_output_voltage_min
 .data.evse_available_current
                0x20000006        0x1 ./Core/Src/main.o
                0x20000006                evse_available_current
 *fill*         0x20000007        0x1 
 .data.evse_threshold_voltage
                0x20000008        0x2 ./Core/Src/main.o
                0x20000008                evse_threshold_voltage
 .data.evse_welding_detection
                0x2000000a        0x1 ./Core/Src/main.o
                0x2000000a                evse_welding_detection
 .data.evse_protocol_number
                0x2000000b        0x1 ./Core/Src/main.o
                0x2000000b                evse_protocol_number
 .data.evse_stop_control
                0x2000000c        0x1 ./Core/Src/main.o
                0x2000000c                evse_stop_control
 .data.discharge_compatible
                0x2000000d        0x1 ./Core/Src/main.o
                0x2000000d                discharge_compatible
 .data.evse_present_discharge_i
                0x2000000e        0x1 ./Core/Src/main.o
                0x2000000e                evse_present_discharge_i
 *fill*         0x2000000f        0x1 
 .data.evse_input_voltage
                0x20000010        0x2 ./Core/Src/main.o
                0x20000010                evse_input_voltage
 .data.evse_input_current
                0x20000012        0x1 ./Core/Src/main.o
                0x20000012                evse_input_current
 *fill*         0x20000013        0x1 
 .data.evse_lower_threshold_v
                0x20000014        0x2 ./Core/Src/main.o
                0x20000014                evse_lower_threshold_v
 .data.evse_sequence_number
                0x20000016        0x1 ./Core/Src/main.o
                0x20000016                evse_sequence_number
 *fill*         0x20000017        0x1 
 .data.SystemCoreClock
                0x20000018        0x4 ./Core/Src/system_stm32l4xx.o
                0x20000018                SystemCoreClock
 .data.uwTickPrio
                0x2000001c        0x4 ./Drivers/STM32L4xx_HAL_Driver/Src/stm32l4xx_hal.o
                0x2000001c                uwTickPrio
 .data.uwTickFreq
                0x20000020        0x1 ./Drivers/STM32L4xx_HAL_Driver/Src/stm32l4xx_hal.o
                0x20000020                uwTickFreq
 *fill*         0x20000021        0x3 
 .data._impure_ptr
                0x20000024        0x4 /Applications/STM32CubeIDE.app/Contents/Eclipse/plugins/com.st.stm32cube.ide.mcu.externaltools.gnu-tools-for-stm32.13.3.rel1.macos64_1.0.0.202411102158/tools/bin/../lib/gcc/arm-none-eabi/13.3.1/../../../../arm-none-eabi/lib/thumb/v7e-m+fp/hard/libc_nano.a(libc_a-impure.o)
                0x20000024                _impure_ptr
 .data._impure_data
                0x20000028       0x4c /Applications/STM32CubeIDE.app/Contents/Eclipse/plugins/com.st.stm32cube.ide.mcu.externaltools.gnu-tools-for-stm32.13.3.rel1.macos64_1.0.0.202411102158/tools/bin/../lib/gcc/arm-none-eabi/13.3.1/../../../../arm-none-eabi/lib/thumb/v7e-m+fp/hard/libc_nano.a(libc_a-impure.o)
                0x20000028                _impure_data
 *(.RamFunc)
 *(.RamFunc*)
                0x20000074                        . = ALIGN (0x4)
                0x20000074                        _edata = .

.igot.plt       0x20000074        0x0 load address 0x08006a1c
 .igot.plt      0x20000074        0x0 /Applications/STM32CubeIDE.app/Contents/Eclipse/plugins/com.st.stm32cube.ide.mcu.externaltools.gnu-tools-for-stm32.13.3.rel1.macos64_1.0.0.202411102158/tools/bin/../lib/gcc/arm-none-eabi/13.3.1/thumb/v7e-m+fp/hard/crtbegin.o
                0x20000074                        . = ALIGN (0x4)

.bss            0x20000074      0x478 load address 0x08006a1c
                0x20000074                        _sbss = .
                0x20000074                        __bss_start__ = _sbss
 *(.bss)
 .bss           0x20000074       0x1c /Applications/STM32CubeIDE.app/Contents/Eclipse/plugins/com.st.stm32cube.ide.mcu.externaltools.gnu-tools-for-stm32.13.3.rel1.macos64_1.0.0.202411102158/tools/bin/../lib/gcc/arm-none-eabi/13.3.1/thumb/v7e-m+fp/hard/crtbegin.o
 *(.bss*)
 .bss.hcan1     0x20000090       0x28 ./Core/Src/can.o
                0x20000090                hcan1
 .bss.evse_present_voltage
                0x200000b8        0x2 ./Core/Src/main.o
                0x200000b8                evse_present_voltage
 .bss.evse_present_current
                0x200000ba        0x1 ./Core/Src/main.o
                0x200000ba                evse_present_current
 .bss.evse_system_error
                0x200000bb        0x1 ./Core/Src/main.o
                0x200000bb                evse_system_error
 .bss.evse_battery_incompat
                0x200000bc        0x1 ./Core/Src/main.o
                0x200000bc                evse_battery_incompat
 .bss.evse_connector_lock
                0x200000bd        0x1 ./Core/Src/main.o
                0x200000bd                evse_connector_lock
 .bss.evse_error
                0x200000be        0x1 ./Core/Src/main.o
                0x200000be                evse_error
 .bss.evse_status
                0x200000bf        0x1 ./Core/Src/main.o
                0x200000bf                evse_status
 .bss.evse_remaining_dis_t
                0x200000c0        0x2 ./Core/Src/main.o
                0x200000c0                evse_remaining_dis_t
 .bss.veh_min_charge_i
                0x200000c2        0x2 ./Core/Src/main.o
                0x200000c2                veh_min_charge_i
 .bss.veh_min_voltage
                0x200000c4        0x2 ./Core/Src/main.o
                0x200000c4                veh_min_voltage
 .bss.veh_max_voltage
                0x200000c6        0x2 ./Core/Src/main.o
                0x200000c6                veh_max_voltage
 .bss.veh_soc   0x200000c8        0x1 ./Core/Src/main.o
                0x200000c8                veh_soc
 *fill*         0x200000c9        0x1 
 .bss.veh_target_voltage
                0x200000ca        0x2 ./Core/Src/main.o
                0x200000ca                veh_target_voltage
 .bss.veh_max_charge_i
                0x200000cc        0x1 ./Core/Src/main.o
                0x200000cc                veh_max_charge_i
 .bss.veh_charging_en
                0x200000cd        0x1 ./Core/Src/main.o
                0x200000cd                veh_charging_en
 .bss.veh_stop  0x200000ce        0x1 ./Core/Src/main.o
                0x200000ce                veh_stop
 .bss.veh_max_dis_i
                0x200000cf        0x1 ./Core/Src/main.o
                0x200000cf                veh_max_dis_i
 .bss.veh_min_dis_v
                0x200000d0        0x2 ./Core/Src/main.o
                0x200000d0                veh_min_dis_v
 .bss.veh_min_soc
                0x200000d2        0x1 ./Core/Src/main.o
                0x200000d2                veh_min_soc
 .bss.veh_seq_num
                0x200000d3        0x1 ./Core/Src/main.o
                0x200000d3                veh_seq_num
 .bss.veh_dis_time
                0x200000d4        0x2 ./Core/Src/main.o
                0x200000d4                veh_dis_time
 .bss.veh_energy
                0x200000d6        0x2 ./Core/Src/main.o
                0x200000d6                veh_energy
 .bss.flag_msg_100
                0x200000d8        0x1 ./Core/Src/main.o
                0x200000d8                flag_msg_100
 .bss.flag_msg_101
                0x200000d9        0x1 ./Core/Src/main.o
                0x200000d9                flag_msg_101
 .bss.flag_msg_102
                0x200000da        0x1 ./Core/Src/main.o
                0x200000da                flag_msg_102
 .bss.flag_msg_200
                0x200000db        0x1 ./Core/Src/main.o
                0x200000db                flag_msg_200
 .bss.flag_msg_201
                0x200000dc        0x1 ./Core/Src/main.o
                0x200000dc                flag_msg_201
 *fill*         0x200000dd        0x3 
 .bss.rxData_100
                0x200000e0        0x8 ./Core/Src/main.o
                0x200000e0                rxData_100
 .bss.rxData_101
                0x200000e8        0x8 ./Core/Src/main.o
                0x200000e8                rxData_101
 .bss.rxData_102
                0x200000f0        0x8 ./Core/Src/main.o
                0x200000f0                rxData_102
 .bss.rxData_200
                0x200000f8        0x8 ./Core/Src/main.o
                0x200000f8                rxData_200
 .bss.rxData_201
                0x20000100        0x8 ./Core/Src/main.o
                0x20000100                rxData_201
 .bss.txbuf     0x20000108      0x100 ./Core/Src/main.o
                0x20000108                txbuf
 .bss.rx_byte   0x20000208        0x1 ./Core/Src/main.o
 *fill*         0x20000209        0x3 
 .bss.rx_buf    0x2000020c       0x80 ./Core/Src/main.o
 .bss.rx_idx    0x2000028c        0x2 ./Core/Src/main.o
 *fill*         0x2000028e        0x2 
 .bss.rx_line   0x20000290       0x80 ./Core/Src/main.o
 .bss.rx_line_ready
                0x20000310        0x1 ./Core/Src/main.o
 *fill*         0x20000311        0x3 
 .bss.__sbrk_heap_end
                0x20000314        0x4 ./Core/Src/sysmem.o
 .bss.huart2    0x20000318       0x88 ./Core/Src/usart.o
                0x20000318                huart2
 .bss.uwTick    0x200003a0        0x4 ./Drivers/STM32L4xx_HAL_Driver/Src/stm32l4xx_hal.o
                0x200003a0                uwTick
 .bss.__sf      0x200003a4      0x138 /Applications/STM32CubeIDE.app/Contents/Eclipse/plugins/com.st.stm32cube.ide.mcu.externaltools.gnu-tools-for-stm32.13.3.rel1.macos64_1.0.0.202411102158/tools/bin/../lib/gcc/arm-none-eabi/13.3.1/../../../../arm-none-eabi/lib/thumb/v7e-m+fp/hard/libc_nano.a(libc_a-findfp.o)
                0x200003a4                __sf
 .bss.__lock___malloc_recursive_mutex
                0x200004dc        0x1 /Applications/STM32CubeIDE.app/Contents/Eclipse/plugins/com.st.stm32cube.ide.mcu.externaltools.gnu-tools-for-stm32.13.3.rel1.macos64_1.0.0.202411102158/tools/bin/../lib/gcc/arm-none-eabi/13.3.1/../../../../arm-none-eabi/lib/thumb/v7e-m+fp/hard/libc_nano.a(libc_a-lock.o)
                0x200004dc                __lock___malloc_recursive_mutex
 *fill*         0x200004dd        0x3 
 .bss.__malloc_sbrk_start
                0x200004e0        0x4 /Applications/STM32CubeIDE.app/Contents/Eclipse/plugins/com.st.stm32cube.ide.mcu.externaltools.gnu-tools-for-stm32.13.3.rel1.macos64_1.0.0.202411102158/tools/bin/../lib/gcc/arm-none-eabi/13.3.1/../../../../arm-none-eabi/lib/thumb/v7e-m+fp/hard/libc_nano.a(libc_a-mallocr.o)
                0x200004e0                __malloc_sbrk_start
 .bss.__malloc_free_list
                0x200004e4        0x4 /Applications/STM32CubeIDE.app/Contents/Eclipse/plugins/com.st.stm32cube.ide.mcu.externaltools.gnu-tools-for-stm32.13.3.rel1.macos64_1.0.0.202411102158/tools/bin/../lib/gcc/arm-none-eabi/13.3.1/../../../../arm-none-eabi/lib/thumb/v7e-m+fp/hard/libc_nano.a(libc_a-mallocr.o)
                0x200004e4                __malloc_free_list
 .bss.errno     0x200004e8        0x4 /Applications/STM32CubeIDE.app/Contents/Eclipse/plugins/com.st.stm32cube.ide.mcu.externaltools.gnu-tools-for-stm32.13.3.rel1.macos64_1.0.0.202411102158/tools/bin/../lib/gcc/arm-none-eabi/13.3.1/../../../../arm-none-eabi/lib/thumb/v7e-m+fp/hard/libc_nano.a(libc_a-reent.o)
                0x200004e8                errno
 *(COMMON)
                0x200004ec                        . = ALIGN (0x4)
                0x200004ec                        _ebss = .
                0x200004ec                        __bss_end__ = _ebss

._user_heap_stack
                0x200004ec      0x604 load address 0x08006a1c
                0x200004f0                        . = ALIGN (0x8)
 *fill*         0x200004ec        0x4 
                [!provide]                        PROVIDE (end = .)
                0x200004f0                        PROVIDE (_end = .)
                0x200006f0                        . = (. + _Min_Heap_Size)
 *fill*         0x200004f0      0x200 
                0x20000af0                        . = (. + _Min_Stack_Size)
 *fill*         0x200006f0      0x400 
                0x20000af0                        . = ALIGN (0x8)

/DISCARD/
 libc.a(*)
 libm.a(*)
 libgcc.a(*)

.ARM.attributes
                0x00000000       0x30
 *(.ARM.attributes)
 .ARM.attributes
                0x00000000       0x22 /Applications/STM32CubeIDE.app/Contents/Eclipse/plugins/com.st.stm32cube.ide.mcu.externaltools.gnu-tools-for-stm32.13.3.rel1.macos64_1.0.0.202411102158/tools/bin/../lib/gcc/arm-none-eabi/13.3.1/thumb/v7e-m+fp/hard/crti.o
 .ARM.attributes
                0x00000022       0x34 /Applications/STM32CubeIDE.app/Contents/Eclipse/plugins/com.st.stm32cube.ide.mcu.externaltools.gnu-tools-for-stm32.13.3.rel1.macos64_1.0.0.202411102158/tools/bin/../lib/gcc/arm-none-eabi/13.3.1/thumb/v7e-m+fp/hard/crtbegin.o
 .ARM.attributes
                0x00000056       0x34 ./Core/Src/can.o
 .ARM.attributes
                0x0000008a       0x34 ./Core/Src/gpio.o
 .ARM.attributes
                0x000000be       0x34 ./Core/Src/main.o
 .ARM.attributes
                0x000000f2       0x34 ./Core/Src/stm32l4xx_hal_msp.o
 .ARM.attributes
                0x00000126       0x34 ./Core/Src/stm32l4xx_it.o
 .ARM.attributes
                0x0000015a       0x34 ./Core/Src/sysmem.o
 .ARM.attributes
                0x0000018e       0x34 ./Core/Src/system_stm32l4xx.o
 .ARM.attributes
                0x000001c2       0x34 ./Core/Src/usart.o
 .ARM.attributes
                0x000001f6       0x21 ./Core/Startup/startup_stm32l476rgtx.o
 .ARM.attributes
                0x00000217       0x34 ./Drivers/STM32L4xx_HAL_Driver/Src/stm32l4xx_hal.o
 .ARM.attributes
                0x0000024b       0x34 ./Drivers/STM32L4xx_HAL_Driver/Src/stm32l4xx_hal_can.o
 .ARM.attributes
                0x0000027f       0x34 ./Drivers/STM32L4xx_HAL_Driver/Src/stm32l4xx_hal_cortex.o
 .ARM.attributes
                0x000002b3       0x34 ./Drivers/STM32L4xx_HAL_Driver/Src/stm32l4xx_hal_dma.o
 .ARM.attributes
                0x000002e7       0x34 ./Drivers/STM32L4xx_HAL_Driver/Src/stm32l4xx_hal_gpio.o
 .ARM.attributes
                0x0000031b       0x34 ./Drivers/STM32L4xx_HAL_Driver/Src/stm32l4xx_hal_pwr_ex.o
 .ARM.attributes
                0x0000034f       0x34 ./Drivers/STM32L4xx_HAL_Driver/Src/stm32l4xx_hal_rcc.o
 .ARM.attributes
                0x00000383       0x34 ./Drivers/STM32L4xx_HAL_Driver/Src/stm32l4xx_hal_rcc_ex.o
 .ARM.attributes
                0x000003b7       0x34 ./Drivers/STM32L4xx_HAL_Driver/Src/stm32l4xx_hal_uart.o
 .ARM.attributes
                0x000003eb       0x34 ./Drivers/STM32L4xx_HAL_Driver/Src/stm32l4xx_hal_uart_ex.o
 .ARM.attributes
                0x0000041f       0x34 /Applications/STM32CubeIDE.app/Contents/Eclipse/plugins/com.st.stm32cube.ide.mcu.externaltools.gnu-tools-for-stm32.13.3.rel1.macos64_1.0.0.202411102158/tools/bin/../lib/gcc/arm-none-eabi/13.3.1/../../../../arm-none-eabi/lib/thumb/v7e-m+fp/hard/libc_nano.a(libc_a-atoi.o)
 .ARM.attributes
                0x00000453       0x34 /Applications/STM32CubeIDE.app/Contents/Eclipse/plugins/com.st.stm32cube.ide.mcu.externaltools.gnu-tools-for-stm32.13.3.rel1.macos64_1.0.0.202411102158/tools/bin/../lib/gcc/arm-none-eabi/13.3.1/../../../../arm-none-eabi/lib/thumb/v7e-m+fp/hard/libc_nano.a(libc_a-sprintf.o)
 .ARM.attributes
                0x00000487       0x34 /Applications/STM32CubeIDE.app/Contents/Eclipse/plugins/com.st.stm32cube.ide.mcu.externaltools.gnu-tools-for-stm32.13.3.rel1.macos64_1.0.0.202411102158/tools/bin/../lib/gcc/arm-none-eabi/13.3.1/../../../../arm-none-eabi/lib/thumb/v7e-m+fp/hard/libc_nano.a(libc_a-findfp.o)
 .ARM.attributes
                0x000004bb       0x34 /Applications/STM32CubeIDE.app/Contents/Eclipse/plugins/com.st.stm32cube.ide.mcu.externaltools.gnu-tools-for-stm32.13.3.rel1.macos64_1.0.0.202411102158/tools/bin/../lib/gcc/arm-none-eabi/13.3.1/../../../../arm-none-eabi/lib/thumb/v7e-m+fp/hard/libc_nano.a(libc_a-strtol.o)
 .ARM.attributes
                0x000004ef       0x34 /Applications/STM32CubeIDE.app/Contents/Eclipse/plugins/com.st.stm32cube.ide.mcu.externaltools.gnu-tools-for-stm32.13.3.rel1.macos64_1.0.0.202411102158/tools/bin/../lib/gcc/arm-none-eabi/13.3.1/../../../../arm-none-eabi/lib/thumb/v7e-m+fp/hard/libc_nano.a(libc_a-memset.o)
 .ARM.attributes
                0x00000523       0x34 /Applications/STM32CubeIDE.app/Contents/Eclipse/plugins/com.st.stm32cube.ide.mcu.externaltools.gnu-tools-for-stm32.13.3.rel1.macos64_1.0.0.202411102158/tools/bin/../lib/gcc/arm-none-eabi/13.3.1/../../../../arm-none-eabi/lib/thumb/v7e-m+fp/hard/libc_nano.a(libc_a-strchr.o)
 .ARM.attributes
                0x00000557       0x34 /Applications/STM32CubeIDE.app/Contents/Eclipse/plugins/com.st.stm32cube.ide.mcu.externaltools.gnu-tools-for-stm32.13.3.rel1.macos64_1.0.0.202411102158/tools/bin/../lib/gcc/arm-none-eabi/13.3.1/../../../../arm-none-eabi/lib/thumb/v7e-m+fp/hard/libc_nano.a(libc_a-strncmp.o)
 .ARM.attributes
                0x0000058b       0x34 /Applications/STM32CubeIDE.app/Contents/Eclipse/plugins/com.st.stm32cube.ide.mcu.externaltools.gnu-tools-for-stm32.13.3.rel1.macos64_1.0.0.202411102158/tools/bin/../lib/gcc/arm-none-eabi/13.3.1/../../../../arm-none-eabi/lib/thumb/v7e-m+fp/hard/libc_nano.a(libc_a-strncpy.o)
 .ARM.attributes
                0x000005bf       0x34 /Applications/STM32CubeIDE.app/Contents/Eclipse/plugins/com.st.stm32cube.ide.mcu.externaltools.gnu-tools-for-stm32.13.3.rel1.macos64_1.0.0.202411102158/tools/bin/../lib/gcc/arm-none-eabi/13.3.1/../../../../arm-none-eabi/lib/thumb/v7e-m+fp/hard/libc_nano.a(libc_a-errno.o)
 .ARM.attributes
                0x000005f3       0x34 /Applications/STM32CubeIDE.app/Contents/Eclipse/plugins/com.st.stm32cube.ide.mcu.externaltools.gnu-tools-for-stm32.13.3.rel1.macos64_1.0.0.202411102158/tools/bin/../lib/gcc/arm-none-eabi/13.3.1/../../../../arm-none-eabi/lib/thumb/v7e-m+fp/hard/libc_nano.a(libc_a-init.o)
 .ARM.attributes
                0x00000627       0x34 /Applications/STM32CubeIDE.app/Contents/Eclipse/plugins/com.st.stm32cube.ide.mcu.externaltools.gnu-tools-for-stm32.13.3.rel1.macos64_1.0.0.202411102158/tools/bin/../lib/gcc/arm-none-eabi/13.3.1/../../../../arm-none-eabi/lib/thumb/v7e-m+fp/hard/libc_nano.a(libc_a-lock.o)
 .ARM.attributes
                0x0000065b       0x34 /Applications/STM32CubeIDE.app/Contents/Eclipse/plugins/com.st.stm32cube.ide.mcu.externaltools.gnu-tools-for-stm32.13.3.rel1.macos64_1.0.0.202411102158/tools/bin/../lib/gcc/arm-none-eabi/13.3.1/../../../../arm-none-eabi/lib/thumb/v7e-m+fp/hard/libc_nano.a(libc_a-impure.o)
 .ARM.attributes
                0x0000068f       0x17 /Applications/STM32CubeIDE.app/Contents/Eclipse/plugins/com.st.stm32cube.ide.mcu.externaltools.gnu-tools-for-stm32.13.3.rel1.macos64_1.0.0.202411102158/tools/bin/../lib/gcc/arm-none-eabi/13.3.1/../../../../arm-none-eabi/lib/thumb/v7e-m+fp/hard/libc_nano.a(libc_a-strlen.o)
 .ARM.attributes
                0x000006a6       0x34 /Applications/STM32CubeIDE.app/Contents/Eclipse/plugins/com.st.stm32cube.ide.mcu.externaltools.gnu-tools-for-stm32.13.3.rel1.macos64_1.0.0.202411102158/tools/bin/../lib/gcc/arm-none-eabi/13.3.1/../../../../arm-none-eabi/lib/thumb/v7e-m+fp/hard/libc_nano.a(libc_a-ctype_.o)
 .ARM.attributes
                0x000006da       0x34 /Applications/STM32CubeIDE.app/Contents/Eclipse/plugins/com.st.stm32cube.ide.mcu.externaltools.gnu-tools-for-stm32.13.3.rel1.macos64_1.0.0.202411102158/tools/bin/../lib/gcc/arm-none-eabi/13.3.1/../../../../arm-none-eabi/lib/thumb/v7e-m+fp/hard/libc_nano.a(libc_a-nano-svfprintf.o)
 .ARM.attributes
                0x0000070e       0x34 /Applications/STM32CubeIDE.app/Contents/Eclipse/plugins/com.st.stm32cube.ide.mcu.externaltools.gnu-tools-for-stm32.13.3.rel1.macos64_1.0.0.202411102158/tools/bin/../lib/gcc/arm-none-eabi/13.3.1/../../../../arm-none-eabi/lib/thumb/v7e-m+fp/hard/libc_nano.a(libc_a-mallocr.o)
 .ARM.attributes
                0x00000742       0x34 /Applications/STM32CubeIDE.app/Contents/Eclipse/plugins/com.st.stm32cube.ide.mcu.externaltools.gnu-tools-for-stm32.13.3.rel1.macos64_1.0.0.202411102158/tools/bin/../lib/gcc/arm-none-eabi/13.3.1/../../../../arm-none-eabi/lib/thumb/v7e-m+fp/hard/libc_nano.a(libc_a-nano-vfprintf_i.o)
 .ARM.attributes
                0x00000776       0x34 /Applications/STM32CubeIDE.app/Contents/Eclipse/plugins/com.st.stm32cube.ide.mcu.externaltools.gnu-tools-for-stm32.13.3.rel1.macos64_1.0.0.202411102158/tools/bin/../lib/gcc/arm-none-eabi/13.3.1/../../../../arm-none-eabi/lib/thumb/v7e-m+fp/hard/libc_nano.a(libc_a-mlock.o)
 .ARM.attributes
                0x000007aa       0x34 /Applications/STM32CubeIDE.app/Contents/Eclipse/plugins/com.st.stm32cube.ide.mcu.externaltools.gnu-tools-for-stm32.13.3.rel1.macos64_1.0.0.202411102158/tools/bin/../lib/gcc/arm-none-eabi/13.3.1/../../../../arm-none-eabi/lib/thumb/v7e-m+fp/hard/libc_nano.a(libc_a-reallocr.o)
 .ARM.attributes
                0x000007de       0x34 /Applications/STM32CubeIDE.app/Contents/Eclipse/plugins/com.st.stm32cube.ide.mcu.externaltools.gnu-tools-for-stm32.13.3.rel1.macos64_1.0.0.202411102158/tools/bin/../lib/gcc/arm-none-eabi/13.3.1/../../../../arm-none-eabi/lib/thumb/v7e-m+fp/hard/libc_nano.a(libc_a-memmove.o)
 .ARM.attributes
                0x00000812       0x34 /Applications/STM32CubeIDE.app/Contents/Eclipse/plugins/com.st.stm32cube.ide.mcu.externaltools.gnu-tools-for-stm32.13.3.rel1.macos64_1.0.0.202411102158/tools/bin/../lib/gcc/arm-none-eabi/13.3.1/../../../../arm-none-eabi/lib/thumb/v7e-m+fp/hard/libc_nano.a(libc_a-sbrkr.o)
 .ARM.attributes
                0x00000846       0x34 /Applications/STM32CubeIDE.app/Contents/Eclipse/plugins/com.st.stm32cube.ide.mcu.externaltools.gnu-tools-for-stm32.13.3.rel1.macos64_1.0.0.202411102158/tools/bin/../lib/gcc/arm-none-eabi/13.3.1/../../../../arm-none-eabi/lib/thumb/v7e-m+fp/hard/libc_nano.a(libc_a-reent.o)
 .ARM.attributes
                0x0000087a       0x1c /Applications/STM32CubeIDE.app/Contents/Eclipse/plugins/com.st.stm32cube.ide.mcu.externaltools.gnu-tools-for-stm32.13.3.rel1.macos64_1.0.0.202411102158/tools/bin/../lib/gcc/arm-none-eabi/13.3.1/../../../../arm-none-eabi/lib/thumb/v7e-m+fp/hard/libc_nano.a(libc_a-memchr.o)
 .ARM.attributes
                0x00000896       0x34 /Applications/STM32CubeIDE.app/Contents/Eclipse/plugins/com.st.stm32cube.ide.mcu.externaltools.gnu-tools-for-stm32.13.3.rel1.macos64_1.0.0.202411102158/tools/bin/../lib/gcc/arm-none-eabi/13.3.1/../../../../arm-none-eabi/lib/thumb/v7e-m+fp/hard/libc_nano.a(libc_a-memcpy-stub.o)
 .ARM.attributes
                0x000008ca       0x34 /Applications/STM32CubeIDE.app/Contents/Eclipse/plugins/com.st.stm32cube.ide.mcu.externaltools.gnu-tools-for-stm32.13.3.rel1.macos64_1.0.0.202411102158/tools/bin/../lib/gcc/arm-none-eabi/13.3.1/../../../../arm-none-eabi/lib/thumb/v7e-m+fp/hard/libc_nano.a(libc_a-freer.o)
 .ARM.attributes
                0x000008fe       0x34 /Applications/STM32CubeIDE.app/Contents/Eclipse/plugins/com.st.stm32cube.ide.mcu.externaltools.gnu-tools-for-stm32.13.3.rel1.macos64_1.0.0.202411102158/tools/bin/../lib/gcc/arm-none-eabi/13.3.1/../../../../arm-none-eabi/lib/thumb/v7e-m+fp/hard/libc_nano.a(libc_a-msizer.o)
 .ARM.attributes
                0x00000932       0x22 /Applications/STM32CubeIDE.app/Contents/Eclipse/plugins/com.st.stm32cube.ide.mcu.externaltools.gnu-tools-for-stm32.13.3.rel1.macos64_1.0.0.202411102158/tools/bin/../lib/gcc/arm-none-eabi/13.3.1/thumb/v7e-m+fp/hard/libgcc.a(_aeabi_uldivmod.o)
 .ARM.attributes
                0x00000954       0x34 /Applications/STM32CubeIDE.app/Contents/Eclipse/plugins/com.st.stm32cube.ide.mcu.externaltools.gnu-tools-for-stm32.13.3.rel1.macos64_1.0.0.202411102158/tools/bin/../lib/gcc/arm-none-eabi/13.3.1/thumb/v7e-m+fp/hard/libgcc.a(_udivmoddi4.o)
 .ARM.attributes
                0x00000988       0x22 /Applications/STM32CubeIDE.app/Contents/Eclipse/plugins/com.st.stm32cube.ide.mcu.externaltools.gnu-tools-for-stm32.13.3.rel1.macos64_1.0.0.202411102158/tools/bin/../lib/gcc/arm-none-eabi/13.3.1/thumb/v7e-m+fp/hard/libgcc.a(_dvmd_tls.o)
 .ARM.attributes
                0x000009aa       0x22 /Applications/STM32CubeIDE.app/Contents/Eclipse/plugins/com.st.stm32cube.ide.mcu.externaltools.gnu-tools-for-stm32.13.3.rel1.macos64_1.0.0.202411102158/tools/bin/../lib/gcc/arm-none-eabi/13.3.1/thumb/v7e-m+fp/hard/crtn.o
OUTPUT(V2G_station_1.elf elf32-littlearm)
LOAD linker stubs
LOAD /Applications/STM32CubeIDE.app/Contents/Eclipse/plugins/com.st.stm32cube.ide.mcu.externaltools.gnu-tools-for-stm32.13.3.rel1.macos64_1.0.0.202411102158/tools/bin/../lib/gcc/arm-none-eabi/13.3.1/../../../../arm-none-eabi/lib/thumb/v7e-m+fp/hard/libc.a
LOAD /Applications/STM32CubeIDE.app/Contents/Eclipse/plugins/com.st.stm32cube.ide.mcu.externaltools.gnu-tools-for-stm32.13.3.rel1.macos64_1.0.0.202411102158/tools/bin/../lib/gcc/arm-none-eabi/13.3.1/../../../../arm-none-eabi/lib/thumb/v7e-m+fp/hard/libm.a
LOAD /Applications/STM32CubeIDE.app/Contents/Eclipse/plugins/com.st.stm32cube.ide.mcu.externaltools.gnu-tools-for-stm32.13.3.rel1.macos64_1.0.0.202411102158/tools/bin/../lib/gcc/arm-none-eabi/13.3.1/thumb/v7e-m+fp/hard/libgcc.a

.debug_info     0x00000000     0xf2d8
 .debug_info    0x00000000      0xb6b ./Core/Src/can.o
 .debug_info    0x00000b6b      0x4bc ./Core/Src/gpio.o
 .debug_info    0x00001027     0x176f ./Core/Src/main.o
 .debug_info    0x00002796      0x301 ./Core/Src/stm32l4xx_hal_msp.o
 .debug_info    0x00002a97      0xb36 ./Core/Src/stm32l4xx_it.o
 .debug_info    0x000035cd      0x168 ./Core/Src/sysmem.o
 .debug_info    0x00003735      0x5e2 ./Core/Src/system_stm32l4xx.o
 .debug_info    0x00003d17      0xf8c ./Core/Src/usart.o
 .debug_info    0x00004ca3       0x30 ./Core/Startup/startup_stm32l476rgtx.o
 .debug_info    0x00004cd3      0xc4d ./Drivers/STM32L4xx_HAL_Driver/Src/stm32l4xx_hal.o
 .debug_info    0x00005920      0xf70 ./Drivers/STM32L4xx_HAL_Driver/Src/stm32l4xx_hal_can.o
 .debug_info    0x00006890      0xdad ./Drivers/STM32L4xx_HAL_Driver/Src/stm32l4xx_hal_cortex.o
 .debug_info    0x0000763d      0x71a ./Drivers/STM32L4xx_HAL_Driver/Src/stm32l4xx_hal_dma.o
 .debug_info    0x00007d57      0x79f ./Drivers/STM32L4xx_HAL_Driver/Src/stm32l4xx_hal_gpio.o
 .debug_info    0x000084f6      0x9ca ./Drivers/STM32L4xx_HAL_Driver/Src/stm32l4xx_hal_pwr_ex.o
 .debug_info    0x00008ec0      0xc45 ./Drivers/STM32L4xx_HAL_Driver/Src/stm32l4xx_hal_rcc.o
 .debug_info    0x00009b05      0xe58 ./Drivers/STM32L4xx_HAL_Driver/Src/stm32l4xx_hal_rcc_ex.o
 .debug_info    0x0000a95d     0x3b8e ./Drivers/STM32L4xx_HAL_Driver/Src/stm32l4xx_hal_uart.o
 .debug_info    0x0000e4eb      0xded ./Drivers/STM32L4xx_HAL_Driver/Src/stm32l4xx_hal_uart_ex.o

.debug_abbrev   0x00000000     0x26fc
 .debug_abbrev  0x00000000      0x20d ./Core/Src/can.o
 .debug_abbrev  0x0000020d      0x158 ./Core/Src/gpio.o
 .debug_abbrev  0x00000365      0x3ee ./Core/Src/main.o
 .debug_abbrev  0x00000753       0xdd ./Core/Src/stm32l4xx_hal_msp.o
 .debug_abbrev  0x00000830      0x1f6 ./Core/Src/stm32l4xx_it.o
 .debug_abbrev  0x00000a26       0xbc ./Core/Src/sysmem.o
 .debug_abbrev  0x00000ae2      0x117 ./Core/Src/system_stm32l4xx.o
 .debug_abbrev  0x00000bf9      0x1fa ./Core/Src/usart.o
 .debug_abbrev  0x00000df3       0x24 ./Core/Startup/startup_stm32l476rgtx.o
 .debug_abbrev  0x00000e17      0x243 ./Drivers/STM32L4xx_HAL_Driver/Src/stm32l4xx_hal.o
 .debug_abbrev  0x0000105a      0x27b ./Drivers/STM32L4xx_HAL_Driver/Src/stm32l4xx_hal_can.o
 .debug_abbrev  0x000012d5      0x31c ./Drivers/STM32L4xx_HAL_Driver/Src/stm32l4xx_hal_cortex.o
 .debug_abbrev  0x000015f1      0x1fd ./Drivers/STM32L4xx_HAL_Driver/Src/stm32l4xx_hal_dma.o
 .debug_abbrev  0x000017ee      0x1d1 ./Drivers/STM32L4xx_HAL_Driver/Src/stm32l4xx_hal_gpio.o
 .debug_abbrev  0x000019bf      0x1f9 ./Drivers/STM32L4xx_HAL_Driver/Src/stm32l4xx_hal_pwr_ex.o
 .debug_abbrev  0x00001bb8      0x2dc ./Drivers/STM32L4xx_HAL_Driver/Src/stm32l4xx_hal_rcc.o
 .debug_abbrev  0x00001e94      0x2a5 ./Drivers/STM32L4xx_HAL_Driver/Src/stm32l4xx_hal_rcc_ex.o
 .debug_abbrev  0x00002139      0x2f3 ./Drivers/STM32L4xx_HAL_Driver/Src/stm32l4xx_hal_uart.o
 .debug_abbrev  0x0000242c      0x2d0 ./Drivers/STM32L4xx_HAL_Driver/Src/stm32l4xx_hal_uart_ex.o

.debug_aranges  0x00000000      0xc18
 .debug_aranges
                0x00000000       0x30 ./Core/Src/can.o
 .debug_aranges
                0x00000030       0x20 ./Core/Src/gpio.o
 .debug_aranges
                0x00000050       0xc0 ./Core/Src/main.o
 .debug_aranges
                0x00000110       0x20 ./Core/Src/stm32l4xx_hal_msp.o
 .debug_aranges
                0x00000130       0x88 ./Core/Src/stm32l4xx_it.o
 .debug_aranges
                0x000001b8       0x20 ./Core/Src/sysmem.o
 .debug_aranges
                0x000001d8       0x28 ./Core/Src/system_stm32l4xx.o
 .debug_aranges
                0x00000200       0x30 ./Core/Src/usart.o
 .debug_aranges
                0x00000230       0x28 ./Core/Startup/startup_stm32l476rgtx.o
 .debug_aranges
                0x00000258      0x130 ./Drivers/STM32L4xx_HAL_Driver/Src/stm32l4xx_hal.o
 .debug_aranges
                0x00000388      0x138 ./Drivers/STM32L4xx_HAL_Driver/Src/stm32l4xx_hal_can.o
 .debug_aranges
                0x000004c0      0x128 ./Drivers/STM32L4xx_HAL_Driver/Src/stm32l4xx_hal_cortex.o
 .debug_aranges
                0x000005e8       0x80 ./Drivers/STM32L4xx_HAL_Driver/Src/stm32l4xx_hal_dma.o
 .debug_aranges
                0x00000668       0x58 ./Drivers/STM32L4xx_HAL_Driver/Src/stm32l4xx_hal_gpio.o
 .debug_aranges
                0x000006c0      0x160 ./Drivers/STM32L4xx_HAL_Driver/Src/stm32l4xx_hal_pwr_ex.o
 .debug_aranges
                0x00000820       0x90 ./Drivers/STM32L4xx_HAL_Driver/Src/stm32l4xx_hal_rcc.o
 .debug_aranges
                0x000008b0       0xc0 ./Drivers/STM32L4xx_HAL_Driver/Src/stm32l4xx_hal_rcc_ex.o
 .debug_aranges
                0x00000970      0x228 ./Drivers/STM32L4xx_HAL_Driver/Src/stm32l4xx_hal_uart.o
 .debug_aranges
                0x00000b98       0x80 ./Drivers/STM32L4xx_HAL_Driver/Src/stm32l4xx_hal_uart_ex.o

.debug_rnglists
                0x00000000      0x933
 .debug_rnglists
                0x00000000       0x20 ./Core/Src/can.o
 .debug_rnglists
                0x00000020       0x14 ./Core/Src/gpio.o
 .debug_rnglists
                0x00000034       0x95 ./Core/Src/main.o
 .debug_rnglists
                0x000000c9       0x13 ./Core/Src/stm32l4xx_hal_msp.o
 .debug_rnglists
                0x000000dc       0x61 ./Core/Src/stm32l4xx_it.o
 .debug_rnglists
                0x0000013d       0x13 ./Core/Src/sysmem.o
 .debug_rnglists
                0x00000150       0x1a ./Core/Src/system_stm32l4xx.o
 .debug_rnglists
                0x0000016a       0x20 ./Core/Src/usart.o
 .debug_rnglists
                0x0000018a       0x19 ./Core/Startup/startup_stm32l476rgtx.o
 .debug_rnglists
                0x000001a3       0xdf ./Drivers/STM32L4xx_HAL_Driver/Src/stm32l4xx_hal.o
 .debug_rnglists
                0x00000282       0xee ./Drivers/STM32L4xx_HAL_Driver/Src/stm32l4xx_hal_can.o
 .debug_rnglists
                0x00000370       0xda ./Drivers/STM32L4xx_HAL_Driver/Src/stm32l4xx_hal_cortex.o
 .debug_rnglists
                0x0000044a       0x65 ./Drivers/STM32L4xx_HAL_Driver/Src/stm32l4xx_hal_dma.o
 .debug_rnglists
                0x000004af       0x3f ./Drivers/STM32L4xx_HAL_Driver/Src/stm32l4xx_hal_gpio.o
 .debug_rnglists
                0x000004ee      0x109 ./Drivers/STM32L4xx_HAL_Driver/Src/stm32l4xx_hal_pwr_ex.o
 .debug_rnglists
                0x000005f7       0x6d ./Drivers/STM32L4xx_HAL_Driver/Src/stm32l4xx_hal_rcc.o
 .debug_rnglists
                0x00000664       0x95 ./Drivers/STM32L4xx_HAL_Driver/Src/stm32l4xx_hal_rcc_ex.o
 .debug_rnglists
                0x000006f9      0x1da ./Drivers/STM32L4xx_HAL_Driver/Src/stm32l4xx_hal_uart.o
 .debug_rnglists
                0x000008d3       0x60 ./Drivers/STM32L4xx_HAL_Driver/Src/stm32l4xx_hal_uart_ex.o

.debug_macro    0x00000000    0x26e2a
 .debug_macro   0x00000000      0x1de ./Core/Src/can.o
 .debug_macro   0x000001de      0xad8 ./Core/Src/can.o
 .debug_macro   0x00000cb6      0x1a7 ./Core/Src/can.o
 .debug_macro   0x00000e5d       0x2e ./Core/Src/can.o
 .debug_macro   0x00000e8b       0x28 ./Core/Src/can.o
 .debug_macro   0x00000eb3       0x22 ./Core/Src/can.o
 .debug_macro   0x00000ed5       0x8e ./Core/Src/can.o
 .debug_macro   0x00000f63       0x51 ./Core/Src/can.o
 .debug_macro   0x00000fb4      0x103 ./Core/Src/can.o
 .debug_macro   0x000010b7       0x6a ./Core/Src/can.o
 .debug_macro   0x00001121      0x1df ./Core/Src/can.o
 .debug_macro   0x00001300       0x1c ./Core/Src/can.o
 .debug_macro   0x0000131c       0x22 ./Core/Src/can.o
 .debug_macro   0x0000133e       0xfb ./Core/Src/can.o
 .debug_macro   0x00001439     0x1011 ./Core/Src/can.o
 .debug_macro   0x0000244a      0x11f ./Core/Src/can.o
 .debug_macro   0x00002569    0x1a192 ./Core/Src/can.o
 .debug_macro   0x0001c6fb       0x6d ./Core/Src/can.o
 .debug_macro   0x0001c768     0x38fb ./Core/Src/can.o
 .debug_macro   0x00020063      0x190 ./Core/Src/can.o
 .debug_macro   0x000201f3       0x5c ./Core/Src/can.o
 .debug_macro   0x0002024f     0x159e ./Core/Src/can.o
 .debug_macro   0x000217ed      0x5a5 ./Core/Src/can.o
 .debug_macro   0x00021d92      0x1b9 ./Core/Src/can.o
 .debug_macro   0x00021f4b      0x18b ./Core/Src/can.o
 .debug_macro   0x000220d6      0x2c4 ./Core/Src/can.o
 .debug_macro   0x0002239a      0x27a ./Core/Src/can.o
 .debug_macro   0x00022614      0x23d ./Core/Src/can.o
 .debug_macro   0x00022851      0x408 ./Core/Src/can.o
 .debug_macro   0x00022c59      0x241 ./Core/Src/can.o
 .debug_macro   0x00022e9a      0x37c ./Core/Src/can.o
 .debug_macro   0x00023216       0xd6 ./Core/Src/can.o
 .debug_macro   0x000232ec      0x122 ./Core/Src/can.o
 .debug_macro   0x0002340e      0x3ef ./Core/Src/can.o
 .debug_macro   0x000237fd      0x5cf ./Core/Src/can.o
 .debug_macro   0x00023dcc       0x44 ./Core/Src/can.o
 .debug_macro   0x00023e10      0x330 ./Core/Src/can.o
 .debug_macro   0x00024140       0x58 ./Core/Src/can.o
 .debug_macro   0x00024198      0x1de ./Core/Src/gpio.o
 .debug_macro   0x00024376      0x332 ./Core/Src/main.o
 .debug_macro   0x000246a8       0x61 ./Core/Src/main.o
 .debug_macro   0x00024709       0x2a ./Core/Src/main.o
 .debug_macro   0x00024733       0x43 ./Core/Src/main.o
 .debug_macro   0x00024776       0x34 ./Core/Src/main.o
 .debug_macro   0x000247aa      0x370 ./Core/Src/main.o
 .debug_macro   0x00024b1a       0x16 ./Core/Src/main.o
 .debug_macro   0x00024b30       0x4a ./Core/Src/main.o
 .debug_macro   0x00024b7a       0x34 ./Core/Src/main.o
 .debug_macro   0x00024bae       0x10 ./Core/Src/main.o
 .debug_macro   0x00024bbe       0x58 ./Core/Src/main.o
 .debug_macro   0x00024c16       0x8e ./Core/Src/main.o
 .debug_macro   0x00024ca4       0x1c ./Core/Src/main.o
 .debug_macro   0x00024cc0      0x185 ./Core/Src/main.o
 .debug_macro   0x00024e45       0x10 ./Core/Src/main.o
 .debug_macro   0x00024e55       0x3c ./Core/Src/main.o
 .debug_macro   0x00024e91       0x20 ./Core/Src/main.o
 .debug_macro   0x00024eb1       0x1c ./Core/Src/main.o
 .debug_macro   0x00024ecd       0x10 ./Core/Src/main.o
 .debug_macro   0x00024edd       0x1c ./Core/Src/main.o
 .debug_macro   0x00024ef9       0x16 ./Core/Src/main.o
 .debug_macro   0x00024f0f      0x146 ./Core/Src/main.o
 .debug_macro   0x00025055       0x16 ./Core/Src/main.o
 .debug_macro   0x0002506b       0x16 ./Core/Src/main.o
 .debug_macro   0x00025081       0x29 ./Core/Src/main.o
 .debug_macro   0x000250aa      0x1d4 ./Core/Src/stm32l4xx_hal_msp.o
 .debug_macro   0x0002527e      0x1de ./Core/Src/stm32l4xx_it.o
 .debug_macro   0x0002545c      0x112 ./Core/Src/sysmem.o
 .debug_macro   0x0002556e      0x23c ./Core/Src/sysmem.o
 .debug_macro   0x000257aa      0x1c5 ./Core/Src/system_stm32l4xx.o
 .debug_macro   0x0002596f      0x1de ./Core/Src/usart.o
 .debug_macro   0x00025b4d      0x213 ./Drivers/STM32L4xx_HAL_Driver/Src/stm32l4xx_hal.o
 .debug_macro   0x00025d60      0x1d4 ./Drivers/STM32L4xx_HAL_Driver/Src/stm32l4xx_hal_can.o
 .debug_macro   0x00025f34      0x1c5 ./Drivers/STM32L4xx_HAL_Driver/Src/stm32l4xx_hal_cortex.o
 .debug_macro   0x000260f9      0x1c5 ./Drivers/STM32L4xx_HAL_Driver/Src/stm32l4xx_hal_dma.o
 .debug_macro   0x000262be      0x1cc ./Drivers/STM32L4xx_HAL_Driver/Src/stm32l4xx_hal_gpio.o
 .debug_macro   0x0002648a      0x1e9 ./Drivers/STM32L4xx_HAL_Driver/Src/stm32l4xx_hal_pwr_ex.o
 .debug_macro   0x00026673      0x207 ./Drivers/STM32L4xx_HAL_Driver/Src/stm32l4xx_hal_rcc.o
 .debug_macro   0x0002687a      0x1fb ./Drivers/STM32L4xx_HAL_Driver/Src/stm32l4xx_hal_rcc_ex.o
 .debug_macro   0x00026a75      0x1f0 ./Drivers/STM32L4xx_HAL_Driver/Src/stm32l4xx_hal_uart.o
 .debug_macro   0x00026c65      0x1c5 ./Drivers/STM32L4xx_HAL_Driver/Src/stm32l4xx_hal_uart_ex.o

.debug_line     0x00000000     0xeca9
 .debug_line    0x00000000      0x756 ./Core/Src/can.o
 .debug_line    0x00000756      0x6f2 ./Core/Src/gpio.o
 .debug_line    0x00000e48      0xff8 ./Core/Src/main.o
 .debug_line    0x00001e40      0x6d8 ./Core/Src/stm32l4xx_hal_msp.o
 .debug_line    0x00002518      0x7ff ./Core/Src/stm32l4xx_it.o
 .debug_line    0x00002d17      0x521 ./Core/Src/sysmem.o
 .debug_line    0x00003238      0x776 ./Core/Src/system_stm32l4xx.o
 .debug_line    0x000039ae      0x765 ./Core/Src/usart.o
 .debug_line    0x00004113       0x7a ./Core/Startup/startup_stm32l476rgtx.o
 .debug_line    0x0000418d      0xadf ./Drivers/STM32L4xx_HAL_Driver/Src/stm32l4xx_hal.o
 .debug_line    0x00004c6c     0x1185 ./Drivers/STM32L4xx_HAL_Driver/Src/stm32l4xx_hal_can.o
 .debug_line    0x00005df1      0xc79 ./Drivers/STM32L4xx_HAL_Driver/Src/stm32l4xx_hal_cortex.o
 .debug_line    0x00006a6a      0xc93 ./Drivers/STM32L4xx_HAL_Driver/Src/stm32l4xx_hal_dma.o
 .debug_line    0x000076fd      0xb32 ./Drivers/STM32L4xx_HAL_Driver/Src/stm32l4xx_hal_gpio.o
 .debug_line    0x0000822f      0xcc0 ./Drivers/STM32L4xx_HAL_Driver/Src/stm32l4xx_hal_pwr_ex.o
 .debug_line    0x00008eef     0x1033 ./Drivers/STM32L4xx_HAL_Driver/Src/stm32l4xx_hal_rcc.o
 .debug_line    0x00009f22     0x1501 ./Drivers/STM32L4xx_HAL_Driver/Src/stm32l4xx_hal_rcc_ex.o
 .debug_line    0x0000b423     0x2d11 ./Drivers/STM32L4xx_HAL_Driver/Src/stm32l4xx_hal_uart.o
 .debug_line    0x0000e134      0xb75 ./Drivers/STM32L4xx_HAL_Driver/Src/stm32l4xx_hal_uart_ex.o

.debug_str      0x00000000    0xec76f
 .debug_str     0x00000000    0xec76f ./Core/Src/can.o
                              0xe53c6 (size before relaxing)
 .debug_str     0x000ec76f    0xe4c03 ./Core/Src/gpio.o
 .debug_str     0x000ec76f    0xe923a ./Core/Src/main.o
 .debug_str     0x000ec76f    0xe4b33 ./Core/Src/stm32l4xx_hal_msp.o
 .debug_str     0x000ec76f    0xe5194 ./Core/Src/stm32l4xx_it.o
 .debug_str     0x000ec76f     0x7781 ./Core/Src/sysmem.o
 .debug_str     0x000ec76f    0xe4ac2 ./Core/Src/system_stm32l4xx.o
 .debug_str     0x000ec76f    0xe5842 ./Core/Src/usart.o
 .debug_str     0x000ec76f       0x83 ./Core/Startup/startup_stm32l476rgtx.o
 .debug_str     0x000ec76f    0xe56d6 ./Drivers/STM32L4xx_HAL_Driver/Src/stm32l4xx_hal.o
 .debug_str     0x000ec76f    0xe5158 ./Drivers/STM32L4xx_HAL_Driver/Src/stm32l4xx_hal_can.o
 .debug_str     0x000ec76f    0xe533b ./Drivers/STM32L4xx_HAL_Driver/Src/stm32l4xx_hal_cortex.o
 .debug_str     0x000ec76f    0xe4d3e ./Drivers/STM32L4xx_HAL_Driver/Src/stm32l4xx_hal_dma.o
 .debug_str     0x000ec76f    0xe4c4d ./Drivers/STM32L4xx_HAL_Driver/Src/stm32l4xx_hal_gpio.o
 .debug_str     0x000ec76f    0xe501d ./Drivers/STM32L4xx_HAL_Driver/Src/stm32l4xx_hal_pwr_ex.o
 .debug_str     0x000ec76f    0xe5108 ./Drivers/STM32L4xx_HAL_Driver/Src/stm32l4xx_hal_rcc.o
 .debug_str     0x000ec76f    0xe5293 ./Drivers/STM32L4xx_HAL_Driver/Src/stm32l4xx_hal_rcc_ex.o
 .debug_str     0x000ec76f    0xe581a ./Drivers/STM32L4xx_HAL_Driver/Src/stm32l4xx_hal_uart.o
 .debug_str     0x000ec76f    0xe501e ./Drivers/STM32L4xx_HAL_Driver/Src/stm32l4xx_hal_uart_ex.o

.comment        0x00000000       0x43
 .comment       0x00000000       0x43 ./Core/Src/can.o
                                 0x44 (size before relaxing)
 .comment       0x00000043       0x44 ./Core/Src/gpio.o
 .comment       0x00000043       0x44 ./Core/Src/main.o
 .comment       0x00000043       0x44 ./Core/Src/stm32l4xx_hal_msp.o
 .comment       0x00000043       0x44 ./Core/Src/stm32l4xx_it.o
 .comment       0x00000043       0x44 ./Core/Src/sysmem.o
 .comment       0x00000043       0x44 ./Core/Src/system_stm32l4xx.o
 .comment       0x00000043       0x44 ./Core/Src/usart.o
 .comment       0x00000043       0x44 ./Drivers/STM32L4xx_HAL_Driver/Src/stm32l4xx_hal.o
 .comment       0x00000043       0x44 ./Drivers/STM32L4xx_HAL_Driver/Src/stm32l4xx_hal_can.o
 .comment       0x00000043       0x44 ./Drivers/STM32L4xx_HAL_Driver/Src/stm32l4xx_hal_cortex.o
 .comment       0x00000043       0x44 ./Drivers/STM32L4xx_HAL_Driver/Src/stm32l4xx_hal_dma.o
 .comment       0x00000043       0x44 ./Drivers/STM32L4xx_HAL_Driver/Src/stm32l4xx_hal_gpio.o
 .comment       0x00000043       0x44 ./Drivers/STM32L4xx_HAL_Driver/Src/stm32l4xx_hal_pwr_ex.o
 .comment       0x00000043       0x44 ./Drivers/STM32L4xx_HAL_Driver/Src/stm32l4xx_hal_rcc.o
 .comment       0x00000043       0x44 ./Drivers/STM32L4xx_HAL_Driver/Src/stm32l4xx_hal_rcc_ex.o
 .comment       0x00000043       0x44 ./Drivers/STM32L4xx_HAL_Driver/Src/stm32l4xx_hal_uart.o
 .comment       0x00000043       0x44 ./Drivers/STM32L4xx_HAL_Driver/Src/stm32l4xx_hal_uart_ex.o

.debug_frame    0x00000000     0x365c
 .debug_frame   0x00000000       0x74 ./Core/Src/can.o
 .debug_frame   0x00000074       0x34 ./Core/Src/gpio.o
 .debug_frame   0x000000a8      0x2f4 ./Core/Src/main.o
 .debug_frame   0x0000039c       0x38 ./Core/Src/stm32l4xx_hal_msp.o
 .debug_frame   0x000003d4      0x190 ./Core/Src/stm32l4xx_it.o
 .debug_frame   0x00000564       0x34 ./Core/Src/sysmem.o
 .debug_frame   0x00000598       0x58 ./Core/Src/system_stm32l4xx.o
 .debug_frame   0x000005f0       0x78 ./Core/Src/usart.o
 .debug_frame   0x00000668      0x498 ./Drivers/STM32L4xx_HAL_Driver/Src/stm32l4xx_hal.o
 .debug_frame   0x00000b00      0x5a0 ./Drivers/STM32L4xx_HAL_Driver/Src/stm32l4xx_hal_can.o
 .debug_frame   0x000010a0      0x4e8 ./Drivers/STM32L4xx_HAL_Driver/Src/stm32l4xx_hal_cortex.o
 .debug_frame   0x00001588      0x204 ./Drivers/STM32L4xx_HAL_Driver/Src/stm32l4xx_hal_dma.o
 .debug_frame   0x0000178c      0x14c ./Drivers/STM32L4xx_HAL_Driver/Src/stm32l4xx_hal_gpio.o
 .debug_frame   0x000018d8      0x584 ./Drivers/STM32L4xx_HAL_Driver/Src/stm32l4xx_hal_pwr_ex.o
 .debug_frame   0x00001e5c      0x21c ./Drivers/STM32L4xx_HAL_Driver/Src/stm32l4xx_hal_rcc.o
 .debug_frame   0x00002078      0x2fc ./Drivers/STM32L4xx_HAL_Driver/Src/stm32l4xx_hal_rcc_ex.o
 .debug_frame   0x00002374      0x9f4 ./Drivers/STM32L4xx_HAL_Driver/Src/stm32l4xx_hal_uart.o
 .debug_frame   0x00002d68      0x204 ./Drivers/STM32L4xx_HAL_Driver/Src/stm32l4xx_hal_uart_ex.o
 .debug_frame   0x00002f6c       0x30 /Applications/STM32CubeIDE.app/Contents/Eclipse/plugins/com.st.stm32cube.ide.mcu.externaltools.gnu-tools-for-stm32.13.3.rel1.macos64_1.0.0.202411102158/tools/bin/../lib/gcc/arm-none-eabi/13.3.1/../../../../arm-none-eabi/lib/thumb/v7e-m+fp/hard/libc_nano.a(libc_a-atoi.o)
 .debug_frame   0x00002f9c       0x74 /Applications/STM32CubeIDE.app/Contents/Eclipse/plugins/com.st.stm32cube.ide.mcu.externaltools.gnu-tools-for-stm32.13.3.rel1.macos64_1.0.0.202411102158/tools/bin/../lib/gcc/arm-none-eabi/13.3.1/../../../../arm-none-eabi/lib/thumb/v7e-m+fp/hard/libc_nano.a(libc_a-sprintf.o)
 .debug_frame   0x00003010      0x144 /Applications/STM32CubeIDE.app/Contents/Eclipse/plugins/com.st.stm32cube.ide.mcu.externaltools.gnu-tools-for-stm32.13.3.rel1.macos64_1.0.0.202411102158/tools/bin/../lib/gcc/arm-none-eabi/13.3.1/../../../../arm-none-eabi/lib/thumb/v7e-m+fp/hard/libc_nano.a(libc_a-findfp.o)
 .debug_frame   0x00003154       0x64 /Applications/STM32CubeIDE.app/Contents/Eclipse/plugins/com.st.stm32cube.ide.mcu.externaltools.gnu-tools-for-stm32.13.3.rel1.macos64_1.0.0.202411102158/tools/bin/../lib/gcc/arm-none-eabi/13.3.1/../../../../arm-none-eabi/lib/thumb/v7e-m+fp/hard/libc_nano.a(libc_a-strtol.o)
 .debug_frame   0x000031b8       0x20 /Applications/STM32CubeIDE.app/Contents/Eclipse/plugins/com.st.stm32cube.ide.mcu.externaltools.gnu-tools-for-stm32.13.3.rel1.macos64_1.0.0.202411102158/tools/bin/../lib/gcc/arm-none-eabi/13.3.1/../../../../arm-none-eabi/lib/thumb/v7e-m+fp/hard/libc_nano.a(libc_a-memset.o)
 .debug_frame   0x000031d8       0x20 /Applications/STM32CubeIDE.app/Contents/Eclipse/plugins/com.st.stm32cube.ide.mcu.externaltools.gnu-tools-for-stm32.13.3.rel1.macos64_1.0.0.202411102158/tools/bin/../lib/gcc/arm-none-eabi/13.3.1/../../../../arm-none-eabi/lib/thumb/v7e-m+fp/hard/libc_nano.a(libc_a-strchr.o)
 .debug_frame   0x000031f8       0x28 /Applications/STM32CubeIDE.app/Contents/Eclipse/plugins/com.st.stm32cube.ide.mcu.externaltools.gnu-tools-for-stm32.13.3.rel1.macos64_1.0.0.202411102158/tools/bin/../lib/gcc/arm-none-eabi/13.3.1/../../../../arm-none-eabi/lib/thumb/v7e-m+fp/hard/libc_nano.a(libc_a-strncmp.o)
 .debug_frame   0x00003220       0x28 /Applications/STM32CubeIDE.app/Contents/Eclipse/plugins/com.st.stm32cube.ide.mcu.externaltools.gnu-tools-for-stm32.13.3.rel1.macos64_1.0.0.202411102158/tools/bin/../lib/gcc/arm-none-eabi/13.3.1/../../../../arm-none-eabi/lib/thumb/v7e-m+fp/hard/libc_nano.a(libc_a-strncpy.o)
 .debug_frame   0x00003248       0x20 /Applications/STM32CubeIDE.app/Contents/Eclipse/plugins/com.st.stm32cube.ide.mcu.externaltools.gnu-tools-for-stm32.13.3.rel1.macos64_1.0.0.202411102158/tools/bin/../lib/gcc/arm-none-eabi/13.3.1/../../../../arm-none-eabi/lib/thumb/v7e-m+fp/hard/libc_nano.a(libc_a-errno.o)